[pdp] device = cpu
================================================================
GNN-RNN v2 FIM — Partial Dependence Plot Analysis
Test year : 2024   n_grid=20   n_grid_2D=12
================================================================

[pdp] Loading species metadata …
[pdp] 12 target species

[pdp] Loading data …
Initially data (54319, 166)
After filtering (54319, 166)
get_X_Y
X shape (54319, 152)
Y shape (54319, 12)
Y (output) means tensor([[0.1486, 0.0122, 0.2527, 0.1742, 0.0258, 0.0593, 0.1586, 0.0231, 0.0559,
         0.0092, 0.0438, 0.1408]]) stds tensor([[0.4879, 0.1340, 0.6208, 0.6049, 0.1951, 0.2934, 0.5104, 0.1894, 0.3308,
         0.1275, 0.3185, 0.4457]])
Y count-scale means tensor([[0.5192, 0.0330, 0.9431, 0.9560, 0.0743, 0.1913, 0.5655, 0.0678, 0.2580,
         0.0304, 0.3091, 0.4116]]) stds tensor([[3.6066, 0.5663, 5.4464, 7.2647, 1.1048, 3.4634, 3.5706, 0.9239, 3.7718,
         0.6219, 6.5828, 2.5260]])
Filled 138353 missing (node, year) entries from neighbors or year averages
[2D] Station nodes: 596, adj nnz: 2980
[pdp] Stations: 596, years: 1998–2024

[pdp] Building graph …
[pdp] Graph: 596 nodes, 3576 edges
[pdp] Edge feat dim: 3

[pdp] Loading model …
[pdp] in_dim=164, out_dim=12
[pdp] Using checkpoint: /Users/liyingnceas/GitHub/GNN-RNN-main/gnn-lstm-v4/model/FIM_restoration_0412G_stations_monthly/2024/gat-rnn-v2-windowed_bs-128_lr-0.001_maxepoch-35_testyear-2024_win-3_nwin-10_seed-0/model-34
  GAT_RNN_V2: edge_feat_dim=3, n_heads=4, n_hidden=64
[pdp] Model loaded — 188,512 parameters

[pdp] Building windowed data for test year 2024 …
[pdp] 10 windows × 596 stations × 12 months × 164 features
[pdp] RESTORATION_ONLY=1 → skipping env/forage 1-D PDPs

[pdp] Loading station metadata for bay mapping …
[pdp] Bays: ['AP', 'CH', 'CK', 'TB']

[pdp] 1-D PDP (restoration, by bay): n_projects (idx=8) …
    grid 5/20
    grid 10/20
    grid 15/20
    grid 20/20

[pdp] 1-D PDP (restoration, by bay): Acres_Restored (idx=9) …
    grid 5/20
    grid 10/20
    grid 15/20
    grid 20/20

[pdp] 1-D PDP (restoration, by bay): targeted_habitat_num (idx=10) …
    grid 5/20
    grid 10/20
    grid 15/20
    grid 20/20

[pdp] 1-D PDP (restoration, by bay): Restoration_technique (idx=11) …
    grid 5/20
    grid 10/20
    grid 15/20
    grid 20/20

[pdp] 1-D PDP (restoration, by bay): primary_habitat (idx=12) …
    grid 5/20
    grid 10/20
    grid 15/20
    grid 20/20

[pdp] 1-D PDP (restoration, by bay): secondary_habitat (idx=13) …
    grid 5/20
    grid 10/20
    grid 15/20
    grid 20/20

[pdp] 1-D PDP (restoration, by bay): Technique_first (idx=14) …
    grid 5/20
    grid 10/20
    grid 15/20
    grid 20/20

[pdp] 1-D PDP (restoration, by bay): Technique_second (idx=15) …
    grid 5/20
    grid 10/20
    grid 15/20
    grid 20/20

  Updated → /Users/liyingnceas/GitHub/GNN-RNN-main/gnn-lstm-v4/analysis/figures/run_h/pdp/pdp_values.csv
  Saved  → /Users/liyingnceas/GitHub/GNN-RNN-main/gnn-lstm-v4/analysis/figures/run_h/pdp/pdp_restoration_values.csv

[pdp] Plotting restoration by-species by-bay population panels …
  Saved → /Users/liyingnceas/GitHub/GNN-RNN-main/gnn-lstm-v4/analysis/figures/run_h/pdp/pdp_restoration_pop_n_projects.png
  Saved → /Users/liyingnceas/GitHub/GNN-RNN-main/gnn-lstm-v4/analysis/figures/run_h/pdp/pdp_restoration_pop_Acres_Restored.png
  Saved → /Users/liyingnceas/GitHub/GNN-RNN-main/gnn-lstm-v4/analysis/figures/run_h/pdp/pdp_restoration_pop_targeted_habitat_num.png
  Saved → /Users/liyingnceas/GitHub/GNN-RNN-main/gnn-lstm-v4/analysis/figures/run_h/pdp/pdp_restoration_pop_Restoration_technique.png
  Saved → /Users/liyingnceas/GitHub/GNN-RNN-main/gnn-lstm-v4/analysis/figures/run_h/pdp/pdp_restoration_pop_primary_habitat.png
  Saved → /Users/liyingnceas/GitHub/GNN-RNN-main/gnn-lstm-v4/analysis/figures/run_h/pdp/pdp_restoration_pop_secondary_habitat.png
  Saved → /Users/liyingnceas/GitHub/GNN-RNN-main/gnn-lstm-v4/analysis/figures/run_h/pdp/pdp_restoration_pop_Technique_first.png
  Saved → /Users/liyingnceas/GitHub/GNN-RNN-main/gnn-lstm-v4/analysis/figures/run_h/pdp/pdp_restoration_pop_Technique_second.png

[pdp] Plotting restoration 2×4 mean-count panel (reference) …
  Saved → /Users/liyingnceas/GitHub/GNN-RNN-main/gnn-lstm-v4/analysis/figures/run_h/pdp/pdp_restoration_panel.png

[pdp] Plotting restoration top-3 quantitative panel …
  Saved → /Users/liyingnceas/GitHub/GNN-RNN-main/gnn-lstm-v4/analysis/figures/run_h/pdp/pdp_restoration_top3.png

================================================================
PDP ANALYSIS COMPLETE  (test year 2024)
================================================================

  Temperature — species with widest response range:
    Common Snook (Adult)                      Δcount = 0.0900
    Spotted Seatrout (Recruit)                Δcount = 0.0540
    Blue Crab (Recruit)                       Δcount = 0.0508

  Salinity — species with widest response range:
    Spotted Seatrout (Recruit)                Δcount = 0.1037
    Gray Snapper (Recruit)                    Δcount = 0.0259
    Common Snook (Adult)                      Δcount = 0.0180

  DissolvedO2 — species with widest response range:
    Sheepshead (Adult)                        Δcount = 0.0398
    Blue Crab (Recruit)                       Δcount = 0.0337
    Gray Snapper (Sub-adult)                  Δcount = 0.0238

  StartDepth — species with widest response range:
    Spotted Seatrout (Adult)                  Δcount = 0.0225
    Red Drum (Sub-adult)                      Δcount = 0.0208
    Gray Snapper (Sub-adult)                  Δcount = 0.0138

  n_projects — species with widest response range:
    Spotted Seatrout (Recruit)                Δcount = 26.7893
    Sheepshead (Adult)                        Δcount = 19.7045
    Spotted Seatrout (Adult)                  Δcount = 9.9306

  Acres_Restored — species with widest response range:
    Common Snook (Adult)                      Δcount = 34.2955
    Red Drum (Sub-adult)                      Δcount = 9.0897
    Blue Crab (Recruit)                       Δcount = 6.1327

  targeted_habitat_num — species with widest response range:
    Blue Crab (Recruit)                       Δcount = 43.3941
    Spotted Seatrout (Recruit)                Δcount = 42.0142
    Red Drum (Sub-adult)                      Δcount = 28.4717

All outputs saved to: /Users/liyingnceas/GitHub/GNN-RNN-main/gnn-lstm-v4/analysis/figures/run_h/pdp/
