[shap] device = cpu
================================================================
GNN-RNN FIM — Permutation Group Importance Analysis
Test year : 2024
Repeats   : 5
================================================================

[shap] Loading species metadata …
[shap] Loaded 12 target species
[shap] n_env_feats=58, n_community=92
[shap] group_slices (11): forage[2], env[6], restoration[8], habitat_structured[7], habitat_open[7], shoreline[7], water_effort[3], bycatch[14], na_indicators[6], prey_community[47], nonprey_community[45]

[shap] Loading data …
[shap] Raw data shape: (54319, 166)
Initially data (54319, 166)
After filtering (54319, 166)
get_X_Y
X shape (54319, 152)
Y shape (54319, 12)
Y (output) means tensor([[0.1486, 0.0122, 0.2527, 0.1742, 0.0258, 0.0593, 0.1586, 0.0231, 0.0559,
         0.0092, 0.0438, 0.1408]]) stds tensor([[0.4879, 0.1340, 0.6208, 0.6049, 0.1951, 0.2934, 0.5104, 0.1894, 0.3308,
         0.1275, 0.3185, 0.4457]])
Y count-scale means tensor([[0.5192, 0.0330, 0.9431, 0.9560, 0.0743, 0.1913, 0.5655, 0.0678, 0.2580,
         0.0304, 0.3091, 0.4116]]) stds tensor([[3.6066, 0.5663, 5.4464, 7.2647, 1.1048, 3.4634, 3.5706, 0.9239, 3.7718,
         0.6219, 6.5828, 2.5260]])
/Users/liyingnceas/GitHub/GNN-RNN-main/gnn-lstm-v4/utils/data_utils.py:274: RuntimeWarning: Mean of empty slice
  np.nanmean(county_dict[county], axis=0).astype(np.float32)
Filled 138353 missing (node, year) entries from neighbors or year averages
[2D] Station nodes: 596, adj nnz: 2980
[shap] Stations: 596, years: 1998–2024
[shap] Normalisation computed from 14900 station-year entries
[shap] in_dim=164, out_dim=12
[shap] Feature groups (10): env[6], restoration[8], habitat_structured[7], habitat_open[7], shoreline[7], water_effort[3], bycatch[14], na_indicators[6], prey_community[49], nonprey_community[45]

[shap] Building graph …
[shap] Graph: 596 nodes, 3576 edges
[shap] Loaded 35,760 edge weights (edge_feat_dim=3)

[shap] Loading model …
[shap] Using checkpoint: /Users/liyingnceas/GitHub/GNN-RNN-main/gnn-lstm-v4/model/FIM_restoration_0412G_stations_monthly/2024/gat-rnn-v2-windowed_bs-128_lr-0.001_maxepoch-35_testyear-2024_win-3_nwin-10_seed-0/model-34
  GAT_RNN_V2: edge_feat_dim=3, n_heads=4, n_hidden=64
[shap] Model loaded — 188,512 parameters

[shap] Building windowed data for test year 2024 …
[shap] Windowed data: 10 windows × 596 stations × 12 months × 164 features

[shap] === Permutation importance (n_repeats=5) ===
[shap] Running baseline inference …
[shap] Baseline mean MSE across species: 0.0671
  [perm] env                     : rel ΔMSE=+0.0105  abs ΔRMSE≈0.041 fish/obs
  [perm] restoration             : rel ΔMSE=+0.0038  abs ΔRMSE≈0.030 fish/obs
  [perm] habitat_structured      : rel ΔMSE=+0.0125  abs ΔRMSE≈0.027 fish/obs
  [perm] habitat_open            : rel ΔMSE=-0.0018  abs ΔRMSE≈0.019 fish/obs
  [perm] shoreline               : rel ΔMSE=-0.0023  abs ΔRMSE≈0.021 fish/obs
  [perm] water_effort            : rel ΔMSE=+0.0429  abs ΔRMSE≈0.050 fish/obs
  [perm] bycatch                 : rel ΔMSE=+0.0198  abs ΔRMSE≈0.032 fish/obs
  [perm] na_indicators           : rel ΔMSE=-0.0183  abs ΔRMSE≈0.003 fish/obs
  [perm] prey_community          : rel ΔMSE=+0.1209  abs ΔRMSE≈0.080 fish/obs
  [perm] nonprey_community       : rel ΔMSE=+0.1682  abs ΔRMSE≈0.082 fish/obs
[shap] Relative ΔMSE  → /Users/liyingnceas/GitHub/GNN-RNN-main/gnn-lstm-v4/analysis/figures/run_h/shap/shap_group_importance.csv
[shap] Absolute ΔMSE (count²)  → /Users/liyingnceas/GitHub/GNN-RNN-main/gnn-lstm-v4/analysis/figures/run_h/shap/shap_group_dMSE_count.csv
[shap] Absolute ΔRMSE (fish/obs)  → /Users/liyingnceas/GitHub/GNN-RNN-main/gnn-lstm-v4/analysis/figures/run_h/shap/shap_group_dRMSE_count.csv
[shap] Baseline RMSE per species (count) → /Users/liyingnceas/GitHub/GNN-RNN-main/gnn-lstm-v4/analysis/figures/run_h/shap/shap_baseline_rmse_count.csv
[shap] Heatmap saved → /Users/liyingnceas/GitHub/GNN-RNN-main/gnn-lstm-v4/analysis/figures/run_h/shap/shap_group_heatmap.png
[shap] Bar chart saved → /Users/liyingnceas/GitHub/GNN-RNN-main/gnn-lstm-v4/analysis/figures/run_h/shap/shap_group_importance.png

[shap] === Population contribution (n_repeats=5) ===
[shap-pop] Running baseline inference …
[shap-pop] Baseline total population (mean across species): 870.32 fish
  [pop] env                     : mean |ΔPop| = 21.08 fish  (signed mean = +18.95)
  [pop] restoration             : mean |ΔPop| = 21.36 fish  (signed mean = +18.94)
  [pop] habitat_structured      : mean |ΔPop| = 20.43 fish  (signed mean = +15.90)
  [pop] habitat_open            : mean |ΔPop| = 13.45 fish  (signed mean = +2.96)
  [pop] shoreline               : mean |ΔPop| = 28.16 fish  (signed mean = +22.92)
  [pop] water_effort            : mean |ΔPop| = 18.99 fish  (signed mean = +15.60)
  [pop] bycatch                 : mean |ΔPop| = 10.32 fish  (signed mean = +4.34)
  [pop] na_indicators           : mean |ΔPop| = 7.23 fish  (signed mean = +0.64)
  [pop] prey_community          : mean |ΔPop| = 58.82 fish  (signed mean = +57.19)
  [pop] nonprey_community       : mean |ΔPop| = 50.27 fish  (signed mean = +48.77)
[shap] Population importance CSVs → /Users/liyingnceas/GitHub/GNN-RNN-main/gnn-lstm-v4/analysis/figures/run_h/shap/shap_pop_importance_abs.csv
[shap] Population importance bar chart → /Users/liyingnceas/GitHub/GNN-RNN-main/gnn-lstm-v4/analysis/figures/run_h/shap/shap_pop_importance_bar.png
[shap] Population heatmap → /Users/liyingnceas/GitHub/GNN-RNN-main/gnn-lstm-v4/analysis/figures/run_h/shap/shap_pop_importance_heatmap.png

================================================================
PERMUTATION IMPORTANCE SUMMARY
================================================================
  Test year       : 2024
  Checkpoint      : model-34
  in_dim=164, out_dim=12
  Baseline mean MSE  (count scale, mean across species): 0.0671
  Baseline mean RMSE (count scale, mean across species): 0.204 fish/obs

  Per-species baseline RMSE (count scale, fish/observation):
    Sheepshead (Adult)                 0.271
    Sheepshead (Recruit)               0.084
    Blue Crab (Recruit)                0.476
    Common Snook (Adult)               0.521
    Common Snook (Sub-adult)           0.036
    Spotted Seatrout (Adult)           0.152
    Spotted Seatrout (Recruit)         0.278
    Gray Snapper (Recruit)             0.083
    Gray Snapper (Sub-adult)           0.127
    Gag Grouper (Sub-adult)            0.046
    Red Drum (Recruit)                 0.066
    Red Drum (Sub-adult)               0.309

  Feature group importance — RELATIVE ΔMSE (mean across species), ranked:
    nonprey_community         +0.1682  █████████████████████████████
    prey_community            +0.1209  █████████████████████
    water_effort              +0.0429  ███████
    bycatch                   +0.0198  ███
    habitat_structured        +0.0125  ██
    env                       +0.0105  █
    restoration               +0.0038  █
    habitat_open              -0.0018  █
    shoreline                 -0.0023  █
    na_indicators             -0.0183  █

  Feature group importance — ABSOLUTE ΔRMSE (count scale, mean fish/obs), ranked:
    nonprey_community         +0.0821 fish  █████████████████████████████
    prey_community            +0.0798 fish  █████████████████████████████
    water_effort              +0.0497 fish  ██████████████████
    env                       +0.0413 fish  ███████████████
    bycatch                   +0.0319 fish  ███████████
    restoration               +0.0300 fish  ██████████
    habitat_structured        +0.0275 fish  ██████████
    shoreline                 +0.0210 fish  ███████
    habitat_open              +0.0189 fish  ██████
    na_indicators             +0.0028 fish  █

  Feature group importance — PREDICTED POPULATION EFFECT (mean |ΔPop| in fish), ranked:
    prey_community              58.8 fish  █████████████████████████████
    nonprey_community           50.3 fish  █████████████████████████
    shoreline                   28.2 fish  ██████████████
    restoration                 21.4 fish  ██████████
    env                         21.1 fish  ██████████
    habitat_structured          20.4 fish  ██████████
    water_effort                19.0 fish  █████████
    habitat_open                13.5 fish  ██████
    bycatch                     10.3 fish  █████
    na_indicators                7.2 fish  ███

  Outputs:
    /Users/liyingnceas/GitHub/GNN-RNN-main/gnn-lstm-v4/analysis/figures/run_h/shap/shap_group_heatmap.png
    /Users/liyingnceas/GitHub/GNN-RNN-main/gnn-lstm-v4/analysis/figures/run_h/shap/shap_group_importance.png
    /Users/liyingnceas/GitHub/GNN-RNN-main/gnn-lstm-v4/analysis/figures/run_h/shap/shap_pop_importance_bar.png
    /Users/liyingnceas/GitHub/GNN-RNN-main/gnn-lstm-v4/analysis/figures/run_h/shap/shap_pop_importance_heatmap.png
    /Users/liyingnceas/GitHub/GNN-RNN-main/gnn-lstm-v4/analysis/figures/run_h/shap/shap_group_importance.csv
================================================================
