/Users/liyingnceas/GitHub/GNN-RNN-main/gnn-lstm-v3/utils/data_utils.py:264: RuntimeWarning: Mean of empty slice
  np.nanmean(county_dict[county], axis=0).astype(np.float32)
/Users/liyingnceas/GitHub/GNN-RNN-main/gnn-lstm-v3/utils/data_utils.py:264: RuntimeWarning: Mean of empty slice
  np.nanmean(county_dict[county], axis=0).astype(np.float32)
/Users/liyingnceas/GitHub/GNN-RNN-main/gnn-lstm-v3/utils/data_utils.py:264: RuntimeWarning: Mean of empty slice
  np.nanmean(county_dict[county], axis=0).astype(np.float32)
[shap] device = cpu
[shap_v1] Years: [2010, 2011, 2012, 2013, 2014, 2015, 2016, 2017, 2018, 2019, 2020, 2021, 2022, 2023, 2024]
[shap_v1] Permutation repeats per fold: 3
[shap_v1] Total folds × repeats: 45

======================================================================
[fold] test_year=2010  ckpt_dir=.../2010/.../gat-rnn-v2-windowed_bs-128_lr-0.001_maxepoch-30_testyear-201…
======================================================================
[shap] Loaded 12 target species
[shap] n_env_feats=58, n_community=92
[shap] group_slices (11): forage[2], env[6], restoration[8], habitat_structured[7], habitat_open[7], shoreline[7], water_effort[3], bycatch[14], na_indicators[6], prey_community[47], nonprey_community[45]
[shap] Raw data shape: (54319, 166)
Initially data (54319, 166)
After filtering (54319, 166)
get_X_Y
X shape (54319, 152)
Y shape (54319, 12)
Y (output) means tensor([[0.1486, 0.0122, 0.2527, 0.1742, 0.0258, 0.0593, 0.1586, 0.0231, 0.0559,
         0.0092, 0.0870, 0.1408]]) stds tensor([[0.4879, 0.1340, 0.6208, 0.6049, 0.1951, 0.2934, 0.5104, 0.1894, 0.3308,
         0.1275, 0.4445, 0.4457]])
Y count-scale means tensor([[0.5192, 0.0330, 0.9431, 0.9560, 0.0743, 0.1913, 0.5655, 0.0678, 0.2580,
         0.0304, 0.5866, 0.4116]]) stds tensor([[3.6066, 0.5663, 5.4464, 7.2647, 1.1048, 3.4634, 3.5706, 0.9239, 3.7718,
         0.6219, 8.2377, 2.5260]])
Filled 138353 missing (node, year) entries from neighbors or year averages
[2D] Station nodes: 596, adj nnz: 2980
[shap] Normalisation computed from 6556 station-year entries
[shap] Using checkpoint: /Users/liyingnceas/GitHub/GNN-RNN-main/gnn-lstm-v3/model/FIM_restoration_0412_stations_monthly/2010/gat-rnn-v2-windowed_bs-128_lr-0.001_maxepoch-30_testyear-2010_win-3_nwin-10_seed-0/model-29
  GAT_RNN_V2: edge_feat_dim=3, n_heads=4, n_hidden=64
[shap] Model loaded — 188,512 parameters
[shap] Running baseline inference …
[shap] Baseline mean MSE across species: 0.0908
  [perm] forage                  : mean rel. MSE increase = +0.0132
  [perm] env                     : mean rel. MSE increase = +0.0076
  [perm] restoration             : mean rel. MSE increase = -0.0012
  [perm] habitat_structured      : mean rel. MSE increase = +0.0041
  [perm] habitat_open            : mean rel. MSE increase = +0.0054
  [perm] shoreline               : mean rel. MSE increase = +0.0041
  [perm] water_effort            : mean rel. MSE increase = +0.0095
  [perm] bycatch                 : mean rel. MSE increase = +0.0009
  [perm] na_indicators           : mean rel. MSE increase = +0.0014
  [perm] community_A             : mean rel. MSE increase = -0.0038
  [perm] community_B             : mean rel. MSE increase = +0.0002
[fold 2010] baseline mean MSE = 0.0908; top group: forage

======================================================================
[fold] test_year=2011  ckpt_dir=.../2011/.../gat-rnn-v2-windowed_bs-128_lr-0.001_maxepoch-30_testyear-201…
======================================================================
[shap] Loaded 12 target species
[shap] n_env_feats=58, n_community=92
[shap] group_slices (11): forage[2], env[6], restoration[8], habitat_structured[7], habitat_open[7], shoreline[7], water_effort[3], bycatch[14], na_indicators[6], prey_community[47], nonprey_community[45]
[shap] Raw data shape: (54319, 166)
Initially data (54319, 166)
After filtering (54319, 166)
get_X_Y
X shape (54319, 152)
Y shape (54319, 12)
Y (output) means tensor([[0.1486, 0.0122, 0.2527, 0.1742, 0.0258, 0.0593, 0.1586, 0.0231, 0.0559,
         0.0092, 0.0870, 0.1408]]) stds tensor([[0.4879, 0.1340, 0.6208, 0.6049, 0.1951, 0.2934, 0.5104, 0.1894, 0.3308,
         0.1275, 0.4445, 0.4457]])
Y count-scale means tensor([[0.5192, 0.0330, 0.9431, 0.9560, 0.0743, 0.1913, 0.5655, 0.0678, 0.2580,
         0.0304, 0.5866, 0.4116]]) stds tensor([[3.6066, 0.5663, 5.4464, 7.2647, 1.1048, 3.4634, 3.5706, 0.9239, 3.7718,
         0.6219, 8.2377, 2.5260]])
Filled 138353 missing (node, year) entries from neighbors or year averages
[2D] Station nodes: 596, adj nnz: 2980
[shap] Normalisation computed from 7152 station-year entries
[shap] Using checkpoint: /Users/liyingnceas/GitHub/GNN-RNN-main/gnn-lstm-v3/model/FIM_restoration_0412_stations_monthly/2011/gat-rnn-v2-windowed_bs-128_lr-0.001_maxepoch-30_testyear-2011_win-3_nwin-10_seed-0/model-29
  GAT_RNN_V2: edge_feat_dim=3, n_heads=4, n_hidden=64
[shap] Model loaded — 188,512 parameters
[shap] Running baseline inference …
[shap] Baseline mean MSE across species: 0.0927
  [perm] forage                  : mean rel. MSE increase = +0.0174
  [perm] env                     : mean rel. MSE increase = +0.0139
  [perm] restoration             : mean rel. MSE increase = +0.0006
  [perm] habitat_structured      : mean rel. MSE increase = -0.0037
  [perm] habitat_open            : mean rel. MSE increase = +0.0002
  [perm] shoreline               : mean rel. MSE increase = +0.0119
  [perm] water_effort            : mean rel. MSE increase = +0.0128
  [perm] bycatch                 : mean rel. MSE increase = -0.0007
  [perm] na_indicators           : mean rel. MSE increase = +0.0013
  [perm] community_A             : mean rel. MSE increase = -0.0026
  [perm] community_B             : mean rel. MSE increase = +0.0145
[fold 2011] baseline mean MSE = 0.0927; top group: forage

======================================================================
[fold] test_year=2012  ckpt_dir=.../2012/.../gat-rnn-v2-windowed_bs-128_lr-0.001_maxepoch-30_testyear-201…
======================================================================
[shap] Loaded 12 target species
[shap] n_env_feats=58, n_community=92
[shap] group_slices (11): forage[2], env[6], restoration[8], habitat_structured[7], habitat_open[7], shoreline[7], water_effort[3], bycatch[14], na_indicators[6], prey_community[47], nonprey_community[45]
[shap] Raw data shape: (54319, 166)
Initially data (54319, 166)
After filtering (54319, 166)
get_X_Y
X shape (54319, 152)
Y shape (54319, 12)
Y (output) means tensor([[0.1486, 0.0122, 0.2527, 0.1742, 0.0258, 0.0593, 0.1586, 0.0231, 0.0559,
         0.0092, 0.0870, 0.1408]]) stds tensor([[0.4879, 0.1340, 0.6208, 0.6049, 0.1951, 0.2934, 0.5104, 0.1894, 0.3308,
         0.1275, 0.4445, 0.4457]])
Y count-scale means tensor([[0.5192, 0.0330, 0.9431, 0.9560, 0.0743, 0.1913, 0.5655, 0.0678, 0.2580,
         0.0304, 0.5866, 0.4116]]) stds tensor([[3.6066, 0.5663, 5.4464, 7.2647, 1.1048, 3.4634, 3.5706, 0.9239, 3.7718,
         0.6219, 8.2377, 2.5260]])
Filled 138353 missing (node, year) entries from neighbors or year averages
[2D] Station nodes: 596, adj nnz: 2980
[shap] Normalisation computed from 7748 station-year entries
[shap] Using checkpoint: /Users/liyingnceas/GitHub/GNN-RNN-main/gnn-lstm-v3/model/FIM_restoration_0412_stations_monthly/2012/gat-rnn-v2-windowed_bs-128_lr-0.001_maxepoch-30_testyear-2012_win-3_nwin-10_seed-0/model-27
  GAT_RNN_V2: edge_feat_dim=3, n_heads=4, n_hidden=64
[shap] Model loaded — 188,512 parameters
[shap] Running baseline inference …
[shap] Baseline mean MSE across species: 0.0909
  [perm] forage                  : mean rel. MSE increase = +0.0242
  [perm] env                     : mean rel. MSE increase = +0.0042
  [perm] restoration             : mean rel. MSE increase = -0.0057
  [perm] habitat_structured      : mean rel. MSE increase = -0.0011
  [perm] habitat_open            : mean rel. MSE increase = -0.0094
  [perm] shoreline               : mean rel. MSE increase = -0.0064
  [perm] water_effort            : mean rel. MSE increase = +0.0170
  [perm] bycatch                 : mean rel. MSE increase = -0.0015
  [perm] na_indicators           : mean rel. MSE increase = +0.0044
  [perm] community_A             : mean rel. MSE increase = -0.0221
  [perm] community_B             : mean rel. MSE increase = -0.0398
[fold 2012] baseline mean MSE = 0.0909; top group: forage

======================================================================
[fold] test_year=2013  ckpt_dir=.../2013/.../gat-rnn-v2-windowed_bs-128_lr-0.001_maxepoch-30_testyear-201…
======================================================================
[shap] Loaded 12 target species
/Users/liyingnceas/GitHub/GNN-RNN-main/gnn-lstm-v3/utils/data_utils.py:264: RuntimeWarning: Mean of empty slice
  np.nanmean(county_dict[county], axis=0).astype(np.float32)
/Users/liyingnceas/GitHub/GNN-RNN-main/gnn-lstm-v3/utils/data_utils.py:264: RuntimeWarning: Mean of empty slice
  np.nanmean(county_dict[county], axis=0).astype(np.float32)
/Users/liyingnceas/GitHub/GNN-RNN-main/gnn-lstm-v3/utils/data_utils.py:264: RuntimeWarning: Mean of empty slice
  np.nanmean(county_dict[county], axis=0).astype(np.float32)
[shap] n_env_feats=58, n_community=92
[shap] group_slices (11): forage[2], env[6], restoration[8], habitat_structured[7], habitat_open[7], shoreline[7], water_effort[3], bycatch[14], na_indicators[6], prey_community[47], nonprey_community[45]
[shap] Raw data shape: (54319, 166)
Initially data (54319, 166)
After filtering (54319, 166)
get_X_Y
X shape (54319, 152)
Y shape (54319, 12)
Y (output) means tensor([[0.1486, 0.0122, 0.2527, 0.1742, 0.0258, 0.0593, 0.1586, 0.0231, 0.0559,
         0.0092, 0.0870, 0.1408]]) stds tensor([[0.4879, 0.1340, 0.6208, 0.6049, 0.1951, 0.2934, 0.5104, 0.1894, 0.3308,
         0.1275, 0.4445, 0.4457]])
Y count-scale means tensor([[0.5192, 0.0330, 0.9431, 0.9560, 0.0743, 0.1913, 0.5655, 0.0678, 0.2580,
         0.0304, 0.5866, 0.4116]]) stds tensor([[3.6066, 0.5663, 5.4464, 7.2647, 1.1048, 3.4634, 3.5706, 0.9239, 3.7718,
         0.6219, 8.2377, 2.5260]])
Filled 138353 missing (node, year) entries from neighbors or year averages
[2D] Station nodes: 596, adj nnz: 2980
[shap] Normalisation computed from 8344 station-year entries
[shap] Using checkpoint: /Users/liyingnceas/GitHub/GNN-RNN-main/gnn-lstm-v3/model/FIM_restoration_0412_stations_monthly/2013/gat-rnn-v2-windowed_bs-128_lr-0.001_maxepoch-30_testyear-2013_win-3_nwin-10_seed-0/model-28
  GAT_RNN_V2: edge_feat_dim=3, n_heads=4, n_hidden=64
[shap] Model loaded — 188,512 parameters
[shap] Running baseline inference …
[shap] Baseline mean MSE across species: 0.1182
  [perm] forage                  : mean rel. MSE increase = +0.0178
  [perm] env                     : mean rel. MSE increase = +0.0034
  [perm] restoration             : mean rel. MSE increase = +0.0026
  [perm] habitat_structured      : mean rel. MSE increase = +0.0129
  [perm] habitat_open            : mean rel. MSE increase = +0.0051
  [perm] shoreline               : mean rel. MSE increase = +0.0071
  [perm] water_effort            : mean rel. MSE increase = +0.0088
  [perm] bycatch                 : mean rel. MSE increase = -0.0013
  [perm] na_indicators           : mean rel. MSE increase = +0.0025
  [perm] community_A             : mean rel. MSE increase = -0.0165
  [perm] community_B             : mean rel. MSE increase = -0.0156
[fold 2013] baseline mean MSE = 0.1182; top group: forage

======================================================================
[fold] test_year=2014  ckpt_dir=.../2014/.../gat-rnn-v2-windowed_bs-128_lr-0.001_maxepoch-30_testyear-201…
======================================================================
[shap] Loaded 12 target species
[shap] n_env_feats=58, n_community=92
[shap] group_slices (11): forage[2], env[6], restoration[8], habitat_structured[7], habitat_open[7], shoreline[7], water_effort[3], bycatch[14], na_indicators[6], prey_community[47], nonprey_community[45]
[shap] Raw data shape: (54319, 166)
Initially data (54319, 166)
After filtering (54319, 166)
get_X_Y
X shape (54319, 152)
Y shape (54319, 12)
Y (output) means tensor([[0.1486, 0.0122, 0.2527, 0.1742, 0.0258, 0.0593, 0.1586, 0.0231, 0.0559,
         0.0092, 0.0870, 0.1408]]) stds tensor([[0.4879, 0.1340, 0.6208, 0.6049, 0.1951, 0.2934, 0.5104, 0.1894, 0.3308,
         0.1275, 0.4445, 0.4457]])
Y count-scale means tensor([[0.5192, 0.0330, 0.9431, 0.9560, 0.0743, 0.1913, 0.5655, 0.0678, 0.2580,
         0.0304, 0.5866, 0.4116]]) stds tensor([[3.6066, 0.5663, 5.4464, 7.2647, 1.1048, 3.4634, 3.5706, 0.9239, 3.7718,
         0.6219, 8.2377, 2.5260]])
Filled 138353 missing (node, year) entries from neighbors or year averages
[2D] Station nodes: 596, adj nnz: 2980
[shap] Normalisation computed from 8940 station-year entries
[shap] Using checkpoint: /Users/liyingnceas/GitHub/GNN-RNN-main/gnn-lstm-v3/model/FIM_restoration_0412_stations_monthly/2014/gat-rnn-v2-windowed_bs-128_lr-0.001_maxepoch-30_testyear-2014_win-3_nwin-10_seed-0/model-28
  GAT_RNN_V2: edge_feat_dim=3, n_heads=4, n_hidden=64
[shap] Model loaded — 188,512 parameters
[shap] Running baseline inference …
[shap] Baseline mean MSE across species: 0.1388
  [perm] forage                  : mean rel. MSE increase = +0.0764
  [perm] env                     : mean rel. MSE increase = +0.0121
  [perm] restoration             : mean rel. MSE increase = -0.0005
  [perm] habitat_structured      : mean rel. MSE increase = +0.0207
  [perm] habitat_open            : mean rel. MSE increase = +0.0026
  [perm] shoreline               : mean rel. MSE increase = +0.0119
  [perm] water_effort            : mean rel. MSE increase = +0.0482
  [perm] bycatch                 : mean rel. MSE increase = +0.0050
  [perm] na_indicators           : mean rel. MSE increase = +0.0016
  [perm] community_A             : mean rel. MSE increase = +0.0087
  [perm] community_B             : mean rel. MSE increase = -0.0096
[fold 2014] baseline mean MSE = 0.1388; top group: forage

======================================================================
[fold] test_year=2015  ckpt_dir=.../2015/.../gat-rnn-v2-windowed_bs-128_lr-0.001_maxepoch-30_testyear-201…
======================================================================
[shap] Loaded 12 target species
[shap] n_env_feats=58, n_community=92
[shap] group_slices (11): forage[2], env[6], restoration[8], habitat_structured[7], habitat_open[7], shoreline[7], water_effort[3], bycatch[14], na_indicators[6], prey_community[47], nonprey_community[45]
[shap] Raw data shape: (54319, 166)
Initially data (54319, 166)
After filtering (54319, 166)
get_X_Y
X shape (54319, 152)
Y shape (54319, 12)
Y (output) means tensor([[0.1486, 0.0122, 0.2527, 0.1742, 0.0258, 0.0593, 0.1586, 0.0231, 0.0559,
         0.0092, 0.0870, 0.1408]]) stds tensor([[0.4879, 0.1340, 0.6208, 0.6049, 0.1951, 0.2934, 0.5104, 0.1894, 0.3308,
         0.1275, 0.4445, 0.4457]])
Y count-scale means tensor([[0.5192, 0.0330, 0.9431, 0.9560, 0.0743, 0.1913, 0.5655, 0.0678, 0.2580,
         0.0304, 0.5866, 0.4116]]) stds tensor([[3.6066, 0.5663, 5.4464, 7.2647, 1.1048, 3.4634, 3.5706, 0.9239, 3.7718,
         0.6219, 8.2377, 2.5260]])
Filled 138353 missing (node, year) entries from neighbors or year averages
[2D] Station nodes: 596, adj nnz: 2980
[shap] Normalisation computed from 9536 station-year entries
[shap] Using checkpoint: /Users/liyingnceas/GitHub/GNN-RNN-main/gnn-lstm-v3/model/FIM_restoration_0412_stations_monthly/2015/gat-rnn-v2-windowed_bs-128_lr-0.001_maxepoch-30_testyear-2015_win-3_nwin-10_seed-0/model-28
  GAT_RNN_V2: edge_feat_dim=3, n_heads=4, n_hidden=64
[shap] Model loaded — 188,512 parameters
[shap] Running baseline inference …
[shap] Baseline mean MSE across species: 0.2051
  [perm] forage                  : mean rel. MSE increase = +0.0588
  [perm] env                     : mean rel. MSE increase = +0.0033
  [perm] restoration             : mean rel. MSE increase = -0.0069
  [perm] habitat_structured      : mean rel. MSE increase = +0.0096
  [perm] habitat_open            : mean rel. MSE increase = -0.0006
  [perm] shoreline               : mean rel. MSE increase = +0.0203
  [perm] water_effort            : mean rel. MSE increase = +0.0371
  [perm] bycatch                 : mean rel. MSE increase = +0.0087
  [perm] na_indicators           : mean rel. MSE increase = -0.0019
  [perm] community_A             : mean rel. MSE increase = -0.0070
  [perm] community_B             : mean rel. MSE increase = +0.0084
[fold 2015] baseline mean MSE = 0.2051; top group: forage

======================================================================
[fold] test_year=2016  ckpt_dir=.../2016/.../gat-rnn-v2-windowed_bs-128_lr-0.001_maxepoch-30_testyear-201…
======================================================================
[shap] Loaded 12 target species
[shap] n_env_feats=58, n_community=92
[shap] group_slices (11): forage[2], env[6], restoration[8], habitat_structured[7], habitat_open[7], shoreline[7], water_effort[3], bycatch[14], na_indicators[6], prey_community[47], nonprey_community[45]
[shap] Raw data shape: (54319, 166)
Initially data (54319, 166)
After filtering (54319, 166)
get_X_Y
X shape (54319, 152)
Y shape (54319, 12)
Y (output) means /Users/liyingnceas/GitHub/GNN-RNN-main/gnn-lstm-v3/utils/data_utils.py:264: RuntimeWarning: Mean of empty slice
  np.nanmean(county_dict[county], axis=0).astype(np.float32)
/Users/liyingnceas/GitHub/GNN-RNN-main/gnn-lstm-v3/utils/data_utils.py:264: RuntimeWarning: Mean of empty slice
  np.nanmean(county_dict[county], axis=0).astype(np.float32)
/Users/liyingnceas/GitHub/GNN-RNN-main/gnn-lstm-v3/utils/data_utils.py:264: RuntimeWarning: Mean of empty slice
  np.nanmean(county_dict[county], axis=0).astype(np.float32)
/Users/liyingnceas/GitHub/GNN-RNN-main/gnn-lstm-v3/utils/data_utils.py:264: RuntimeWarning: Mean of empty slice
  np.nanmean(county_dict[county], axis=0).astype(np.float32)
tensor([[0.1486, 0.0122, 0.2527, 0.1742, 0.0258, 0.0593, 0.1586, 0.0231, 0.0559,
         0.0092, 0.0870, 0.1408]]) stds tensor([[0.4879, 0.1340, 0.6208, 0.6049, 0.1951, 0.2934, 0.5104, 0.1894, 0.3308,
         0.1275, 0.4445, 0.4457]])
Y count-scale means tensor([[0.5192, 0.0330, 0.9431, 0.9560, 0.0743, 0.1913, 0.5655, 0.0678, 0.2580,
         0.0304, 0.5866, 0.4116]]) stds tensor([[3.6066, 0.5663, 5.4464, 7.2647, 1.1048, 3.4634, 3.5706, 0.9239, 3.7718,
         0.6219, 8.2377, 2.5260]])
Filled 138353 missing (node, year) entries from neighbors or year averages
[2D] Station nodes: 596, adj nnz: 2980
[shap] Normalisation computed from 10132 station-year entries
[shap] Using checkpoint: /Users/liyingnceas/GitHub/GNN-RNN-main/gnn-lstm-v3/model/FIM_restoration_0412_stations_monthly/2016/gat-rnn-v2-windowed_bs-128_lr-0.001_maxepoch-30_testyear-2016_win-3_nwin-10_seed-0/model-21
  GAT_RNN_V2: edge_feat_dim=3, n_heads=4, n_hidden=64
[shap] Model loaded — 188,512 parameters
[shap] Running baseline inference …
[shap] Baseline mean MSE across species: 0.1479
  [perm] forage                  : mean rel. MSE increase = +0.0251
  [perm] env                     : mean rel. MSE increase = +0.0076
  [perm] restoration             : mean rel. MSE increase = +0.0090
  [perm] habitat_structured      : mean rel. MSE increase = +0.0068
  [perm] habitat_open            : mean rel. MSE increase = -0.0075
  [perm] shoreline               : mean rel. MSE increase = +0.0230
  [perm] water_effort            : mean rel. MSE increase = +0.0255
  [perm] bycatch                 : mean rel. MSE increase = +0.0103
  [perm] na_indicators           : mean rel. MSE increase = +0.0042
  [perm] community_A             : mean rel. MSE increase = -0.0065
  [perm] community_B             : mean rel. MSE increase = -0.0089
[fold 2016] baseline mean MSE = 0.1479; top group: water_effort

======================================================================
[fold] test_year=2017  ckpt_dir=.../2017/.../gat-rnn-v2-windowed_bs-128_lr-0.001_maxepoch-30_testyear-201…
======================================================================
[shap] Loaded 12 target species
[shap] n_env_feats=58, n_community=92
[shap] group_slices (11): forage[2], env[6], restoration[8], habitat_structured[7], habitat_open[7], shoreline[7], water_effort[3], bycatch[14], na_indicators[6], prey_community[47], nonprey_community[45]
[shap] Raw data shape: (54319, 166)
Initially data (54319, 166)
After filtering (54319, 166)
get_X_Y
X shape (54319, 152)
Y shape (54319, 12)
Y (output) means tensor([[0.1486, 0.0122, 0.2527, 0.1742, 0.0258, 0.0593, 0.1586, 0.0231, 0.0559,
         0.0092, 0.0870, 0.1408]]) stds tensor([[0.4879, 0.1340, 0.6208, 0.6049, 0.1951, 0.2934, 0.5104, 0.1894, 0.3308,
         0.1275, 0.4445, 0.4457]])
Y count-scale means tensor([[0.5192, 0.0330, 0.9431, 0.9560, 0.0743, 0.1913, 0.5655, 0.0678, 0.2580,
         0.0304, 0.5866, 0.4116]]) stds tensor([[3.6066, 0.5663, 5.4464, 7.2647, 1.1048, 3.4634, 3.5706, 0.9239, 3.7718,
         0.6219, 8.2377, 2.5260]])
Filled 138353 missing (node, year) entries from neighbors or year averages
[2D] Station nodes: 596, adj nnz: 2980
[shap] Normalisation computed from 10728 station-year entries
[shap] Using checkpoint: /Users/liyingnceas/GitHub/GNN-RNN-main/gnn-lstm-v3/model/FIM_restoration_0412_stations_monthly/2017/gat-rnn-v2-windowed_bs-128_lr-0.001_maxepoch-30_testyear-2017_win-3_nwin-10_seed-0/model-28
  GAT_RNN_V2: edge_feat_dim=3, n_heads=4, n_hidden=64
[shap] Model loaded — 188,512 parameters
[shap] Running baseline inference …
[shap] Baseline mean MSE across species: 0.1447
  [perm] forage                  : mean rel. MSE increase = +0.0342
  [perm] env                     : mean rel. MSE increase = +0.0016
  [perm] restoration             : mean rel. MSE increase = -0.0050
  [perm] habitat_structured      : mean rel. MSE increase = +0.0078
  [perm] habitat_open            : mean rel. MSE increase = -0.0031
  [perm] shoreline               : mean rel. MSE increase = +0.0071
  [perm] water_effort            : mean rel. MSE increase = +0.0314
  [perm] bycatch                 : mean rel. MSE increase = +0.0012
  [perm] na_indicators           : mean rel. MSE increase = -0.0052
  [perm] community_A             : mean rel. MSE increase = -0.0235
  [perm] community_B             : mean rel. MSE increase = -0.0378
[fold 2017] baseline mean MSE = 0.1447; top group: forage

======================================================================
[fold] test_year=2018  ckpt_dir=.../2018/.../gat-rnn-v2-windowed_bs-128_lr-0.001_maxepoch-30_testyear-201…
======================================================================
[shap] Loaded 12 target species
[shap] n_env_feats=58, n_community=92
[shap] group_slices (11): forage[2], env[6], restoration[8], habitat_structured[7], habitat_open[7], shoreline[7], water_effort[3], bycatch[14], na_indicators[6], prey_community[47], nonprey_community[45]
[shap] Raw data shape: (54319, 166)
Initially data (54319, 166)
After filtering (54319, 166)
get_X_Y
X shape (54319, 152)
Y shape (54319, 12)
Y (output) means tensor([[0.1486, 0.0122, 0.2527, 0.1742, 0.0258, 0.0593, 0.1586, 0.0231, 0.0559,
         0.0092, 0.0870, 0.1408]]) stds tensor([[0.4879, 0.1340, 0.6208, 0.6049, 0.1951, 0.2934, 0.5104, 0.1894, 0.3308,
         0.1275, 0.4445, 0.4457]])
Y count-scale means tensor([[0.5192, 0.0330, 0.9431, 0.9560, 0.0743, 0.1913, 0.5655, 0.0678, 0.2580,
         0.0304, 0.5866, 0.4116]]) stds tensor([[3.6066, 0.5663, 5.4464, 7.2647, 1.1048, 3.4634, 3.5706, 0.9239, 3.7718,
         0.6219, 8.2377, 2.5260]])
Filled 138353 missing (node, year) entries from neighbors or year averages
[2D] Station nodes: 596, adj nnz: 2980
[shap] Normalisation computed from 11324 station-year entries
[shap] Using checkpoint: /Users/liyingnceas/GitHub/GNN-RNN-main/gnn-lstm-v3/model/FIM_restoration_0412_stations_monthly/2018/gat-rnn-v2-windowed_bs-128_lr-0.001_maxepoch-30_testyear-2018_win-3_nwin-10_seed-0/model-26
  GAT_RNN_V2: edge_feat_dim=3, n_heads=4, n_hidden=64
[shap] Model loaded — 188,512 parameters
[shap] Running baseline inference …
[shap] Baseline mean MSE across species: 0.1584
  [perm] forage                  : mean rel. MSE increase = +0.0181
  [perm] env                     : mean rel. MSE increase = -0.0006
  [perm] restoration             : mean rel. MSE increase = -0.0009
  [perm] habitat_structured      : mean rel. MSE increase = +0.0070
  [perm] habitat_open            : mean rel. MSE increase = +0.0065
  [perm] shoreline               : mean rel. MSE increase = +0.0210
  [perm] water_effort            : mean rel. MSE increase = +0.0101
  [perm] bycatch                 : mean rel. MSE increase = +0.0027
  [perm] na_indicators           : mean rel. MSE increase = +0.0122
  [perm] community_A             : mean rel. MSE increase = +0.0000
  [perm] community_B             : mean rel. MSE increase = -0.0316
[fold 2018] baseline mean MSE = 0.1584; top group: shoreline

======================================================================
[fold] test_year=2019  ckpt_dir=.../2019/.../gat-rnn-v2-windowed_bs-128_lr-0.001_maxepoch-30_testyear-201…
======================================================================
[shap] Loaded 12 target species
[shap] n_env_feats=58, n_community=92
[shap] group_slices (11): forage[2], env[6], restoration[8], habitat_structured[7], habitat_open[7], shoreline[7], water_effort[3], bycatch[14], na_indicators[6], prey_community[47], nonprey_community[45]
[shap] Raw data shape: (54319, 166)
Initially data (54319, 166)
After filtering (54319, 166)
get_X_Y
X shape (54319, 152)
Y shape (54319, 12)
Y (output) means tensor([[0.1486, 0.0122, 0.2527, 0.1742, 0.0258, 0.0593, 0.1586, 0.0231, 0.0559,
         0.0092, 0.0870, 0.1408]]) stds tensor([[0.4879, 0.1340, 0.6208, 0.6049, 0.1951, 0.2934, 0.5104, 0.1894, 0.3308,
         0.1275, 0.4445, 0.4457]])
Y count-scale means tensor([[0.5192, 0.0330, 0.9431, 0.9560, 0.0743, 0.1913, 0.5655, 0.0678, 0.2580,
         0.0304, 0.5866, 0.4116]]) stds tensor([[3.6066, 0.5663, 5.4464, 7.2647, 1.1048, 3.4634, 3.5706, 0.9239, 3.7718,
         0.6219, 8.2377, 2.5260]])
/Users/liyingnceas/GitHub/GNN-RNN-main/gnn-lstm-v3/utils/data_utils.py:264: RuntimeWarning: Mean of empty slice
  np.nanmean(county_dict[county], axis=0).astype(np.float32)
/Users/liyingnceas/GitHub/GNN-RNN-main/gnn-lstm-v3/utils/data_utils.py:264: RuntimeWarning: Mean of empty slice
  np.nanmean(county_dict[county], axis=0).astype(np.float32)
/Users/liyingnceas/GitHub/GNN-RNN-main/gnn-lstm-v3/utils/data_utils.py:264: RuntimeWarning: Mean of empty slice
  np.nanmean(county_dict[county], axis=0).astype(np.float32)
Filled 138353 missing (node, year) entries from neighbors or year averages
[2D] Station nodes: 596, adj nnz: 2980
[shap] Normalisation computed from 11920 station-year entries
[shap] Using checkpoint: /Users/liyingnceas/GitHub/GNN-RNN-main/gnn-lstm-v3/model/FIM_restoration_0412_stations_monthly/2019/gat-rnn-v2-windowed_bs-128_lr-0.001_maxepoch-30_testyear-2019_win-3_nwin-10_seed-0/model-25
  GAT_RNN_V2: edge_feat_dim=3, n_heads=4, n_hidden=64
[shap] Model loaded — 188,512 parameters
[shap] Running baseline inference …
[shap] Baseline mean MSE across species: 0.1484
  [perm] forage                  : mean rel. MSE increase = +0.0322
  [perm] env                     : mean rel. MSE increase = +0.0005
  [perm] restoration             : mean rel. MSE increase = -0.0199
  [perm] habitat_structured      : mean rel. MSE increase = +0.0123
  [perm] habitat_open            : mean rel. MSE increase = -0.0036
  [perm] shoreline               : mean rel. MSE increase = +0.0086
  [perm] water_effort            : mean rel. MSE increase = +0.0289
  [perm] bycatch                 : mean rel. MSE increase = -0.0076
  [perm] na_indicators           : mean rel. MSE increase = -0.0029
  [perm] community_A             : mean rel. MSE increase = -0.0026
  [perm] community_B             : mean rel. MSE increase = -0.0138
[fold 2019] baseline mean MSE = 0.1484; top group: forage

======================================================================
[fold] test_year=2020  ckpt_dir=.../2020/.../gat-rnn-v2-windowed_bs-128_lr-0.001_maxepoch-30_testyear-202…
======================================================================
[shap] Loaded 12 target species
[shap] n_env_feats=58, n_community=92
[shap] group_slices (11): forage[2], env[6], restoration[8], habitat_structured[7], habitat_open[7], shoreline[7], water_effort[3], bycatch[14], na_indicators[6], prey_community[47], nonprey_community[45]
[shap] Raw data shape: (54319, 166)
Initially data (54319, 166)
After filtering (54319, 166)
get_X_Y
X shape (54319, 152)
Y shape (54319, 12)
Y (output) means tensor([[0.1486, 0.0122, 0.2527, 0.1742, 0.0258, 0.0593, 0.1586, 0.0231, 0.0559,
         0.0092, 0.0870, 0.1408]]) stds tensor([[0.4879, 0.1340, 0.6208, 0.6049, 0.1951, 0.2934, 0.5104, 0.1894, 0.3308,
         0.1275, 0.4445, 0.4457]])
Y count-scale means tensor([[0.5192, 0.0330, 0.9431, 0.9560, 0.0743, 0.1913, 0.5655, 0.0678, 0.2580,
         0.0304, 0.5866, 0.4116]]) stds tensor([[3.6066, 0.5663, 5.4464, 7.2647, 1.1048, 3.4634, 3.5706, 0.9239, 3.7718,
         0.6219, 8.2377, 2.5260]])
Filled 138353 missing (node, year) entries from neighbors or year averages
[2D] Station nodes: 596, adj nnz: 2980
[shap] Normalisation computed from 12516 station-year entries
[shap] Using checkpoint: /Users/liyingnceas/GitHub/GNN-RNN-main/gnn-lstm-v3/model/FIM_restoration_0412_stations_monthly/2020/gat-rnn-v2-windowed_bs-128_lr-0.001_maxepoch-30_testyear-2020_win-3_nwin-10_seed-0/model-26
  GAT_RNN_V2: edge_feat_dim=3, n_heads=4, n_hidden=64
[shap] Model loaded — 188,512 parameters
[shap] Running baseline inference …
[shap] Baseline mean MSE across species: 0.1721
  [perm] forage                  : mean rel. MSE increase = +0.0297
  [perm] env                     : mean rel. MSE increase = +0.0043
  [perm] restoration             : mean rel. MSE increase = -0.0118
  [perm] habitat_structured      : mean rel. MSE increase = +0.0160
  [perm] habitat_open            : mean rel. MSE increase = -0.0043
  [perm] shoreline               : mean rel. MSE increase = +0.0040
  [perm] water_effort            : mean rel. MSE increase = +0.0272
  [perm] bycatch                 : mean rel. MSE increase = -0.0066
  [perm] na_indicators           : mean rel. MSE increase = -0.0059
  [perm] community_A             : mean rel. MSE increase = -0.0020
  [perm] community_B             : mean rel. MSE increase = +0.0002
[fold 2020] baseline mean MSE = 0.1721; top group: forage

======================================================================
[fold] test_year=2021  ckpt_dir=.../2021/.../gat-rnn-v2-windowed_bs-128_lr-0.001_maxepoch-30_testyear-202…
======================================================================
[shap] Loaded 12 target species
[shap] n_env_feats=58, n_community=92
[shap] group_slices (11): forage[2], env[6], restoration[8], habitat_structured[7], habitat_open[7], shoreline[7], water_effort[3], bycatch[14], na_indicators[6], prey_community[47], nonprey_community[45]
[shap] Raw data shape: (54319, 166)
Initially data (54319, 166)
After filtering (54319, 166)
get_X_Y
X shape (54319, 152)
Y shape (54319, 12)
Y (output) means tensor([[0.1486, 0.0122, 0.2527, 0.1742, 0.0258, 0.0593, 0.1586, 0.0231, 0.0559,
         0.0092, 0.0870, 0.1408]]) stds tensor([[0.4879, 0.1340, 0.6208, 0.6049, 0.1951, 0.2934, 0.5104, 0.1894, 0.3308,
         0.1275, 0.4445, 0.4457]])
Y count-scale means tensor([[0.5192, 0.0330, 0.9431, 0.9560, 0.0743, 0.1913, 0.5655, 0.0678, 0.2580,
         0.0304, 0.5866, 0.4116]]) stds tensor([[3.6066, 0.5663, 5.4464, 7.2647, 1.1048, 3.4634, 3.5706, 0.9239, 3.7718,
         0.6219, 8.2377, 2.5260]])
Filled 138353 missing (node, year) entries from neighbors or year averages
[2D] Station nodes: 596, adj nnz: 2980
[shap] Normalisation computed from 13112 station-year entries
[shap] Using checkpoint: /Users/liyingnceas/GitHub/GNN-RNN-main/gnn-lstm-v3/model/FIM_restoration_0412_stations_monthly/2021/gat-rnn-v2-windowed_bs-128_lr-0.001_maxepoch-30_testyear-2021_win-3_nwin-10_seed-0/model-26
  GAT_RNN_V2: edge_feat_dim=3, n_heads=4, n_hidden=64
[shap] Model loaded — 188,512 parameters
[shap] Running baseline inference …
[shap] Baseline mean MSE across species: 0.1457
  [perm] forage                  : mean rel. MSE increase = +0.0346
  [perm] env                     : mean rel. MSE increase = +0.0099
  [perm] restoration             : mean rel. MSE increase = -0.0022
  [perm] habitat_structured      : mean rel. MSE increase = +0.0067
  [perm] habitat_open            : mean rel. MSE increase = -0.0106
  [perm] shoreline               : mean rel. MSE increase = +0.0192
  [perm] water_effort            : mean rel. MSE increase = +0.0305
  [perm] bycatch                 : mean rel. MSE increase = -0.0029
  [perm] na_indicators           : mean rel. MSE increase = +0.0060
  [perm] community_A             : mean rel. MSE increase = +0.0081
  [perm] community_B             : mean rel. MSE increase = +0.0007
[fold 2021] baseline mean MSE = 0.1457; top group: forage

======================================================================
[fold] test_year=2022  ckpt_dir=.../2022/.../gat-rnn-v2-windowed_bs-128_lr-0.001_maxepoch-30_testyear-202…
======================================================================
[shap] Loaded 12 target species
[shap] n_env_feats=58, n_community=92
[shap] group_slices (11): forage[2], env[6], restoration[8], habitat_structured[7], habitat_open[7], shoreline[7], water_effort[3], bycatch[14], na_indicators[6], prey_community[47], nonprey_community[45]
[shap] Raw data shape: (54319, 166)
Initially data (54319, 166)
After filtering (54319, 166)
get_X_Y
X shape (54319, 152)
Y shape (54319, 12)
Y (output) means tensor([[0.1486, 0.0122, 0.2527, 0.1742, 0.0258, 0.0593, 0.1586, 0.0231, 0.0559,
         0.0092, 0.0870, 0.1408]]) stds tensor([[0.4879, 0.1340, 0.6208, 0.6049, 0.1951, 0.2934, 0.5104, 0.1894, 0.3308,
         0.1275, 0.4445, 0.4457]])
Y count-scale means tensor([[0.5192, 0.0330, 0.9431, 0.9560, 0.0743, 0.1913, 0.5655, 0.0678, 0.2580,
         0.0304, 0.5866, 0.4116]]) stds tensor([[3.6066, 0.5663, 5.4464, 7.2647, 1.1048, 3.4634, 3.5706, 0.9239, 3.7718,
         0.6219, 8.2377, 2.5260]])
Filled 138353 missing (node, year) entries from neighbors or year averages
[2D] Station nodes: 596, adj nnz: 2980
[shap] Normalisation computed from 13708 station-year entries
[shap] Using checkpoint: /Users/liyingnceas/GitHub/GNN-RNN-main/gnn-lstm-v3/model/FIM_restoration_0412_stations_monthly/2022/gat-rnn-v2-windowed_bs-128_lr-0.001_maxepoch-30_testyear-2022_win-3_nwin-10_seed-0/model-24
  GAT_RNN_V2: edge_feat_dim=3, n_heads=4, n_hidden=64
[shap] Model loaded — 188,512 parameters
/Users/liyingnceas/GitHub/GNN-RNN-main/gnn-lstm-v3/utils/data_utils.py:264: RuntimeWarning: Mean of empty slice
  np.nanmean(county_dict[county], axis=0).astype(np.float32)
/Users/liyingnceas/GitHub/GNN-RNN-main/gnn-lstm-v3/utils/data_utils.py:264: RuntimeWarning: Mean of empty slice
  np.nanmean(county_dict[county], axis=0).astype(np.float32)
[shap] Running baseline inference …
[shap] Baseline mean MSE across species: 0.1128
  [perm] forage                  : mean rel. MSE increase = +0.0124
  [perm] env                     : mean rel. MSE increase = +0.0018
  [perm] restoration             : mean rel. MSE increase = -0.0077
  [perm] habitat_structured      : mean rel. MSE increase = +0.0227
  [perm] habitat_open            : mean rel. MSE increase = +0.0010
  [perm] shoreline               : mean rel. MSE increase = +0.0255
  [perm] water_effort            : mean rel. MSE increase = +0.0227
  [perm] bycatch                 : mean rel. MSE increase = -0.0028
  [perm] na_indicators           : mean rel. MSE increase = -0.0143
  [perm] community_A             : mean rel. MSE increase = -0.0064
  [perm] community_B             : mean rel. MSE increase = -0.0309
[fold 2022] baseline mean MSE = 0.1128; top group: shoreline

======================================================================
[fold] test_year=2023  ckpt_dir=.../2023/.../gat-rnn-v2-windowed_bs-128_lr-0.001_maxepoch-30_testyear-202…
======================================================================
[shap] Loaded 12 target species
[shap] n_env_feats=58, n_community=92
[shap] group_slices (11): forage[2], env[6], restoration[8], habitat_structured[7], habitat_open[7], shoreline[7], water_effort[3], bycatch[14], na_indicators[6], prey_community[47], nonprey_community[45]
[shap] Raw data shape: (54319, 166)
Initially data (54319, 166)
After filtering (54319, 166)
get_X_Y
X shape (54319, 152)
Y shape (54319, 12)
Y (output) means tensor([[0.1486, 0.0122, 0.2527, 0.1742, 0.0258, 0.0593, 0.1586, 0.0231, 0.0559,
         0.0092, 0.0870, 0.1408]]) stds tensor([[0.4879, 0.1340, 0.6208, 0.6049, 0.1951, 0.2934, 0.5104, 0.1894, 0.3308,
         0.1275, 0.4445, 0.4457]])
Y count-scale means tensor([[0.5192, 0.0330, 0.9431, 0.9560, 0.0743, 0.1913, 0.5655, 0.0678, 0.2580,
         0.0304, 0.5866, 0.4116]]) stds tensor([[3.6066, 0.5663, 5.4464, 7.2647, 1.1048, 3.4634, 3.5706, 0.9239, 3.7718,
         0.6219, 8.2377, 2.5260]])
Filled 138353 missing (node, year) entries from neighbors or year averages
[2D] Station nodes: 596, adj nnz: 2980
[shap] Normalisation computed from 14304 station-year entries
[shap] Using checkpoint: /Users/liyingnceas/GitHub/GNN-RNN-main/gnn-lstm-v3/model/FIM_restoration_0412_stations_monthly/2023/gat-rnn-v2-windowed_bs-128_lr-0.001_maxepoch-30_testyear-2023_win-3_nwin-10_seed-0/model-18
  GAT_RNN_V2: edge_feat_dim=3, n_heads=4, n_hidden=64
[shap] Model loaded — 188,512 parameters
[shap] Running baseline inference …
[shap] Baseline mean MSE across species: 0.1211
  [perm] forage                  : mean rel. MSE increase = +0.0269
  [perm] env                     : mean rel. MSE increase = +0.0129
  [perm] restoration             : mean rel. MSE increase = -0.0047
  [perm] habitat_structured      : mean rel. MSE increase = +0.0128
  [perm] habitat_open            : mean rel. MSE increase = -0.0010
  [perm] shoreline               : mean rel. MSE increase = +0.0116
  [perm] water_effort            : mean rel. MSE increase = +0.0187
  [perm] bycatch                 : mean rel. MSE increase = -0.0059
  [perm] na_indicators           : mean rel. MSE increase = +0.0014
  [perm] community_A             : mean rel. MSE increase = +0.0057
  [perm] community_B             : mean rel. MSE increase = -0.0286
[fold 2023] baseline mean MSE = 0.1211; top group: forage

======================================================================
[fold] test_year=2024  ckpt_dir=.../2024/.../gat-rnn-v2-windowed_bs-128_lr-0.001_maxepoch-30_testyear-202…
======================================================================
[shap] Loaded 12 target species
[shap] n_env_feats=58, n_community=92
[shap] group_slices (11): forage[2], env[6], restoration[8], habitat_structured[7], habitat_open[7], shoreline[7], water_effort[3], bycatch[14], na_indicators[6], prey_community[47], nonprey_community[45]
[shap] Raw data shape: (54319, 166)
Initially data (54319, 166)
After filtering (54319, 166)
get_X_Y
X shape (54319, 152)
Y shape (54319, 12)
Y (output) means tensor([[0.1486, 0.0122, 0.2527, 0.1742, 0.0258, 0.0593, 0.1586, 0.0231, 0.0559,
         0.0092, 0.0870, 0.1408]]) stds tensor([[0.4879, 0.1340, 0.6208, 0.6049, 0.1951, 0.2934, 0.5104, 0.1894, 0.3308,
         0.1275, 0.4445, 0.4457]])
Y count-scale means tensor([[0.5192, 0.0330, 0.9431, 0.9560, 0.0743, 0.1913, 0.5655, 0.0678, 0.2580,
         0.0304, 0.5866, 0.4116]]) stds tensor([[3.6066, 0.5663, 5.4464, 7.2647, 1.1048, 3.4634, 3.5706, 0.9239, 3.7718,
         0.6219, 8.2377, 2.5260]])
Filled 138353 missing (node, year) entries from neighbors or year averages
[2D] Station nodes: 596, adj nnz: 2980
[shap] Normalisation computed from 14900 station-year entries
[shap] Using checkpoint: /Users/liyingnceas/GitHub/GNN-RNN-main/gnn-lstm-v3/model/FIM_restoration_0412_stations_monthly/2024/gat-rnn-v2-windowed_bs-128_lr-0.001_maxepoch-30_testyear-2024_win-3_nwin-10_seed-0/model-23
  GAT_RNN_V2: edge_feat_dim=3, n_heads=4, n_hidden=64
[shap] Model loaded — 188,512 parameters
[shap] Running baseline inference …
[shap] Baseline mean MSE across species: 0.0954
  [perm] forage                  : mean rel. MSE increase = +0.0338
  [perm] env                     : mean rel. MSE increase = -0.0040
  [perm] restoration             : mean rel. MSE increase = -0.0029
  [perm] habitat_structured      : mean rel. MSE increase = +0.0345
  [perm] habitat_open            : mean rel. MSE increase = +0.0058
  [perm] shoreline               : mean rel. MSE increase = +0.0404
  [perm] water_effort            : mean rel. MSE increase = +0.0166
  [perm] bycatch                 : mean rel. MSE increase = -0.0025
  [perm] na_indicators           : mean rel. MSE increase = +0.0121
  [perm] community_A             : mean rel. MSE increase = -0.0060
  [perm] community_B             : mean rel. MSE increase = -0.0521
[fold 2024] baseline mean MSE = 0.0954; top group: shoreline

Saved long-format CSV: /Users/liyingnceas/GitHub/GNN-RNN-main/gnn-lstm-v3/analysis/figures/shap_v1_importance_long.csv  (1980 rows)
Saved mean wide CSV: /Users/liyingnceas/GitHub/GNN-RNN-main/gnn-lstm-v3/analysis/figures/shap_v1_importance_mean.csv  shape=(12, 11)
Saved 3 figures to /Users/liyingnceas/GitHub/GNN-RNN-main/gnn-lstm-v3/analysis/figures/

======================================================================
Run A — Predictor importance summary  (mean across 15 folds)
======================================================================

Group ranking (mean rel. MSE increase, averaged across all 12 species):
  forage                  +0.0303  ██████
  water_effort            +0.0230  ████
  shoreline               +0.0140  ██
  habitat_structured      +0.0113  ██
  env                     +0.0052  █
  na_indicators           +0.0011  █
  bycatch                 -0.0002  █
  habitat_open            -0.0009  █
  restoration             -0.0038  █
  community_A             -0.0051  █
  community_B             -0.0163  █

Per-species top-3 predictor groups:
  Blue Crab (Recruit)           env(+0.032)  community_A(+0.028)  shoreline(+0.025)
  Common Snook (Adult)          forage(+0.075)  water_effort(+0.062)  habitat_structured(+0.013)
  Common Snook (Sub-adult)      community_B(+0.013)  env(+0.009)  community_A(+0.005)
  Gag Grouper (Sub-adult)       forage(+0.066)  habitat_structured(+0.050)  shoreline(+0.045)
  Gray Snapper (Recruit)        habitat_structured(+0.010)  habitat_open(+0.009)  forage(+0.009)
  Gray Snapper (Sub-adult)      forage(+0.093)  water_effort(+0.051)  habitat_structured(+0.020)
  Red Drum (Recruit)            shoreline(+0.009)  habitat_open(+0.008)  env(+0.005)
  Red Drum (Sub-adult)          water_effort(+0.044)  forage(+0.024)  habitat_open(+0.013)
  Sheepshead (Adult)            water_effort(+0.062)  forage(+0.061)  habitat_structured(+0.008)
  Sheepshead (Recruit)          shoreline(+0.061)  forage(+0.037)  habitat_structured(+0.011)
  Spotted Seatrout (Adult)      water_effort(+0.021)  bycatch(+0.005)  env(+0.002)
  Spotted Seatrout (Recruit)    habitat_structured(+0.010)  habitat_open(+0.009)  water_effort(+0.008)
