Device cpu
  [all_species_targets] Promoted 92 community species to targets. Total targets: 106
FIM targets: 106 life-stage species (_A/_R/_SA/_J)
FIM forage (input only): []
FIM community species as input features: 0
FIM n_env_feats: 58
HybridEncoder individual_indices: 0 features
HybridEncoder group_slices: [(0, 6, 'env'), (6, 14, 'restoration'), (14, 21, 'habitat_structured'), (21, 28, 'habitat_open'), (28, 35, 'shoreline'), (35, 38, 'water_effort'), (38, 52, 'bycatch'), (52, 58, 'na_indicators')]
FIM dataset: 106 species, time_intervals=1
Time intervals 1

================================================================
Rolling-windowed  test_year=2010
  Val  : 2009
  Test : 2010
  win_size=3  n_windows=10
================================================================
Initially data (54319, 166)
After filtering (24937, 166)
[data hygiene] 25 target column(s) look like raw counts (max > 15); applying log1p
get_X_Y
X shape (24937, 58)
Y shape (24937, 106)
Y (output) means tensor([[1.4472e-01, 1.2719e-02, 2.6703e-01, 1.6736e-01, 1.4174e-02, 6.2409e-02,
         1.6877e-01, 6.4030e-01, 8.4186e-01, 2.1815e-02, 4.3262e-02, 1.4125e-02,
         7.4265e-02, 1.4725e-01, 3.2016e+00, 2.8519e+00, 2.0611e+00, 7.0407e-01,
         7.2471e-01, 3.1507e+00, 5.4125e-02, 1.0655e-01, 5.8289e-02, 5.7019e-02,
         2.9812e-01, 2.8947e-01, 3.4558e-01, 3.5913e-01, 1.5922e+00, 6.2996e-01,
         7.6118e-01, 1.5639e-01, 9.6154e-05, 2.3007e-01, 3.0070e-02, 0.0000e+00,
         9.0660e-01, 6.2459e-01, 4.9205e-02, 4.5466e-01, 2.0750e+00, 3.9981e-01,
         1.7302e-01, 3.9922e+00, 1.2837e+00, 3.4761e+00, 1.5759e+00, 1.1758e+00,
         2.8052e+00, 2.7001e+00, 8.2992e-01, 1.8967e+00, 2.0973e-02, 1.4286e-01,
         5.3022e-01, 4.6414e-02, 1.1409e-02, 2.3495e-03, 4.2640e-02, 2.8748e-02,
         7.2115e-06, 1.9279e-02, 1.4705e-02, 8.2610e-03, 2.3990e-03, 0.0000e+00,
         1.1298e-01, 1.1298e-01, 1.1298e-01, 1.1298e-01, 5.5389e-01, 5.4120e-01,
         4.8816e-02, 4.1201e-02, 8.8240e-02, 1.0253e+00, 1.6007e-02, 3.6941e-02,
         6.2169e-02, 8.1238e-02, 6.1780e-03, 5.0047e-02, 4.6894e-03, 9.2965e-01,
         3.6593e-01, 6.9674e-02, 1.3110e-01, 2.8646e-03, 9.1873e-02, 8.3781e-03,
         8.1685e-03, 7.3288e-02, 9.9129e-02, 1.2375e-01, 1.1378e-01, 7.7275e-03,
         2.1183e-02, 1.1465e-02, 2.2213e-02, 1.7877e-02, 1.6760e-02, 8.0819e-03,
         2.4327e-02, 5.3006e-03, 4.1332e-01, 1.4788e-02]]) stds tensor([[4.7591e-01, 1.4252e-01, 6.4497e-01, 5.9566e-01, 1.4318e-01, 3.0484e-01,
         5.3254e-01, 1.4282e+00, 1.5683e+00, 1.8561e-01, 2.8516e-01, 1.6119e-01,
         4.0453e-01, 4.6112e-01, 2.3884e-01, 9.4479e-01, 2.6629e-01, 3.0235e-01,
         4.4662e-01, 1.7815e+00, 2.8258e-01, 7.0465e-01, 3.2533e-01, 3.1090e-01,
         1.5363e+00, 1.4781e+00, 1.8371e+00, 1.8739e+00, 1.9850e+00, 4.7207e-01,
         4.1493e-01, 3.5100e-01, 9.8051e-03, 8.9343e-01, 3.2031e-01, 1.0000e+00,
         1.5782e+00, 1.4164e+00, 4.2019e-01, 6.9572e-01, 1.6761e+00, 4.8988e-01,
         1.0818e+00, 4.6229e+00, 3.1545e+00, 4.5269e+00, 1.8489e+00, 1.2013e+00,
         1.3782e+00, 1.7189e+00, 3.7860e-01, 1.4363e+00, 1.8009e-01, 5.6473e-01,
         1.2573e+00, 2.7329e-01, 1.3498e-01, 9.2546e-02, 3.4412e-01, 2.2051e-01,
         1.0400e-03, 1.4064e-01, 1.7043e-01, 1.2917e-01, 1.4931e-01, 1.0000e+00,
         3.1661e-01, 3.1661e-01, 3.1661e-01, 3.1661e-01, 4.9710e-01, 4.9830e-01,
         2.5800e-01, 3.6700e-01, 5.2042e-01, 2.1130e+00, 1.4720e-01, 2.2558e-01,
         3.7715e-01, 4.3791e-01, 1.3089e-01, 3.8495e-01, 9.9560e-02, 1.6207e+00,
         8.9167e-01, 4.0128e-01, 6.6370e-01, 6.5470e-02, 4.6141e-01, 1.3834e-01,
         1.3177e-01, 4.7008e-01, 4.1392e-01, 5.0207e-01, 4.4794e-01, 1.2501e-01,
         1.5858e-01, 1.5473e-01, 2.2037e-01, 1.8989e-01, 1.8729e-01, 1.2946e-01,
         2.6292e-01, 1.2570e-01, 1.2119e+00, 1.5773e-01]])
Y count-scale means tensor([[4.7995e-01, 3.8462e-02, 1.0546e+00, 9.2712e-01, 3.8750e-02, 1.9678e-01,
         6.3365e-01, 1.4055e+01, 2.7378e+01, 6.5048e-02, 1.8567e-01, 4.8798e-02,
         5.0606e-01, 4.4933e-01, 2.4229e+01, 2.1629e+01, 7.1227e+00, 1.1331e+00,
         1.2455e+00, 7.6954e+01, 1.3966e-01, 3.3923e+01, 2.7926e-01, 2.0662e-01,
         5.0238e+02, 3.2514e+02, 3.6762e+03, 3.9851e+03, 2.4681e+01, 1.0740e+00,
         1.3000e+00, 2.6141e-01, 1.6522e-04, 2.8767e+00, 3.1653e-01, 0.0000e+00,
         1.0871e+01, 8.3873e+00, 5.9136e-01, 1.6426e+00, 2.5677e+01, 6.8706e-01,
         1.7384e+02, 7.4879e+03, 2.2638e+03, 6.6469e+03, 2.3970e+01, 8.5503e+00,
         3.6006e+01, 3.6641e+01, 1.5072e+00, 1.5823e+01, 7.2652e-02, 1.2506e+00,
         1.3877e+01, 1.6934e-01, 4.7201e-02, 1.0787e-01, 6.1603e-01, 1.5289e-01,
         7.7805e-06, 4.3766e-02, 7.7663e-02, 4.3053e-02, 1.0352e+01, 0.0000e+00,
         1.9413e-01, 1.9413e-01, 1.9413e-01, 1.9413e-01, 9.5189e-01, 9.3008e-01,
         1.4798e-01, 5.1688e-01, 2.6134e+00, 2.7225e+02, 4.0481e-02, 9.5385e-02,
         3.7226e-01, 6.0486e-01, 5.1106e-02, 8.7995e-01, 2.4423e-02, 2.0047e+01,
         3.0278e+00, 4.2231e-01, 2.6117e+00, 8.5577e-03, 5.7942e-01, 4.2788e-02,
         5.4615e-02, 1.1795e+00, 3.7707e-01, 6.7000e-01, 4.7822e-01, 4.0529e-02,
         4.6923e-02, 5.9231e-02, 1.3058e-01, 7.7115e-02, 7.5865e-02, 3.5000e-02,
         4.1288e-01, 9.2788e-02, 1.6869e+01, 4.8029e-02]]) stds tensor([[3.2201e+00, 6.9984e-01, 6.2948e+00, 7.0654e+00, 6.5841e-01, 2.0970e+00,
         4.1402e+00, 7.0738e+01, 1.8693e+02, 8.7345e-01, 2.7362e+00, 8.0355e-01,
         9.2696e+00, 2.7550e+00, 5.4236e+00, 1.0935e+01, 2.0416e+00, 9.2472e-01,
         7.6750e-01, 1.1534e+02, 9.0303e-01, 8.5089e+02, 4.0566e+00, 2.0844e+00,
         4.8907e+03, 3.5548e+03, 3.5265e+04, 3.7388e+04, 3.5607e+01, 8.1437e-01,
         7.1905e-01, 5.9742e-01, 1.6848e-02, 1.3356e+01, 4.2061e+00, 1.0000e+00,
         2.3429e+01, 2.2222e+01, 6.0410e+00, 6.9837e+00, 4.1087e+01, 8.4167e-01,
         1.8930e+03, 1.0311e+04, 6.6344e+03, 1.0018e+04, 4.7976e+01, 2.1782e+01,
         4.0161e+01, 3.6197e+01, 1.4418e+00, 1.8583e+01, 1.6792e+00, 1.7212e+01,
         8.8180e+01, 2.0632e+00, 1.4293e+00, 1.2604e+01, 1.4820e+01, 4.7204e+00,
         1.1221e-03, 7.5700e-01, 1.9127e+00, 1.4797e+00, 1.1503e+03, 1.0000e+00,
         5.4389e-01, 5.4389e-01, 5.4389e-01, 5.4389e-01, 8.5411e-01, 8.5621e-01,
         2.5371e+00, 8.2392e+00, 6.7232e+01, 3.1861e+03, 7.2738e-01, 9.6775e-01,
         4.4037e+00, 8.3083e+00, 1.9874e+00, 2.2879e+01, 9.5559e-01, 9.3559e+01,
         2.1775e+01, 4.3966e+00, 3.7265e+01, 3.8125e-01, 6.3895e+00, 1.1275e+00,
         2.3631e+00, 2.2764e+01, 3.1187e+00, 6.8199e+00, 4.2412e+00, 1.6360e+00,
         5.8570e-01, 1.9301e+00, 3.7973e+00, 1.3782e+00, 1.4015e+00, 8.5817e-01,
         1.7644e+01, 5.2782e+00, 2.0322e+02, 8.2619e-01]])
Loaded per-window (calendar) month weights from analysis/figures/month_weights_per_window.npz: cube.shape=(25, 12, 106)
/Users/liyingnceas/GitHub/GNN-RNN-main/gnn-lstm-v3/utils/data_utils.py:258: RuntimeWarning: Mean of empty slice
  np.nanmean(county_dict[county], axis=0).astype(np.float32)
Filled 62371 missing (node, year) entries from neighbors or year averages
[2D] Station nodes: 586, adj nnz: 2905
[build_year_XY_windowed] data_start=1998, min_pred_year=2009, test_year=2010, win_size=3, n_windows=10
  built windows for T=2009
[build_year_XY_windowed] built windowed XY for 2 prediction years (2009–2010)
  GAT_RNN_V2: edge_feat_dim=3, n_heads=4, n_hidden=64

----- Epoch 0 (windowed) -----

###### Windowed train epoch 0 overall metrics
  loss: 0.2508 rmse: 1287.807 r2: 0.000 corr: 0.140
***** Epoch 0 Val (windowed) *****
  loss: 0.0443 rmse: 1287.955 r2: 0.000 corr: 0.149
********************
***** Epoch 0 Test (windowed) *****
  loss: 0.0462 rmse: 1528.024 r2: 0.000 corr: 0.122
********************
  Epoch 0 done in 15.0s
  Saved best model → model/FIM_restoration_0412_stations_monthly/2010/gat-rnn-v2-windowed_bs-128_lr-0.001_maxepoch-50_testyear-2010_win-3_nwin-10_seed-0/model-0

----- Epoch 1 (windowed) -----

###### Windowed train epoch 1 overall metrics
  loss: 0.2476 rmse: 1287.571 r2: 0.001 corr: 0.141
***** Epoch 1 Val (windowed) *****
  loss: 0.0425 rmse: 1287.391 r2: 0.001 corr: 0.164
********************
***** Epoch 1 Test (windowed) *****
  loss: 0.0439 rmse: 1527.553 r2: 0.001 corr: 0.135
********************
  Epoch 1 done in 14.5s
  Saved best model → model/FIM_restoration_0412_stations_monthly/2010/gat-rnn-v2-windowed_bs-128_lr-0.001_maxepoch-50_testyear-2010_win-3_nwin-10_seed-0/model-1

----- Epoch 2 (windowed) -----

###### Windowed train epoch 2 overall metrics
  loss: 0.2439 rmse: 1286.522 r2: 0.002 corr: 0.146
***** Epoch 2 Val (windowed) *****
  loss: 0.0395 rmse: 1286.605 r2: 0.002 corr: 0.177
********************
***** Epoch 2 Test (windowed) *****
  loss: 0.0418 rmse: 1526.894 r2: 0.002 corr: 0.147
********************
  Epoch 2 done in 15.0s
  Saved best model → model/FIM_restoration_0412_stations_monthly/2010/gat-rnn-v2-windowed_bs-128_lr-0.001_maxepoch-50_testyear-2010_win-3_nwin-10_seed-0/model-2

----- Epoch 3 (windowed) -----

###### Windowed train epoch 3 overall metrics
  loss: 0.2398 rmse: 1285.689 r2: 0.004 corr: 0.151
***** Epoch 3 Val (windowed) *****
  loss: 0.0380 rmse: 1285.315 r2: 0.004 corr: 0.195
********************
***** Epoch 3 Test (windowed) *****
  loss: 0.0395 rmse: 1525.808 r2: 0.003 corr: 0.162
********************
  Epoch 3 done in 17.0s
  Saved best model → model/FIM_restoration_0412_stations_monthly/2010/gat-rnn-v2-windowed_bs-128_lr-0.001_maxepoch-50_testyear-2010_win-3_nwin-10_seed-0/model-3

----- Epoch 4 (windowed) -----

###### Windowed train epoch 4 overall metrics
  loss: 0.2345 rmse: 1285.588 r2: 0.004 corr: 0.201
***** Epoch 4 Val (windowed) *****
  loss: 0.0364 rmse: 1282.330 r2: 0.009 corr: 0.218
********************
***** Epoch 4 Test (windowed) *****
  loss: 0.0384 rmse: 1523.239 r2: 0.006 corr: 0.184
********************
  Epoch 4 done in 16.2s
  Saved best model → model/FIM_restoration_0412_stations_monthly/2010/gat-rnn-v2-windowed_bs-128_lr-0.001_maxepoch-50_testyear-2010_win-3_nwin-10_seed-0/model-4

----- Epoch 5 (windowed) -----

###### Windowed train epoch 5 overall metrics
  loss: 0.2304 rmse: 1280.193 r2: 0.012 corr: 0.194
***** Epoch 5 Val (windowed) *****
  loss: 0.0348 rmse: 1273.406 r2: 0.023 corr: 0.224
********************
***** Epoch 5 Test (windowed) *****
  loss: 0.0372 rmse: 1515.704 r2: 0.016 corr: 0.189
********************
  Epoch 5 done in 16.7s
  Saved best model → model/FIM_restoration_0412_stations_monthly/2010/gat-rnn-v2-windowed_bs-128_lr-0.001_maxepoch-50_testyear-2010_win-3_nwin-10_seed-0/model-5
