Device cpu
  [prevalence_target_min=0.1] Promoted 20 community species to targets. Total targets: 34. Demoted 72 rare species to input features.
FIM targets: 34 life-stage species (_A/_R/_SA/_J)
FIM forage (input only): []
FIM community species as input features: 72
FIM n_env_feats: 58
HybridEncoder individual_indices: 0 features
HybridEncoder group_slices: [(0, 72, 'other_species'), (72, 78, 'env'), (78, 86, 'restoration'), (86, 93, 'habitat_structured'), (93, 100, 'habitat_open'), (100, 107, 'shoreline'), (107, 110, 'water_effort'), (110, 124, 'bycatch'), (124, 130, 'na_indicators')]
FIM dataset: 34 species, time_intervals=1
Time intervals 1

================================================================
Rolling-windowed  test_year=2010
  Val  : 2009
  Test : 2010
  win_size=3  n_windows=10
================================================================
Initially data (54319, 166)
After filtering (24937, 166)
get_X_Y
X shape (24937, 130)
Y shape (24937, 34)
Y (output) means tensor([[0.1447, 0.0127, 0.2670, 0.1674, 0.0142, 0.0624, 0.1688, 0.6403, 0.8419,
         0.0218, 0.0433, 0.0141, 0.0743, 0.1473, 1.0253, 0.9296, 0.3659, 0.4133,
         0.9961, 0.4017, 0.1961, 0.2287, 0.4237, 0.1708, 0.4009, 0.4735, 0.2990,
         0.6411, 0.5361, 0.1538, 0.2455, 0.0967, 0.1378, 0.1352]]) stds tensor([[0.4759, 0.1425, 0.6450, 0.5957, 0.1432, 0.3048, 0.5325, 1.4282, 1.5683,
         0.1856, 0.2852, 0.1612, 0.4045, 0.4611, 2.1130, 1.6207, 0.8917, 1.2119,
         1.7277, 0.9473, 0.5522, 0.7063, 1.1073, 0.5803, 1.0032, 1.0510, 0.7432,
         1.3859, 1.0639, 0.4535, 0.7875, 0.3237, 0.4091, 0.3811]])
Y count-scale means tensor([[4.7995e-01, 3.8462e-02, 1.0546e+00, 9.2712e-01, 3.8750e-02, 1.9678e-01,
         6.3365e-01, 1.4055e+01, 2.7378e+01, 6.5048e-02, 1.8567e-01, 4.8798e-02,
         5.0606e-01, 4.4933e-01, 2.7225e+02, 2.0047e+01, 3.0278e+00, 1.6869e+01,
         3.3809e+01, 3.3352e+00, 6.7707e-01, 1.6736e+00, 8.3841e+00, 1.6151e+00,
         3.6877e+00, 4.3880e+00, 1.4438e+00, 2.4749e+01, 6.4391e+00, 4.7606e-01,
         2.7440e+00, 1.9995e-01, 3.3154e-01, 2.8462e-01]]) stds tensor([[3.2201e+00, 6.9984e-01, 6.2948e+00, 7.0654e+00, 6.5841e-01, 2.0970e+00,
         4.1402e+00, 7.0738e+01, 1.8693e+02, 8.7345e-01, 2.7362e+00, 8.0355e-01,
         9.2696e+00, 2.7550e+00, 3.1861e+03, 9.3559e+01, 2.1775e+01, 2.0322e+02,
         2.6768e+02, 1.9449e+01, 3.6295e+00, 1.6226e+01, 8.1280e+01, 5.2445e+01,
         1.7698e+01, 2.4202e+01, 7.7699e+00, 4.5895e+02, 7.6858e+01, 5.7896e+00,
         2.6420e+01, 9.0255e-01, 1.5608e+00, 1.1253e+00]])
Loaded per-window (calendar) month weights from analysis/figures/month_weights_per_window.npz: cube.shape=(25, 12, 34)
/Users/liyingnceas/GitHub/GNN-RNN-main/gnn-lstm-v3/utils/data_utils.py:264: RuntimeWarning: Mean of empty slice
  np.nanmean(county_dict[county], axis=0).astype(np.float32)
Filled 62371 missing (node, year) entries from neighbors or year averages
[2D] Station nodes: 586, adj nnz: 2905
[build_year_XY_windowed] data_start=1998, min_pred_year=2009, test_year=2010, win_size=3, n_windows=10
  built windows for T=2009
[build_year_XY_windowed] built windowed XY for 2 prediction years (2009–2010)
  GAT_RNN_V2: edge_feat_dim=3, n_heads=4, n_hidden=64
  [CrossDonor] Ecological cross-donor map (9 recipients):
    Centropomus undecimalis_A  <-  ['Cynoscion nebulosus_R', 'Cynoscion nebulosus_A']
    Centropomus undecimalis_SA  <-  ['Cynoscion nebulosus_R', 'Centropomus undecimalis_A']
    Sciaenops ocellatus_R  <-  ['Cynoscion nebulosus_R', 'Cynoscion nebulosus_A']
    Sciaenops ocellatus_SA  <-  ['Cynoscion nebulosus_R', 'Cynoscion nebulosus_A']
    Cynoscion nebulosus_A  <-  ['Cynoscion nebulosus_R', 'Lagodon rhomboides_A']
    Mycteroperca microlepis_SA  <-  ['Lutjanus griseus_SA', 'Lutjanus griseus_R']
    Lutjanus griseus_R  <-  ['Archosargus probatocephalus_A', 'Lutjanus griseus_SA']
    Lutjanus griseus_SA  <-  ['Archosargus probatocephalus_A']
    Archosargus probatocephalus_R  <-  ['Archosargus probatocephalus_A', 'Lagodon rhomboides_A']
  [BayesTransferMapped] 9 recipient → donor mappings:
    recipient   3 <- donors [6, 5]
    recipient   4 <- donors [6, 3]
    recipient  12 <- donors [6, 5]
    recipient  13 <- donors [6, 5]
    recipient   5 <- donors [6, 7]
    recipient  11 <- donors [10, 9]
    recipient   9 <- donors [0, 10]
    recipient  10 <- donors [0]
    recipient   1 <- donors [0, 7]
  [BayesTransferMapped] transfer_prior_std=0.300  warmstart_alpha=0.50

----- Epoch 0 (windowed) -----

###### Windowed train epoch 0 overall metrics
  loss: 0.1951 rmse: 27.767 r2: 0.001 corr: 0.044
***** Epoch 0 Val (windowed) *****
  loss: 0.0750 rmse: 27.739 r2: 0.003 corr: 0.067
********************
***** Epoch 0 Test (windowed) *****
  loss: 0.0754 rmse: 17.486 r2: 0.008 corr: 0.102
********************
  Epoch 0 done in 10.8s
  Saved best model → model/FIM_restoration_0412_stations_monthly/2010/gat-rnn-v2-windowed_bs-128_lr-0.001_maxepoch-50_testyear-2010_win-3_nwin-10_seed-0/model-0

----- Epoch 1 (windowed) -----

###### Windowed train epoch 1 overall metrics
  loss: 0.1926 rmse: 27.733 r2: 0.004 corr: 0.066
***** Epoch 1 Val (windowed) *****
  loss: 0.0744 rmse: 27.718 r2: 0.005 corr: 0.073
********************
***** Epoch 1 Test (windowed) *****
  loss: 0.0748 rmse: 17.460 r2: 0.011 corr: 0.108
********************
  Epoch 1 done in 11.1s
  Saved best model → model/FIM_restoration_0412_stations_monthly/2010/gat-rnn-v2-windowed_bs-128_lr-0.001_maxepoch-50_testyear-2010_win-3_nwin-10_seed-0/model-1

----- Epoch 2 (windowed) -----

###### Windowed train epoch 2 overall metrics
  loss: 0.1914 rmse: 27.720 r2: 0.005 corr: 0.071
***** Epoch 2 Val (windowed) *****
  loss: 0.0741 rmse: 27.726 r2: 0.004 corr: 0.068
********************
***** Epoch 2 Test (windowed) *****
  loss: 0.0744 rmse: 17.467 r2: 0.010 corr: 0.103
********************
  Epoch 2 done in 11.1s

----- Epoch 3 (windowed) -----

###### Windowed train epoch 3 overall metrics
  loss: 0.1906 rmse: 27.732 r2: 0.004 corr: 0.063
***** Epoch 3 Val (windowed) *****
  loss: 0.0732 rmse: 27.732 r2: 0.004 corr: 0.065
********************
***** Epoch 3 Test (windowed) *****
  loss: 0.0733 rmse: 17.473 r2: 0.010 corr: 0.101
********************
  Epoch 3 done in 11.0s

----- Epoch 4 (windowed) -----

###### Windowed train epoch 4 overall metrics
  loss: 0.1887 rmse: 27.731 r2: 0.004 corr: 0.065
***** Epoch 4 Val (windowed) *****
  loss: 0.0718 rmse: 27.726 r2: 0.004 corr: 0.067
********************
***** Epoch 4 Test (windowed) *****
  loss: 0.0722 rmse: 17.463 r2: 0.011 corr: 0.105
********************
  Epoch 4 done in 11.0s

----- Epoch 5 (windowed) -----

###### Windowed train epoch 5 overall metrics
  loss: 0.1861 rmse: 27.731 r2: 0.004 corr: 0.063
***** Epoch 5 Val (windowed) *****
  loss: 0.0707 rmse: 27.723 r2: 0.005 corr: 0.067
********************
***** Epoch 5 Test (windowed) *****
  loss: 0.0707 rmse: 17.457 r2: 0.011 corr: 0.106
********************
  Epoch 5 done in 10.0s

----- Epoch 6 (windowed) -----

###### Windowed train epoch 6 overall metrics
  loss: 0.1839 rmse: 27.726 r2: 0.004 corr: 0.066
***** Epoch 6 Val (windowed) *****
  loss: 0.0696 rmse: 27.723 r2: 0.005 corr: 0.068
********************
***** Epoch 6 Test (windowed) *****
  loss: 0.0698 rmse: 17.444 r2: 0.013 corr: 0.114
********************
  Epoch 6 done in 10.4s

----- Epoch 7 (windowed) -----

###### Windowed train epoch 7 overall metrics
  loss: 0.1822 rmse: 27.745 r2: 0.003 corr: 0.063
***** Epoch 7 Val (windowed) *****
  loss: 0.0685 rmse: 27.767 r2: 0.001 corr: 0.058
********************
***** Epoch 7 Test (windowed) *****
  loss: 0.0691 rmse: 17.515 r2: 0.005 corr: 0.101
********************
  Epoch 7 done in 10.2s

----- Epoch 8 (windowed) -----

###### Windowed train epoch 8 overall metrics
  loss: 0.1805 rmse: 27.776 r2: 0.001 corr: 0.056
***** Epoch 8 Val (windowed) *****
  loss: 0.0677 rmse: 27.725 r2: 0.004 corr: 0.069
********************
***** Epoch 8 Test (windowed) *****
  loss: 0.0684 rmse: 17.446 r2: 0.013 corr: 0.117
********************
  Epoch 8 done in 9.8s

----- Epoch 9 (windowed) -----

###### Windowed train epoch 9 overall metrics
  loss: 0.1791 rmse: 27.748 r2: 0.003 corr: 0.065
***** Epoch 9 Val (windowed) *****
  loss: 0.0670 rmse: 27.718 r2: 0.005 corr: 0.076
********************
***** Epoch 9 Test (windowed) *****
  loss: 0.0674 rmse: 17.443 r2: 0.013 corr: 0.127
********************
  Epoch 9 done in 9.9s
  Saved best model → model/FIM_restoration_0412_stations_monthly/2010/gat-rnn-v2-windowed_bs-128_lr-0.001_maxepoch-50_testyear-2010_win-3_nwin-10_seed-0/model-9

----- Epoch 10 (windowed) -----

###### Windowed train epoch 10 overall metrics
  loss: 0.1777 rmse: 27.698 r2: 0.006 corr: 0.082
***** Epoch 10 Val (windowed) *****
  loss: 0.0663 rmse: 27.727 r2: 0.004 corr: 0.075
********************
***** Epoch 10 Test (windowed) *****
  loss: 0.0665 rmse: 17.489 r2: 0.008 corr: 0.121
********************
  Epoch 10 done in 10.6s

----- Epoch 11 (windowed) -----

###### Windowed train epoch 11 overall metrics
  loss: 0.1758 rmse: 27.781 r2: 0.000 corr: 0.065
***** Epoch 11 Val (windowed) *****
  loss: 0.0652 rmse: 27.679 r2: 0.008 corr: 0.088
********************
***** Epoch 11 Test (windowed) *****
  loss: 0.0660 rmse: 17.386 r2: 0.019 corr: 0.142
********************
  Epoch 11 done in 9.2s
  Saved best model → model/FIM_restoration_0412_stations_monthly/2010/gat-rnn-v2-windowed_bs-128_lr-0.001_maxepoch-50_testyear-2010_win-3_nwin-10_seed-0/model-11

----- Epoch 12 (windowed) -----

###### Windowed train epoch 12 overall metrics
  loss: 0.1744 rmse: 27.710 r2: 0.005 corr: 0.083
***** Epoch 12 Val (windowed) *****
  loss: 0.0646 rmse: 27.647 r2: 0.010 corr: 0.100
********************
***** Epoch 12 Test (windowed) *****
  loss: 0.0651 rmse: 17.353 r2: 0.023 corr: 0.154
********************
  Epoch 12 done in 10.4s
  Saved best model → model/FIM_restoration_0412_stations_monthly/2010/gat-rnn-v2-windowed_bs-128_lr-0.001_maxepoch-50_testyear-2010_win-3_nwin-10_seed-0/model-12

----- Epoch 13 (windowed) -----

###### Windowed train epoch 13 overall metrics
  loss: 0.1735 rmse: 27.757 r2: 0.002 corr: 0.079
***** Epoch 13 Val (windowed) *****
  loss: 0.0636 rmse: 27.629 r2: 0.011 corr: 0.106
********************
***** Epoch 13 Test (windowed) *****
  loss: 0.0643 rmse: 17.324 r2: 0.026 corr: 0.164
********************
  Epoch 13 done in 9.5s
  Saved best model → model/FIM_restoration_0412_stations_monthly/2010/gat-rnn-v2-windowed_bs-128_lr-0.001_maxepoch-50_testyear-2010_win-3_nwin-10_seed-0/model-13

----- Epoch 14 (windowed) -----

###### Windowed train epoch 14 overall metrics
  loss: 0.1717 rmse: 27.662 r2: 0.009 corr: 0.097
***** Epoch 14 Val (windowed) *****
  loss: 0.0631 rmse: 27.620 r2: 0.012 corr: 0.110
********************
***** Epoch 14 Test (windowed) *****
  loss: 0.0640 rmse: 17.328 r2: 0.026 corr: 0.168
********************
  Epoch 14 done in 10.5s
  Saved best model → model/FIM_restoration_0412_stations_monthly/2010/gat-rnn-v2-windowed_bs-128_lr-0.001_maxepoch-50_testyear-2010_win-3_nwin-10_seed-0/model-14

----- Epoch 15 (windowed) -----

###### Windowed train epoch 15 overall metrics
  loss: 0.1705 rmse: 27.655 r2: 0.009 corr: 0.107
***** Epoch 15 Val (windowed) *****
  loss: 0.0626 rmse: 27.545 r2: 0.017 corr: 0.133
********************
***** Epoch 15 Test (windowed) *****
  loss: 0.0638 rmse: 17.257 r2: 0.034 corr: 0.187
********************
  Epoch 15 done in 10.4s
  Saved best model → model/FIM_restoration_0412_stations_monthly/2010/gat-rnn-v2-windowed_bs-128_lr-0.001_maxepoch-50_testyear-2010_win-3_nwin-10_seed-0/model-15

----- Epoch 16 (windowed) -----

###### Windowed train epoch 16 overall metrics
  loss: 0.1698 rmse: 27.546 r2: 0.017 corr: 0.132
***** Epoch 16 Val (windowed) *****
  loss: 0.0619 rmse: 27.617 r2: 0.012 corr: 0.117
********************
***** Epoch 16 Test (windowed) *****
  loss: 0.0626 rmse: 17.415 r2: 0.016 corr: 0.165
********************
  Epoch 16 done in 9.9s

----- Epoch 17 (windowed) -----

###### Windowed train epoch 17 overall metrics
  loss: 0.1682 rmse: 27.713 r2: 0.005 corr: 0.110
***** Epoch 17 Val (windowed) *****
  loss: 0.0612 rmse: 27.455 r2: 0.024 corr: 0.157
********************
***** Epoch 17 Test (windowed) *****
  loss: 0.0620 rmse: 17.162 r2: 0.044 corr: 0.213
********************
  Epoch 17 done in 9.7s
  Saved best model → model/FIM_restoration_0412_stations_monthly/2010/gat-rnn-v2-windowed_bs-128_lr-0.001_maxepoch-50_testyear-2010_win-3_nwin-10_seed-0/model-17

----- Epoch 18 (windowed) -----

###### Windowed train epoch 18 overall metrics
  loss: 0.1668 rmse: 27.627 r2: 0.011 corr: 0.118
***** Epoch 18 Val (windowed) *****
  loss: 0.0602 rmse: 27.377 r2: 0.029 corr: 0.174
********************
***** Epoch 18 Test (windowed) *****
  loss: 0.0615 rmse: 17.093 r2: 0.052 corr: 0.232
********************
  Epoch 18 done in 10.3s
  Saved best model → model/FIM_restoration_0412_stations_monthly/2010/gat-rnn-v2-windowed_bs-128_lr-0.001_maxepoch-50_testyear-2010_win-3_nwin-10_seed-0/model-18

----- Epoch 19 (windowed) -----

###### Windowed train epoch 19 overall metrics
  loss: 0.1658 rmse: 27.393 r2: 0.028 corr: 0.171
***** Epoch 19 Val (windowed) *****
  loss: 0.0597 rmse: 27.514 r2: 0.019 corr: 0.144
********************
***** Epoch 19 Test (windowed) *****
  loss: 0.0609 rmse: 17.284 r2: 0.031 corr: 0.199
********************
  Epoch 19 done in 10.5s

----- Epoch 20 (windowed) -----

###### Windowed train epoch 20 overall metrics
  loss: 0.1650 rmse: 27.668 r2: 0.008 corr: 0.132
***** Epoch 20 Val (windowed) *****
  loss: 0.0589 rmse: 27.299 r2: 0.035 corr: 0.189
********************
***** Epoch 20 Test (windowed) *****
  loss: 0.0602 rmse: 17.044 r2: 0.058 corr: 0.248
********************
  Epoch 20 done in 10.5s
  Saved best model → model/FIM_restoration_0412_stations_monthly/2010/gat-rnn-v2-windowed_bs-128_lr-0.001_maxepoch-50_testyear-2010_win-3_nwin-10_seed-0/model-20

----- Epoch 21 (windowed) -----

###### Windowed train epoch 21 overall metrics
  loss: 0.1635 rmse: 27.557 r2: 0.016 corr: 0.138
***** Epoch 21 Val (windowed) *****
  loss: 0.0584 rmse: 27.279 r2: 0.036 corr: 0.193
********************
***** Epoch 21 Test (windowed) *****
  loss: 0.0602 rmse: 16.987 r2: 0.064 corr: 0.255
********************
  Epoch 21 done in 9.8s
  Saved best model → model/FIM_restoration_0412_stations_monthly/2010/gat-rnn-v2-windowed_bs-128_lr-0.001_maxepoch-50_testyear-2010_win-3_nwin-10_seed-0/model-21

----- Epoch 22 (windowed) -----

###### Windowed train epoch 22 overall metrics
  loss: 0.1624 rmse: 27.307 r2: 0.034 corr: 0.189
***** Epoch 22 Val (windowed) *****
  loss: 0.0578 rmse: 27.240 r2: 0.039 corr: 0.200
********************
***** Epoch 22 Test (windowed) *****
  loss: 0.0591 rmse: 17.009 r2: 0.061 corr: 0.256
********************
  Epoch 22 done in 10.6s
  Saved best model → model/FIM_restoration_0412_stations_monthly/2010/gat-rnn-v2-windowed_bs-128_lr-0.001_maxepoch-50_testyear-2010_win-3_nwin-10_seed-0/model-22

----- Epoch 23 (windowed) -----

###### Windowed train epoch 23 overall metrics
  loss: 0.1611 rmse: 27.520 r2: 0.019 corr: 0.163
***** Epoch 23 Val (windowed) *****
  loss: 0.0571 rmse: 27.332 r2: 0.032 corr: 0.183
********************
***** Epoch 23 Test (windowed) *****
  loss: 0.0589 rmse: 17.045 r2: 0.058 corr: 0.243
********************
  Epoch 23 done in 9.6s

----- Epoch 24 (windowed) -----

###### Windowed train epoch 24 overall metrics
  loss: 0.1598 rmse: 27.914 r2: -0.009 corr: 0.136
***** Epoch 24 Val (windowed) *****
  loss: 0.0565 rmse: 27.308 r2: 0.034 corr: 0.187
********************
***** Epoch 24 Test (windowed) *****
  loss: 0.0584 rmse: 17.046 r2: 0.057 corr: 0.247
********************
  Epoch 24 done in 10.3s

----- Epoch 25 (windowed) -----

###### Windowed train epoch 25 overall metrics
  loss: 0.1589 rmse: 27.506 r2: 0.020 corr: 0.149
***** Epoch 25 Val (windowed) *****
  loss: 0.0559 rmse: 27.288 r2: 0.036 corr: 0.192
********************
***** Epoch 25 Test (windowed) *****
  loss: 0.0578 rmse: 17.114 r2: 0.050 corr: 0.246
********************
  Epoch 25 done in 10.8s

----- Epoch 26 (windowed) -----

###### Windowed train epoch 26 overall metrics
  loss: 0.1578 rmse: 27.449 r2: 0.024 corr: 0.171
***** Epoch 26 Val (windowed) *****
  loss: 0.0565 rmse: 27.393 r2: 0.028 corr: 0.170
********************
***** Epoch 26 Test (windowed) *****
  loss: 0.0579 rmse: 17.110 r2: 0.050 corr: 0.233
********************
  Epoch 26 done in 9.7s

----- Epoch 27 (windowed) -----

###### Windowed train epoch 27 overall metrics
  loss: 0.1578 rmse: 27.540 r2: 0.018 corr: 0.138
***** Epoch 27 Val (windowed) *****
  loss: 0.0552 rmse: 27.378 r2: 0.029 corr: 0.183
********************
***** Epoch 27 Test (windowed) *****
  loss: 0.0576 rmse: 17.265 r2: 0.033 corr: 0.239
********************
  Epoch 27 done in 10.9s

----- Epoch 28 (windowed) -----

###### Windowed train epoch 28 overall metrics
  loss: 0.1568 rmse: 27.639 r2: 0.011 corr: 0.176
***** Epoch 28 Val (windowed) *****
  loss: 0.0548 rmse: 27.367 r2: 0.030 corr: 0.175
********************
***** Epoch 28 Test (windowed) *****
  loss: 0.0570 rmse: 17.073 r2: 0.054 corr: 0.236
********************
  Epoch 28 done in 10.3s

----- Epoch 29 (windowed) -----

###### Windowed train epoch 29 overall metrics
  loss: 0.1558 rmse: 27.320 r2: 0.033 corr: 0.184
***** Epoch 29 Val (windowed) *****
  loss: 0.0540 rmse: 27.318 r2: 0.033 corr: 0.189
********************
***** Epoch 29 Test (windowed) *****
  loss: 0.0563 rmse: 17.108 r2: 0.050 corr: 0.253
********************
  Epoch 29 done in 9.4s

----- Epoch 30 (windowed) -----

###### Windowed train epoch 30 overall metrics
  loss: 0.1544 rmse: 27.520 r2: 0.019 corr: 0.160
***** Epoch 30 Val (windowed) *****
  loss: 0.0538 rmse: 27.366 r2: 0.030 corr: 0.178
********************
***** Epoch 30 Test (windowed) *****
  loss: 0.0565 rmse: 17.116 r2: 0.050 corr: 0.243
********************
  Epoch 30 done in 10.1s
  [EarlyStop] No val_rmse improvement for 8 epochs (patience=8). Stopping fold at epoch 30.
Fold done — best val RMSE=27.2403 test R²=0.0614 corr=0.2560

================================================================
Rolling-windowed  test_year=2011
  Val  : 2010
  Test : 2011
  win_size=3  n_windows=10
================================================================
Initially data (54319, 166)
After filtering (27035, 166)
get_X_Y
X shape (27035, 130)
Y shape (27035, 34)
Y (output) means tensor([[0.1433, 0.0123, 0.2580, 0.1637, 0.0142, 0.0620, 0.1670, 0.6468, 0.8690,
         0.0225, 0.0438, 0.0141, 0.0728, 0.1453, 1.0233, 0.9476, 0.3614, 0.4128,
         0.9893, 0.3953, 0.1965, 0.2300, 0.4255, 0.1722, 0.4063, 0.4753, 0.2938,
         0.6298, 0.5302, 0.1537, 0.2539, 0.0989, 0.1329, 0.1357]]) stds tensor([[0.4733, 0.1385, 0.6345, 0.5865, 0.1426, 0.3028, 0.5300, 1.4344, 1.5972,
         0.1881, 0.2859, 0.1611, 0.4009, 0.4589, 2.1098, 1.6306, 0.8817, 1.2075,
         1.7242, 0.9377, 0.5496, 0.7061, 1.1105, 0.5819, 1.0044, 1.0518, 0.7346,
         1.3702, 1.0575, 0.4522, 0.8024, 0.3294, 0.4019, 0.3823]])
Y count-scale means tensor([[4.7390e-01, 3.6249e-02, 1.0112e+00, 8.9239e-01, 3.8302e-02, 1.9247e-01,
         6.2641e-01, 1.4104e+01, 2.9596e+01, 6.6515e-02, 1.8295e-01, 4.9089e-02,
         4.9762e-01, 4.4552e-01, 2.6660e+02, 2.0438e+01, 2.9268e+00, 1.6256e+01,
         3.3960e+01, 3.2358e+00, 6.6769e-01, 1.6551e+00, 8.3635e+00, 1.5776e+00,
         3.6536e+00, 4.3682e+00, 1.3987e+00, 2.3759e+01, 6.2606e+00, 4.6910e-01,
         2.8434e+00, 2.0811e-01, 3.1891e-01, 2.8707e-01]]) stds tensor([[3.1711e+00, 6.6853e-01, 6.0830e+00, 6.8677e+00, 6.4214e-01, 2.0271e+00,
         4.0717e+00, 7.0289e+01, 2.1602e+02, 8.7238e-01, 2.6325e+00, 8.1717e-01,
         9.0924e+00, 2.7965e+00, 3.0861e+03, 9.5310e+01, 2.1287e+01, 1.9488e+02,
         2.6721e+02, 1.8929e+01, 3.5348e+00, 1.5795e+01, 7.8964e+01, 5.0309e+01,
         1.7370e+01, 2.3795e+01, 7.5360e+00, 4.4037e+02, 7.4028e+01, 5.5553e+00,
         2.6187e+01, 9.6126e-01, 1.5259e+00, 1.1650e+00]])
Loaded per-window (calendar) month weights from analysis/figures/month_weights_per_window.npz: cube.shape=(25, 12, 34)
/Users/liyingnceas/GitHub/GNN-RNN-main/gnn-lstm-v3/utils/data_utils.py:264: RuntimeWarning: Mean of empty slice
  np.nanmean(county_dict[county], axis=0).astype(np.float32)
Filled 67759 missing (node, year) entries from neighbors or year averages
[2D] Station nodes: 586, adj nnz: 2905
[build_year_XY_windowed] data_start=1998, min_pred_year=2009, test_year=2011, win_size=3, n_windows=10
  built windows for T=2009
[build_year_XY_windowed] built windowed XY for 3 prediction years (2009–2011)
  GAT_RNN_V2: edge_feat_dim=3, n_heads=4, n_hidden=64
  [Bayes] Species rarity weights (mean=1): min=0.72 max=1.61  (rarest=Centropomus undecimalis_SA)
  [CrossDonor] Ecological cross-donor map (9 recipients):
    Centropomus undecimalis_A  <-  ['Cynoscion nebulosus_R', 'Cynoscion nebulosus_A']
    Centropomus undecimalis_SA  <-  ['Cynoscion nebulosus_R', 'Centropomus undecimalis_A']
    Sciaenops ocellatus_R  <-  ['Cynoscion nebulosus_R', 'Cynoscion nebulosus_A']
    Sciaenops ocellatus_SA  <-  ['Cynoscion nebulosus_R', 'Cynoscion nebulosus_A']
    Cynoscion nebulosus_A  <-  ['Cynoscion nebulosus_R', 'Lagodon rhomboides_A']
    Mycteroperca microlepis_SA  <-  ['Lutjanus griseus_SA', 'Lutjanus griseus_R']
    Lutjanus griseus_R  <-  ['Archosargus probatocephalus_A', 'Lutjanus griseus_SA']
    Lutjanus griseus_SA  <-  ['Archosargus probatocephalus_A']
    Archosargus probatocephalus_R  <-  ['Archosargus probatocephalus_A', 'Lagodon rhomboides_A']
  [BayesTransferMapped] 9 recipient → donor mappings:
    recipient   3 <- donors [6, 5]
    recipient   4 <- donors [6, 3]
    recipient  12 <- donors [6, 5]
    recipient  13 <- donors [6, 5]
    recipient   5 <- donors [6, 7]
    recipient  11 <- donors [10, 9]
    recipient   9 <- donors [0, 10]
    recipient  10 <- donors [0]
    recipient   1 <- donors [0, 7]
  [BayesTransferMapped] transfer_prior_std=0.300  warmstart_alpha=0.50

----- Epoch 0 (windowed) -----

###### Windowed train epoch 0 overall metrics
  loss: 0.1912 rmse: 23.208 r2: 0.003 corr: 0.065
***** Epoch 0 Val (windowed) *****
  loss: 0.0742 rmse: 17.468 r2: 0.011 corr: 0.105
********************
***** Epoch 0 Test (windowed) *****
  loss: 0.0727 rmse: 30.204 r2: 0.004 corr: 0.071
********************
  Epoch 0 done in 15.7s
  Saved best model → model/FIM_restoration_0412_stations_monthly/2011/gat-rnn-v2-windowed_bs-128_lr-0.001_maxepoch-50_testyear-2011_win-3_nwin-10_seed-0/model-0

----- Epoch 1 (windowed) -----

###### Windowed train epoch 1 overall metrics
  loss: 0.1886 rmse: 23.181 r2: 0.005 corr: 0.073
***** Epoch 1 Val (windowed) *****
  loss: 0.0730 rmse: 17.470 r2: 0.010 corr: 0.102
********************
***** Epoch 1 Test (windowed) *****
  loss: 0.0715 rmse: 30.208 r2: 0.004 corr: 0.065
********************
  Epoch 1 done in 15.5s

----- Epoch 2 (windowed) -----

###### Windowed train epoch 2 overall metrics
  loss: 0.1850 rmse: 23.175 r2: 0.006 corr: 0.076
***** Epoch 2 Val (windowed) *****
  loss: 0.0706 rmse: 17.452 r2: 0.012 corr: 0.111
********************
***** Epoch 2 Test (windowed) *****
  loss: 0.0697 rmse: 30.201 r2: 0.005 corr: 0.068
********************
  Epoch 2 done in 14.5s
  Saved best model → model/FIM_restoration_0412_stations_monthly/2011/gat-rnn-v2-windowed_bs-128_lr-0.001_maxepoch-50_testyear-2011_win-3_nwin-10_seed-0/model-2

----- Epoch 3 (windowed) -----

###### Windowed train epoch 3 overall metrics
  loss: 0.1809 rmse: 23.129 r2: 0.010 corr: 0.099
***** Epoch 3 Val (windowed) *****
  loss: 0.0686 rmse: 17.334 r2: 0.026 corr: 0.165
********************
***** Epoch 3 Test (windowed) *****
  loss: 0.0678 rmse: 30.109 r2: 0.011 corr: 0.110
********************
  Epoch 3 done in 15.8s
  Saved best model → model/FIM_restoration_0412_stations_monthly/2011/gat-rnn-v2-windowed_bs-128_lr-0.001_maxepoch-50_testyear-2011_win-3_nwin-10_seed-0/model-3

----- Epoch 4 (windowed) -----

###### Windowed train epoch 4 overall metrics
  loss: 0.1779 rmse: 23.070 r2: 0.015 corr: 0.122
***** Epoch 4 Val (windowed) *****
  loss: 0.0672 rmse: 17.322 r2: 0.027 corr: 0.165
********************
***** Epoch 4 Test (windowed) *****
  loss: 0.0664 rmse: 30.087 r2: 0.012 corr: 0.112
********************
  Epoch 4 done in 15.0s
  Saved best model → model/FIM_restoration_0412_stations_monthly/2011/gat-rnn-v2-windowed_bs-128_lr-0.001_maxepoch-50_testyear-2011_win-3_nwin-10_seed-0/model-4

----- Epoch 5 (windowed) -----

###### Windowed train epoch 5 overall metrics
  loss: 0.1755 rmse: 23.098 r2: 0.012 corr: 0.118
***** Epoch 5 Val (windowed) *****
  loss: 0.0661 rmse: 17.292 r2: 0.030 corr: 0.177
********************
***** Epoch 5 Test (windowed) *****
  loss: 0.0658 rmse: 30.067 r2: 0.013 corr: 0.120
********************
  Epoch 5 done in 15.6s
  Saved best model → model/FIM_restoration_0412_stations_monthly/2011/gat-rnn-v2-windowed_bs-128_lr-0.001_maxepoch-50_testyear-2011_win-3_nwin-10_seed-0/model-5

----- Epoch 6 (windowed) -----

###### Windowed train epoch 6 overall metrics
  loss: 0.1728 rmse: 22.914 r2: 0.028 corr: 0.172
***** Epoch 6 Val (windowed) *****
  loss: 0.0647 rmse: 17.148 r2: 0.046 corr: 0.222
********************
***** Epoch 6 Test (windowed) *****
  loss: 0.0640 rmse: 29.971 r2: 0.020 corr: 0.150
********************
  Epoch 6 done in 16.0s
  Saved best model → model/FIM_restoration_0412_stations_monthly/2011/gat-rnn-v2-windowed_bs-128_lr-0.001_maxepoch-50_testyear-2011_win-3_nwin-10_seed-0/model-6

----- Epoch 7 (windowed) -----

###### Windowed train epoch 7 overall metrics
  loss: 0.1707 rmse: 22.955 r2: 0.025 corr: 0.158
***** Epoch 7 Val (windowed) *****
  loss: 0.0637 rmse: 17.094 r2: 0.052 corr: 0.237
********************
***** Epoch 7 Test (windowed) *****
  loss: 0.0632 rmse: 29.945 r2: 0.021 corr: 0.157
********************
  Epoch 7 done in 15.9s
  Saved best model → model/FIM_restoration_0412_stations_monthly/2011/gat-rnn-v2-windowed_bs-128_lr-0.001_maxepoch-50_testyear-2011_win-3_nwin-10_seed-0/model-7

----- Epoch 8 (windowed) -----

###### Windowed train epoch 8 overall metrics
  loss: 0.1689 rmse: 22.874 r2: 0.031 corr: 0.181
***** Epoch 8 Val (windowed) *****
  loss: 0.0624 rmse: 17.019 r2: 0.061 corr: 0.250
********************
***** Epoch 8 Test (windowed) *****
  loss: 0.0626 rmse: 29.885 r2: 0.025 corr: 0.166
********************
  Epoch 8 done in 16.0s
  Saved best model → model/FIM_restoration_0412_stations_monthly/2011/gat-rnn-v2-windowed_bs-128_lr-0.001_maxepoch-50_testyear-2011_win-3_nwin-10_seed-0/model-8

----- Epoch 9 (windowed) -----

###### Windowed train epoch 9 overall metrics
  loss: 0.1664 rmse: 22.884 r2: 0.031 corr: 0.179
***** Epoch 9 Val (windowed) *****
  loss: 0.0614 rmse: 16.974 r2: 0.066 corr: 0.263
********************
***** Epoch 9 Test (windowed) *****
  loss: 0.0616 rmse: 29.831 r2: 0.029 corr: 0.181
********************
  Epoch 9 done in 15.6s
  Saved best model → model/FIM_restoration_0412_stations_monthly/2011/gat-rnn-v2-windowed_bs-128_lr-0.001_maxepoch-50_testyear-2011_win-3_nwin-10_seed-0/model-9

----- Epoch 10 (windowed) -----

###### Windowed train epoch 10 overall metrics
  loss: 0.1646 rmse: 22.781 r2: 0.039 corr: 0.203
***** Epoch 10 Val (windowed) *****
  loss: 0.0601 rmse: 16.905 r2: 0.073 corr: 0.273
********************
***** Epoch 10 Test (windowed) *****
  loss: 0.0611 rmse: 29.732 r2: 0.035 corr: 0.197
********************
  Epoch 10 done in 15.6s
  Saved best model → model/FIM_restoration_0412_stations_monthly/2011/gat-rnn-v2-windowed_bs-128_lr-0.001_maxepoch-50_testyear-2011_win-3_nwin-10_seed-0/model-10

----- Epoch 11 (windowed) -----

###### Windowed train epoch 11 overall metrics
  loss: 0.1626 rmse: 22.738 r2: 0.043 corr: 0.212
***** Epoch 11 Val (windowed) *****
  loss: 0.0593 rmse: 17.068 r2: 0.055 corr: 0.246
********************
***** Epoch 11 Test (windowed) *****
  loss: 0.0599 rmse: 29.800 r2: 0.031 corr: 0.177
********************
  Epoch 11 done in 15.6s

----- Epoch 12 (windowed) -----

###### Windowed train epoch 12 overall metrics
  loss: 0.1606 rmse: 23.029 r2: 0.018 corr: 0.197
***** Epoch 12 Val (windowed) *****
  loss: 0.0581 rmse: 17.083 r2: 0.054 corr: 0.267
********************
***** Epoch 12 Test (windowed) *****
  loss: 0.0592 rmse: 29.710 r2: 0.037 corr: 0.194
********************
  Epoch 12 done in 976.1s

----- Epoch 13 (windowed) -----

###### Windowed train epoch 13 overall metrics
  loss: 0.1591 rmse: 22.924 r2: 0.027 corr: 0.184
***** Epoch 13 Val (windowed) *****
  loss: 0.0574 rmse: 17.054 r2: 0.057 corr: 0.258
********************
***** Epoch 13 Test (windowed) *****
  loss: 0.0591 rmse: 29.745 r2: 0.034 corr: 0.187
********************
  Epoch 13 done in 15.5s

----- Epoch 14 (windowed) -----

###### Windowed train epoch 14 overall metrics
  loss: 0.1573 rmse: 23.031 r2: 0.018 corr: 0.181
***** Epoch 14 Val (windowed) *****
  loss: 0.0564 rmse: 16.971 r2: 0.066 corr: 0.263
********************
***** Epoch 14 Test (windowed) *****
  loss: 0.0585 rmse: 29.727 r2: 0.036 corr: 0.191
********************
  Epoch 14 done in 15.4s

----- Epoch 15 (windowed) -----

###### Windowed train epoch 15 overall metrics
  loss: 0.1550 rmse: 23.091 r2: 0.013 corr: 0.173
***** Epoch 15 Val (windowed) *****
  loss: 0.0556 rmse: 17.061 r2: 0.056 corr: 0.262
********************
***** Epoch 15 Test (windowed) *****
  loss: 0.0594 rmse: 29.679 r2: 0.039 corr: 0.198
********************
  Epoch 15 done in 980.8s

----- Epoch 16 (windowed) -----

###### Windowed train epoch 16 overall metrics
  loss: 0.1536 rmse: 23.273 r2: -0.003 corr: 0.171
***** Epoch 16 Val (windowed) *****
  loss: 0.0548 rmse: 17.058 r2: 0.056 corr: 0.261
********************
***** Epoch 16 Test (windowed) *****
  loss: 0.0634 rmse: 29.690 r2: 0.038 corr: 0.195
********************
  Epoch 16 done in 15.6s

----- Epoch 17 (windowed) -----

###### Windowed train epoch 17 overall metrics
  loss: 0.1523 rmse: 22.921 r2: 0.028 corr: 0.193
***** Epoch 17 Val (windowed) *****
  loss: 0.0545 rmse: 17.034 r2: 0.059 corr: 0.250
********************
***** Epoch 17 Test (windowed) *****
  loss: 0.0591 rmse: 29.765 r2: 0.033 corr: 0.184
********************
  Epoch 17 done in 15.5s

----- Epoch 18 (windowed) -----

###### Windowed train epoch 18 overall metrics
  loss: 0.1521 rmse: 22.997 r2: 0.021 corr: 0.200
***** Epoch 18 Val (windowed) *****
  loss: 0.0543 rmse: 16.983 r2: 0.065 corr: 0.267
********************
***** Epoch 18 Test (windowed) *****
  loss: 0.0625 rmse: 29.639 r2: 0.041 corr: 0.204
********************
  Epoch 18 done in 15.9s
  [EarlyStop] No val_rmse improvement for 8 epochs (patience=8). Stopping fold at epoch 18.
Fold done — best val RMSE=16.9050 test R²=0.0354 corr=0.1966

================================================================
Rolling-windowed  test_year=2012
  Val  : 2011
  Test : 2012
  win_size=3  n_windows=10
================================================================
Initially data (54319, 166)
After filtering (29145, 166)
get_X_Y
X shape (29145, 130)
Y shape (29145, 34)
Y (output) means tensor([[0.1445, 0.0115, 0.2581, 0.1554, 0.0146, 0.0630, 0.1656, 0.6513, 0.9109,
         0.0222, 0.0425, 0.0138, 0.0732, 0.1426, 1.0221, 0.9389, 0.3591, 0.4062,
         0.9683, 0.3839, 0.1927, 0.2282, 0.4301, 0.1739, 0.3965, 0.4640, 0.2930,
         0.6824, 0.5318, 0.1531, 0.2611, 0.1042, 0.1307, 0.1353]]) stds tensor([[0.4769, 0.1333, 0.6350, 0.5701, 0.1436, 0.3081, 0.5275, 1.4423, 1.6438,
         0.1874, 0.2796, 0.1589, 0.4013, 0.4536, 2.1066, 1.6225, 0.8760, 1.1947,
         1.7005, 0.9215, 0.5428, 0.7018, 1.1126, 0.5865, 0.9880, 1.0381, 0.7331,
         1.4359, 1.0674, 0.4507, 0.8114, 0.3417, 0.3983, 0.3825]])
Y count-scale means tensor([[4.8454e-01, 3.3565e-02, 1.0224e+00, 8.3679e-01, 3.8457e-02, 2.1859e-01,
         6.1996e-01, 1.4483e+01, 3.3470e+01, 6.7931e-02, 1.7352e-01, 4.7600e-02,
         4.9084e-01, 4.3297e-01, 2.5806e+02, 1.9894e+01, 2.8693e+00, 1.5708e+01,
         3.2220e+01, 3.0828e+00, 6.4615e-01, 1.6100e+00, 8.2169e+00, 1.6957e+00,
         3.5133e+00, 4.2315e+00, 1.3956e+00, 2.7441e+01, 6.5651e+00, 4.6156e-01,
         2.8870e+00, 2.2372e-01, 3.1267e-01, 2.8648e-01]]) stds tensor([[3.2868e+00, 6.4101e-01, 6.3128e+00, 6.6073e+00, 6.2581e-01, 4.3657e+00,
         4.0478e+00, 7.4698e+01, 2.3456e+02, 1.0171e+00, 2.5300e+00, 7.9834e-01,
         8.7832e+00, 2.7134e+00, 2.9814e+03, 9.2363e+01, 2.0773e+01, 1.8833e+02,
         2.5677e+02, 1.8323e+01, 3.4238e+00, 1.5266e+01, 7.6599e+01, 5.3954e+01,
         1.7193e+01, 2.4070e+01, 7.7127e+00, 4.4328e+02, 7.3728e+01, 5.3479e+00,
         2.6034e+01, 1.0183e+00, 1.5006e+00, 1.1541e+00]])
Loaded per-window (calendar) month weights from analysis/figures/month_weights_per_window.npz: cube.shape=(25, 12, 34)
/Users/liyingnceas/GitHub/GNN-RNN-main/gnn-lstm-v3/utils/data_utils.py:264: RuntimeWarning: Mean of empty slice
  np.nanmean(county_dict[county], axis=0).astype(np.float32)
Filled 73125 missing (node, year) entries from neighbors or year averages
[2D] Station nodes: 587, adj nnz: 2910
[build_year_XY_windowed] data_start=1998, min_pred_year=2009, test_year=2012, win_size=3, n_windows=10
  built windows for T=2009
[build_year_XY_windowed] built windowed XY for 4 prediction years (2009–2012)
  GAT_RNN_V2: edge_feat_dim=3, n_heads=4, n_hidden=64
  [Bayes] Species rarity weights (mean=1): min=0.72 max=1.64  (rarest=Centropomus undecimalis_SA)
  [CrossDonor] Ecological cross-donor map (9 recipients):
    Centropomus undecimalis_A  <-  ['Cynoscion nebulosus_R', 'Cynoscion nebulosus_A']
    Centropomus undecimalis_SA  <-  ['Cynoscion nebulosus_R', 'Centropomus undecimalis_A']
    Sciaenops ocellatus_R  <-  ['Cynoscion nebulosus_R', 'Cynoscion nebulosus_A']
    Sciaenops ocellatus_SA  <-  ['Cynoscion nebulosus_R', 'Cynoscion nebulosus_A']
    Cynoscion nebulosus_A  <-  ['Cynoscion nebulosus_R', 'Lagodon rhomboides_A']
    Mycteroperca microlepis_SA  <-  ['Lutjanus griseus_SA', 'Lutjanus griseus_R']
    Lutjanus griseus_R  <-  ['Archosargus probatocephalus_A', 'Lutjanus griseus_SA']
    Lutjanus griseus_SA  <-  ['Archosargus probatocephalus_A']
    Archosargus probatocephalus_R  <-  ['Archosargus probatocephalus_A', 'Lagodon rhomboides_A']
  [BayesTransferMapped] 9 recipient → donor mappings:
    recipient   3 <- donors [6, 5]
    recipient   4 <- donors [6, 3]
    recipient  12 <- donors [6, 5]
    recipient  13 <- donors [6, 5]
    recipient   5 <- donors [6, 7]
    recipient  11 <- donors [10, 9]
    recipient   9 <- donors [0, 10]
    recipient  10 <- donors [0]
    recipient   1 <- donors [0, 7]
  [BayesTransferMapped] transfer_prior_std=0.300  warmstart_alpha=0.50

----- Epoch 0 (windowed) -----

###### Windowed train epoch 0 overall metrics
  loss: 0.1881 rmse: 25.729 r2: 0.003 corr: 0.059
***** Epoch 0 Val (windowed) *****
  loss: 0.0715 rmse: 30.183 r2: 0.004 corr: 0.062
********************
***** Epoch 0 Test (windowed) *****
  loss: 0.0716 rmse: 12.555 r2: 0.013 corr: 0.116
********************
  Epoch 0 done in 20.4s
  Saved best model → model/FIM_restoration_0412_stations_monthly/2012/gat-rnn-v2-windowed_bs-128_lr-0.001_maxepoch-50_testyear-2012_win-3_nwin-10_seed-0/model-0

----- Epoch 1 (windowed) -----

###### Windowed train epoch 1 overall metrics
  loss: 0.1842 rmse: 25.716 r2: 0.004 corr: 0.066
***** Epoch 1 Val (windowed) *****
  loss: 0.0687 rmse: 30.160 r2: 0.005 corr: 0.074
********************
***** Epoch 1 Test (windowed) *****
  loss: 0.0689 rmse: 12.509 r2: 0.020 corr: 0.142
********************
  Epoch 1 done in 21.1s
  Saved best model → model/FIM_restoration_0412_stations_monthly/2012/gat-rnn-v2-windowed_bs-128_lr-0.001_maxepoch-50_testyear-2012_win-3_nwin-10_seed-0/model-1

----- Epoch 2 (windowed) -----

###### Windowed train epoch 2 overall metrics
  loss: 0.1780 rmse: 25.662 r2: 0.009 corr: 0.093
***** Epoch 2 Val (windowed) *****
  loss: 0.0662 rmse: 30.087 r2: 0.010 corr: 0.101
********************
***** Epoch 2 Test (windowed) *****
  loss: 0.0665 rmse: 12.410 r2: 0.036 corr: 0.196
********************
  Epoch 2 done in 21.9s
  Saved best model → model/FIM_restoration_0412_stations_monthly/2012/gat-rnn-v2-windowed_bs-128_lr-0.001_maxepoch-50_testyear-2012_win-3_nwin-10_seed-0/model-2

----- Epoch 3 (windowed) -----

###### Windowed train epoch 3 overall metrics
  loss: 0.1742 rmse: 25.609 r2: 0.013 corr: 0.115
***** Epoch 3 Val (windowed) *****
  loss: 0.0642 rmse: 29.955 r2: 0.019 corr: 0.141
********************
***** Epoch 3 Test (windowed) *****
  loss: 0.0647 rmse: 12.236 r2: 0.062 corr: 0.253
********************
  Epoch 3 done in 22.0s
  Saved best model → model/FIM_restoration_0412_stations_monthly/2012/gat-rnn-v2-windowed_bs-128_lr-0.001_maxepoch-50_testyear-2012_win-3_nwin-10_seed-0/model-3

----- Epoch 4 (windowed) -----

###### Windowed train epoch 4 overall metrics
  loss: 0.1706 rmse: 25.469 r2: 0.023 corr: 0.155
***** Epoch 4 Val (windowed) *****
  loss: 0.0624 rmse: 29.821 r2: 0.028 corr: 0.171
********************
***** Epoch 4 Test (windowed) *****
  loss: 0.0633 rmse: 12.072 r2: 0.087 corr: 0.299
********************
  Epoch 4 done in 21.6s
  Saved best model → model/FIM_restoration_0412_stations_monthly/2012/gat-rnn-v2-windowed_bs-128_lr-0.001_maxepoch-50_testyear-2012_win-3_nwin-10_seed-0/model-4

----- Epoch 5 (windowed) -----

###### Windowed train epoch 5 overall metrics
  loss: 0.1679 rmse: 25.730 r2: 0.003 corr: 0.176
***** Epoch 5 Val (windowed) *****
  loss: 0.0608 rmse: 29.596 r2: 0.042 corr: 0.209
********************
***** Epoch 5 Test (windowed) *****
  loss: 0.0617 rmse: 11.897 r2: 0.114 corr: 0.346
********************
  Epoch 5 done in 21.3s
  Saved best model → model/FIM_restoration_0412_stations_monthly/2012/gat-rnn-v2-windowed_bs-128_lr-0.001_maxepoch-50_testyear-2012_win-3_nwin-10_seed-0/model-5

----- Epoch 6 (windowed) -----

###### Windowed train epoch 6 overall metrics
  loss: 0.1648 rmse: 25.585 r2: 0.015 corr: 0.206
***** Epoch 6 Val (windowed) *****
  loss: 0.0599 rmse: 29.527 r2: 0.047 corr: 0.220
********************
***** Epoch 6 Test (windowed) *****
  loss: 0.0612 rmse: 11.867 r2: 0.118 corr: 0.361
********************
  Epoch 6 done in 17.1s
  Saved best model → model/FIM_restoration_0412_stations_monthly/2012/gat-rnn-v2-windowed_bs-128_lr-0.001_maxepoch-50_testyear-2012_win-3_nwin-10_seed-0/model-6

----- Epoch 7 (windowed) -----

###### Windowed train epoch 7 overall metrics
  loss: 0.1621 rmse: 25.673 r2: 0.008 corr: 0.198
***** Epoch 7 Val (windowed) *****
  loss: 0.0587 rmse: 29.587 r2: 0.043 corr: 0.215
********************
***** Epoch 7 Test (windowed) *****
  loss: 0.0607 rmse: 12.511 r2: 0.020 corr: 0.347
********************
  Epoch 7 done in 17.5s

----- Epoch 8 (windowed) -----

###### Windowed train epoch 8 overall metrics
  loss: 0.1594 rmse: 25.339 r2: 0.033 corr: 0.199
***** Epoch 8 Val (windowed) *****
  loss: 0.0574 rmse: 29.636 r2: 0.040 corr: 0.218
********************
***** Epoch 8 Test (windowed) *****
  loss: 0.0594 rmse: 12.853 r2: -0.034 corr: 0.356
********************
  Epoch 8 done in 16.7s

----- Epoch 9 (windowed) -----

###### Windowed train epoch 9 overall metrics
  loss: 0.1572 rmse: 25.771 r2: 0.000 corr: 0.183
***** Epoch 9 Val (windowed) *****
  loss: 0.0564 rmse: 29.447 r2: 0.052 corr: 0.230
********************
***** Epoch 9 Test (windowed) *****
  loss: 0.0585 rmse: 12.028 r2: 0.094 corr: 0.361
********************
  Epoch 9 done in 16.0s
  Saved best model → model/FIM_restoration_0412_stations_monthly/2012/gat-rnn-v2-windowed_bs-128_lr-0.001_maxepoch-50_testyear-2012_win-3_nwin-10_seed-0/model-9

----- Epoch 10 (windowed) -----

###### Windowed train epoch 10 overall metrics
  loss: 0.1548 rmse: 26.385 r2: -0.048 corr: 0.163
***** Epoch 10 Val (windowed) *****
  loss: 0.0552 rmse: 29.599 r2: 0.042 corr: 0.214
********************
***** Epoch 10 Test (windowed) *****
  loss: 0.0575 rmse: 11.873 r2: 0.117 corr: 0.353
********************
  Epoch 10 done in 16.3s

----- Epoch 11 (windowed) -----

###### Windowed train epoch 11 overall metrics
  loss: 0.1529 rmse: 25.649 r2: 0.010 corr: 0.174
***** Epoch 11 Val (windowed) *****
  loss: 0.0553 rmse: 29.433 r2: 0.053 corr: 0.235
********************
***** Epoch 11 Test (windowed) *****
  loss: 0.0582 rmse: 11.930 r2: 0.109 corr: 0.360
********************
  Epoch 11 done in 15.9s
  Saved best model → model/FIM_restoration_0412_stations_monthly/2012/gat-rnn-v2-windowed_bs-128_lr-0.001_maxepoch-50_testyear-2012_win-3_nwin-10_seed-0/model-11

----- Epoch 12 (windowed) -----

###### Windowed train epoch 12 overall metrics
  loss: 0.1514 rmse: 25.297 r2: 0.037 corr: 0.205
***** Epoch 12 Val (windowed) *****
  loss: 0.0542 rmse: 29.499 r2: 0.048 corr: 0.223
********************
***** Epoch 12 Test (windowed) *****
  loss: 0.0566 rmse: 12.214 r2: 0.066 corr: 0.351
********************
  Epoch 12 done in 15.6s

----- Epoch 13 (windowed) -----

###### Windowed train epoch 13 overall metrics
  loss: 0.1492 rmse: 25.325 r2: 0.034 corr: 0.199
***** Epoch 13 Val (windowed) *****
  loss: 0.0533 rmse: 29.538 r2: 0.046 corr: 0.222
********************
***** Epoch 13 Test (windowed) *****
  loss: 0.0563 rmse: 12.531 r2: 0.017 corr: 0.351
********************
  Epoch 13 done in 16.0s

----- Epoch 14 (windowed) -----

###### Windowed train epoch 14 overall metrics
  loss: 0.1483 rmse: 25.375 r2: 0.031 corr: 0.203
***** Epoch 14 Val (windowed) *****
  loss: 0.0531 rmse: 29.511 r2: 0.048 corr: 0.223
********************
***** Epoch 14 Test (windowed) *****
  loss: 0.0564 rmse: 12.437 r2: 0.031 corr: 0.353
********************
  Epoch 14 done in 16.2s

----- Epoch 15 (windowed) -----

###### Windowed train epoch 15 overall metrics
  loss: 0.1464 rmse: 25.267 r2: 0.039 corr: 0.211
***** Epoch 15 Val (windowed) *****
  loss: 0.0519 rmse: 29.529 r2: 0.047 corr: 0.218
********************
***** Epoch 15 Test (windowed) *****
  loss: 0.0556 rmse: 12.076 r2: 0.087 corr: 0.349
********************
  Epoch 15 done in 16.0s

----- Epoch 16 (windowed) -----

###### Windowed train epoch 16 overall metrics
  loss: 0.1451 rmse: 25.117 r2: 0.050 corr: 0.234
***** Epoch 16 Val (windowed) *****
  loss: 0.0512 rmse: 29.611 r2: 0.041 corr: 0.206
********************
***** Epoch 16 Test (windowed) *****
  loss: 0.0548 rmse: 12.117 r2: 0.081 corr: 0.347
********************
  Epoch 16 done in 16.1s

----- Epoch 17 (windowed) -----

###### Windowed train epoch 17 overall metrics
  loss: 0.1436 rmse: 25.397 r2: 0.029 corr: 0.209
***** Epoch 17 Val (windowed) *****
  loss: 0.0507 rmse: 29.542 r2: 0.046 corr: 0.216
********************
***** Epoch 17 Test (windowed) *****
  loss: 0.0546 rmse: 12.180 r2: 0.071 corr: 0.353
********************
  Epoch 17 done in 16.4s

----- Epoch 18 (windowed) -----

###### Windowed train epoch 18 overall metrics
  loss: 0.1428 rmse: 26.459 r2: -0.054 corr: 0.169
***** Epoch 18 Val (windowed) *****
  loss: 0.0502 rmse: 29.549 r2: 0.045 corr: 0.216
********************
***** Epoch 18 Test (windowed) *****
  loss: 0.0543 rmse: 12.159 r2: 0.074 corr: 0.357
********************
  Epoch 18 done in 16.2s

----- Epoch 19 (windowed) -----

###### Windowed train epoch 19 overall metrics
  loss: 0.1414 rmse: 25.412 r2: 0.028 corr: 0.212
***** Epoch 19 Val (windowed) *****
  loss: 0.0534 rmse: 29.542 r2: 0.046 corr: 0.216
********************
***** Epoch 19 Test (windowed) *****
  loss: 0.0600 rmse: 11.937 r2: 0.108 corr: 0.355
********************
  Epoch 19 done in 16.3s
  [EarlyStop] No val_rmse improvement for 8 epochs (patience=8). Stopping fold at epoch 19.
Fold done — best val RMSE=29.4333 test R²=0.1089 corr=0.3601

================================================================
Rolling-windowed  test_year=2013
  Val  : 2012
  Test : 2013
  win_size=3  n_windows=10
================================================================
Initially data (54319, 166)
After filtering (31272, 166)
get_X_Y
X shape (31272, 130)
Y shape (31272, 34)
Y (output) means tensor([[0.1417, 0.0112, 0.2628, 0.1501, 0.0152, 0.0632, 0.1666, 0.6606, 0.9215,
         0.0213, 0.0409, 0.0127, 0.0738, 0.1403, 1.0341, 0.9393, 0.3591, 0.4006,
         0.9528, 0.3792, 0.1915, 0.2270, 0.4408, 0.1813, 0.3923, 0.4544, 0.2896,
         0.7163, 0.5321, 0.1525, 0.2699, 0.1063, 0.1298, 0.1329]]) stds tensor([[0.4722, 0.1316, 0.6428, 0.5588, 0.1458, 0.3083, 0.5297, 1.4511, 1.6531,
         0.1835, 0.2743, 0.1529, 0.4004, 0.4492, 2.1110, 1.6199, 0.8737, 1.1838,
         1.6841, 0.9117, 0.5399, 0.6981, 1.1256, 0.6029, 0.9758, 1.0226, 0.7271,
         1.4816, 1.0698, 0.4482, 0.8235, 0.3442, 0.3966, 0.3776]])
Y count-scale means tensor([[4.7768e-01, 3.2624e-02, 1.0507e+00, 7.9737e-01, 3.9578e-02, 2.1787e-01,
         6.2541e-01, 1.4611e+01, 3.3870e+01, 6.5101e-02, 1.6856e-01, 4.4017e-02,
         4.7901e-01, 4.2290e-01, 2.5241e+02, 1.9589e+01, 2.8240e+00, 1.5088e+01,
         3.1115e+01, 2.9728e+00, 6.3606e-01, 1.5746e+00, 8.3458e+00, 1.8196e+00,
         3.3780e+00, 4.0329e+00, 1.3603e+00, 3.9235e+01, 6.8644e+00, 4.5204e-01,
         2.9534e+00, 2.2741e-01, 3.0934e-01, 2.7908e-01]]) stds tensor([[3.4002e+00, 6.2538e-01, 6.3290e+00, 6.3890e+00, 6.2082e-01, 4.2347e+00,
         4.0371e+00, 7.3905e+01, 2.3217e+02, 9.9105e-01, 2.5418e+00, 7.6718e-01,
         8.4774e+00, 2.6510e+00, 2.8916e+03, 9.0018e+01, 2.0524e+01, 1.8192e+02,
         2.5011e+02, 1.7728e+01, 3.3486e+00, 1.4802e+01, 7.5585e+01, 5.4200e+01,
         1.6659e+01, 2.3203e+01, 7.4829e+00, 1.0125e+03, 8.4400e+01, 5.1513e+00,
         2.5773e+01, 1.0229e+00, 1.4753e+00, 1.1241e+00]])
Loaded per-window (calendar) month weights from analysis/figures/month_weights_per_window.npz: cube.shape=(25, 12, 34)
/Users/liyingnceas/GitHub/GNN-RNN-main/gnn-lstm-v3/utils/data_utils.py:264: RuntimeWarning: Mean of empty slice
  np.nanmean(county_dict[county], axis=0).astype(np.float32)
Filled 78616 missing (node, year) entries from neighbors or year averages
[2D] Station nodes: 587, adj nnz: 2910
[build_year_XY_windowed] data_start=1998, min_pred_year=2009, test_year=2013, win_size=3, n_windows=10
  built windows for T=2009
[build_year_XY_windowed] built windowed XY for 5 prediction years (2009–2013)
  GAT_RNN_V2: edge_feat_dim=3, n_heads=4, n_hidden=64
  [Bayes] Species rarity weights (mean=1): min=0.71 max=1.67  (rarest=Centropomus undecimalis_SA)
  [CrossDonor] Ecological cross-donor map (9 recipients):
    Centropomus undecimalis_A  <-  ['Cynoscion nebulosus_R', 'Cynoscion nebulosus_A']
    Centropomus undecimalis_SA  <-  ['Cynoscion nebulosus_R', 'Centropomus undecimalis_A']
    Sciaenops ocellatus_R  <-  ['Cynoscion nebulosus_R', 'Cynoscion nebulosus_A']
    Sciaenops ocellatus_SA  <-  ['Cynoscion nebulosus_R', 'Cynoscion nebulosus_A']
    Cynoscion nebulosus_A  <-  ['Cynoscion nebulosus_R', 'Lagodon rhomboides_A']
    Mycteroperca microlepis_SA  <-  ['Lutjanus griseus_SA', 'Lutjanus griseus_R']
    Lutjanus griseus_R  <-  ['Archosargus probatocephalus_A', 'Lutjanus griseus_SA']
    Lutjanus griseus_SA  <-  ['Archosargus probatocephalus_A']
    Archosargus probatocephalus_R  <-  ['Archosargus probatocephalus_A', 'Lagodon rhomboides_A']
  [BayesTransferMapped] 9 recipient → donor mappings:
    recipient   3 <- donors [6, 5]
    recipient   4 <- donors [6, 3]
    recipient  12 <- donors [6, 5]
    recipient  13 <- donors [6, 5]
    recipient   5 <- donors [6, 7]
    recipient  11 <- donors [10, 9]
    recipient   9 <- donors [0, 10]
    recipient  10 <- donors [0]
    recipient   1 <- donors [0, 7]
  [BayesTransferMapped] transfer_prior_std=0.300  warmstart_alpha=0.50

----- Epoch 0 (windowed) -----

###### Windowed train epoch 0 overall metrics
  loss: 0.1883 rmse: 23.136 r2: 0.006 corr: 0.077
***** Epoch 0 Val (windowed) *****
  loss: 0.0708 rmse: 12.541 r2: 0.017 corr: 0.131
********************
***** Epoch 0 Test (windowed) *****
  loss: 0.0712 rmse: 9.544 r2: 0.014 corr: 0.136
********************
  Epoch 0 done in 20.8s
  Saved best model → model/FIM_restoration_0412_stations_monthly/2013/gat-rnn-v2-windowed_bs-128_lr-0.001_maxepoch-50_testyear-2013_win-3_nwin-10_seed-0/model-0

----- Epoch 1 (windowed) -----

###### Windowed train epoch 1 overall metrics
  loss: 0.1817 rmse: 23.099 r2: 0.009 corr: 0.095
***** Epoch 1 Val (windowed) *****
  loss: 0.0675 rmse: 12.453 r2: 0.030 corr: 0.176
********************
***** Epoch 1 Test (windowed) *****
  loss: 0.0678 rmse: 9.434 r2: 0.037 corr: 0.203
********************
  Epoch 1 done in 20.8s
  Saved best model → model/FIM_restoration_0412_stations_monthly/2013/gat-rnn-v2-windowed_bs-128_lr-0.001_maxepoch-50_testyear-2013_win-3_nwin-10_seed-0/model-1

----- Epoch 2 (windowed) -----

###### Windowed train epoch 2 overall metrics
  loss: 0.1759 rmse: 23.078 r2: 0.011 corr: 0.106
***** Epoch 2 Val (windowed) *****
  loss: 0.0652 rmse: 12.378 r2: 0.042 corr: 0.207
********************
***** Epoch 2 Test (windowed) *****
  loss: 0.0653 rmse: 9.388 r2: 0.046 corr: 0.229
********************
  Epoch 2 done in 20.4s
  Saved best model → model/FIM_restoration_0412_stations_monthly/2013/gat-rnn-v2-windowed_bs-128_lr-0.001_maxepoch-50_testyear-2013_win-3_nwin-10_seed-0/model-2

----- Epoch 3 (windowed) -----

###### Windowed train epoch 3 overall metrics
  loss: 0.1715 rmse: 23.008 r2: 0.017 corr: 0.131
***** Epoch 3 Val (windowed) *****
  loss: 0.0632 rmse: 12.377 r2: 0.042 corr: 0.219
********************
***** Epoch 3 Test (windowed) *****
  loss: 0.0634 rmse: 9.416 r2: 0.041 corr: 0.247
********************
  Epoch 3 done in 20.9s
  Saved best model → model/FIM_restoration_0412_stations_monthly/2013/gat-rnn-v2-windowed_bs-128_lr-0.001_maxepoch-50_testyear-2013_win-3_nwin-10_seed-0/model-3

----- Epoch 4 (windowed) -----

###### Windowed train epoch 4 overall metrics
  loss: 0.1676 rmse: 22.876 r2: 0.028 corr: 0.172
***** Epoch 4 Val (windowed) *****
  loss: 0.0617 rmse: 12.135 r2: 0.079 corr: 0.294
********************
***** Epoch 4 Test (windowed) *****
  loss: 0.0618 rmse: 9.007 r2: 0.122 corr: 0.369
********************
  Epoch 4 done in 20.2s
  Saved best model → model/FIM_restoration_0412_stations_monthly/2013/gat-rnn-v2-windowed_bs-128_lr-0.001_maxepoch-50_testyear-2013_win-3_nwin-10_seed-0/model-4

----- Epoch 5 (windowed) -----

###### Windowed train epoch 5 overall metrics
  loss: 0.1645 rmse: 23.503 r2: -0.026 corr: 0.139
***** Epoch 5 Val (windowed) *****
  loss: 0.0601 rmse: 12.130 r2: 0.080 corr: 0.293
********************
***** Epoch 5 Test (windowed) *****
  loss: 0.0609 rmse: 9.088 r2: 0.106 corr: 0.346
********************
  Epoch 5 done in 20.5s
  Saved best model → model/FIM_restoration_0412_stations_monthly/2013/gat-rnn-v2-windowed_bs-128_lr-0.001_maxepoch-50_testyear-2013_win-3_nwin-10_seed-0/model-5

----- Epoch 6 (windowed) -----

###### Windowed train epoch 6 overall metrics
  loss: 0.1611 rmse: 23.172 r2: 0.003 corr: 0.177
***** Epoch 6 Val (windowed) *****
  loss: 0.0584 rmse: 12.245 r2: 0.063 corr: 0.278
********************
***** Epoch 6 Test (windowed) *****
  loss: 0.0594 rmse: 9.278 r2: 0.069 corr: 0.321
********************
  Epoch 6 done in 20.2s

----- Epoch 7 (windowed) -----

###### Windowed train epoch 7 overall metrics
  loss: 0.1585 rmse: 23.699 r2: -0.043 corr: 0.152
***** Epoch 7 Val (windowed) *****
  loss: 0.0575 rmse: 12.418 r2: 0.036 corr: 0.301
********************
***** Epoch 7 Test (windowed) *****
  loss: 0.0584 rmse: 9.363 r2: 0.051 corr: 0.366
********************
  Epoch 7 done in 20.4s

----- Epoch 8 (windowed) -----

###### Windowed train epoch 8 overall metrics
  loss: 0.1563 rmse: 23.651 r2: -0.039 corr: 0.166
***** Epoch 8 Val (windowed) *****
  loss: 0.0574 rmse: 13.254 r2: -0.098 corr: 0.260
********************
***** Epoch 8 Test (windowed) *****
  loss: 0.0579 rmse: 10.446 r2: -0.181 corr: 0.299
********************
  Epoch 8 done in 20.2s

----- Epoch 9 (windowed) -----

###### Windowed train epoch 9 overall metrics
  loss: 0.1542 rmse: 23.960 r2: -0.066 corr: 0.161
***** Epoch 9 Val (windowed) *****
  loss: 0.0576 rmse: 12.563 r2: 0.013 corr: 0.298
********************
***** Epoch 9 Test (windowed) *****
  loss: 0.0582 rmse: 9.617 r2: -0.001 corr: 0.356
********************
  Epoch 9 done in 20.3s

----- Epoch 10 (windowed) -----

###### Windowed train epoch 10 overall metrics
  loss: 0.1527 rmse: 23.507 r2: -0.026 corr: 0.163
***** Epoch 10 Val (windowed) *****
  loss: 0.0556 rmse: 12.253 r2: 0.061 corr: 0.311
********************
***** Epoch 10 Test (windowed) *****
  loss: 0.0573 rmse: 9.394 r2: 0.045 corr: 0.348
********************
  Epoch 10 done in 21.1s

----- Epoch 11 (windowed) -----

###### Windowed train epoch 11 overall metrics
  loss: 0.1500 rmse: 23.298 r2: -0.008 corr: 0.169
***** Epoch 11 Val (windowed) *****
  loss: 0.0545 rmse: 12.715 r2: -0.011 corr: 0.298
********************
***** Epoch 11 Test (windowed) *****
  loss: 0.0561 rmse: 9.773 r2: -0.034 corr: 0.351
********************
  Epoch 11 done in 20.5s

----- Epoch 12 (windowed) -----

###### Windowed train epoch 12 overall metrics
  loss: 0.1477 rmse: 23.578 r2: -0.033 corr: 0.176
***** Epoch 12 Val (windowed) *****
  loss: 0.0537 rmse: 12.503 r2: 0.023 corr: 0.306
********************
***** Epoch 12 Test (windowed) *****
  loss: 0.0559 rmse: 9.680 r2: -0.014 corr: 0.344
********************
  Epoch 12 done in 20.7s

----- Epoch 13 (windowed) -----

###### Windowed train epoch 13 overall metrics
  loss: 0.1466 rmse: 23.346 r2: -0.012 corr: 0.183
***** Epoch 13 Val (windowed) *****
  loss: 0.0534 rmse: 12.436 r2: 0.033 corr: 0.308
********************
***** Epoch 13 Test (windowed) *****
  loss: 0.0554 rmse: 9.554 r2: 0.012 corr: 0.356
********************
  Epoch 13 done in 20.4s
  [EarlyStop] No val_rmse improvement for 8 epochs (patience=8). Stopping fold at epoch 13.
Fold done — best val RMSE=12.1305 test R²=0.1062 corr=0.3462

================================================================
Rolling-windowed  test_year=2014
  Val  : 2013
  Test : 2014
  win_size=3  n_windows=10
================================================================
Initially data (54319, 166)
After filtering (33349, 166)
get_X_Y
X shape (33349, 130)
Y shape (33349, 34)
Y (output) means tensor([[0.1413, 0.0112, 0.2588, 0.1486, 0.0158, 0.0633, 0.1654, 0.6729, 0.9097,
         0.0232, 0.0415, 0.0122, 0.0728, 0.1400, 1.0255, 0.9593, 0.3527, 0.3951,
         0.9349, 0.3719, 0.1884, 0.2257, 0.4464, 0.1854, 0.3983, 0.4554, 0.2890,
         0.6964, 0.5309, 0.1508, 0.2793, 0.1060, 0.1302, 0.1330]]) stds tensor([[0.4695, 0.1307, 0.6365, 0.5543, 0.1488, 0.3080, 0.5266, 1.4624, 1.6381,
         0.1933, 0.2753, 0.1486, 0.3957, 0.4479, 2.0993, 1.6309, 0.8633, 1.1749,
         1.6661, 0.9003, 0.5335, 0.6942, 1.1293, 0.6099, 0.9771, 1.0177, 0.7256,
         1.4547, 1.0646, 0.4459, 0.8349, 0.3422, 0.3961, 0.3773]])
Y count-scale means tensor([[4.6989e-01, 3.2253e-02, 1.0255e+00, 7.8010e-01, 4.1311e-02, 2.1462e-01,
         6.1640e-01, 1.4729e+01, 3.2601e+01, 7.2568e-02, 1.6758e-01, 4.1551e-02,
         4.6042e-01, 4.2096e-01, 2.4440e+02, 1.9778e+01, 2.7245e+00, 1.4645e+01,
         2.9753e+01, 2.8720e+00, 6.1722e-01, 1.5432e+00, 8.6217e+00, 1.8001e+00,
         3.3597e+00, 3.9473e+00, 1.3453e+00, 3.6798e+01, 6.6339e+00, 4.4330e-01,
         2.9949e+00, 2.2494e-01, 3.0835e-01, 2.7871e-01]]) stds tensor([[3.3118e+00, 6.2025e-01, 6.2501e+00, 6.2437e+00, 6.3738e-01, 4.0883e+00,
         3.9653e+00, 7.2936e+01, 2.2494e+02, 1.0581e+00, 2.4707e+00, 7.4082e-01,
         8.1820e+00, 2.6878e+00, 2.8060e+03, 8.8625e+01, 1.9914e+01, 1.7619e+02,
         2.4191e+02, 1.7276e+01, 3.2516e+00, 1.4442e+01, 8.8757e+01, 5.2336e+01,
         1.6457e+01, 2.2632e+01, 7.3086e+00, 9.7556e+02, 8.1498e+01, 4.9792e+00,
         2.5509e+01, 1.0046e+00, 1.4564e+00, 1.1145e+00]])
Loaded per-window (calendar) month weights from analysis/figures/month_weights_per_window.npz: cube.shape=(25, 12, 34)
/Users/liyingnceas/GitHub/GNN-RNN-main/gnn-lstm-v3/utils/data_utils.py:264: RuntimeWarning: Mean of empty slice
  np.nanmean(county_dict[county], axis=0).astype(np.float32)
Filled 83815 missing (node, year) entries from neighbors or year averages
[2D] Station nodes: 587, adj nnz: 2910
[build_year_XY_windowed] data_start=1998, min_pred_year=2009, test_year=2014, win_size=3, n_windows=10
  built windows for T=2009
  built windows for T=2014
[build_year_XY_windowed] built windowed XY for 6 prediction years (2009–2014)
  GAT_RNN_V2: edge_feat_dim=3, n_heads=4, n_hidden=64
  [Bayes] Species rarity weights (mean=1): min=0.70 max=1.68  (rarest=Centropomus undecimalis_SA)
  [CrossDonor] Ecological cross-donor map (9 recipients):
    Centropomus undecimalis_A  <-  ['Cynoscion nebulosus_R', 'Cynoscion nebulosus_A']
    Centropomus undecimalis_SA  <-  ['Cynoscion nebulosus_R', 'Centropomus undecimalis_A']
    Sciaenops ocellatus_R  <-  ['Cynoscion nebulosus_R', 'Cynoscion nebulosus_A']
    Sciaenops ocellatus_SA  <-  ['Cynoscion nebulosus_R', 'Cynoscion nebulosus_A']
    Cynoscion nebulosus_A  <-  ['Cynoscion nebulosus_R', 'Lagodon rhomboides_A']
    Mycteroperca microlepis_SA  <-  ['Lutjanus griseus_SA', 'Lutjanus griseus_R']
    Lutjanus griseus_R  <-  ['Archosargus probatocephalus_A', 'Lutjanus griseus_SA']
    Lutjanus griseus_SA  <-  ['Archosargus probatocephalus_A']
    Archosargus probatocephalus_R  <-  ['Archosargus probatocephalus_A', 'Lagodon rhomboides_A']
  [BayesTransferMapped] 9 recipient → donor mappings:
    recipient   3 <- donors [6, 5]
    recipient   4 <- donors [6, 3]
    recipient  12 <- donors [6, 5]
    recipient  13 <- donors [6, 5]
    recipient   5 <- donors [6, 7]
    recipient  11 <- donors [10, 9]
    recipient   9 <- donors [0, 10]
    recipient  10 <- donors [0]
    recipient   1 <- donors [0, 7]
  [BayesTransferMapped] transfer_prior_std=0.300  warmstart_alpha=0.50

----- Epoch 0 (windowed) -----

###### Windowed train epoch 0 overall metrics
  loss: 0.1868 rmse: 21.131 r2: 0.006 corr: 0.075
***** Epoch 0 Val (windowed) *****
  loss: 0.0698 rmse: 9.487 r2: 0.026 corr: 0.166
********************
***** Epoch 0 Test (windowed) *****
  loss: 0.0721 rmse: 7.942 r2: 0.033 corr: 0.191
********************
  Epoch 0 done in 24.3s
  Saved best model → model/FIM_restoration_0412_stations_monthly/2014/gat-rnn-v2-windowed_bs-128_lr-0.001_maxepoch-50_testyear-2014_win-3_nwin-10_seed-0/model-0

----- Epoch 1 (windowed) -----

###### Windowed train epoch 1 overall metrics
  loss: 0.1781 rmse: 21.069 r2: 0.011 corr: 0.107
***** Epoch 1 Val (windowed) *****
  loss: 0.0651 rmse: 9.392 r2: 0.045 corr: 0.226
********************
***** Epoch 1 Test (windowed) *****
  loss: 0.0675 rmse: 7.857 r2: 0.054 corr: 0.255
********************
  Epoch 1 done in 149.8s
  Saved best model → model/FIM_restoration_0412_stations_monthly/2014/gat-rnn-v2-windowed_bs-128_lr-0.001_maxepoch-50_testyear-2014_win-3_nwin-10_seed-0/model-1

----- Epoch 2 (windowed) -----

###### Windowed train epoch 2 overall metrics
  loss: 0.1712 rmse: 21.020 r2: 0.016 corr: 0.131
***** Epoch 2 Val (windowed) *****
  loss: 0.0632 rmse: 9.307 r2: 0.062 corr: 0.263
********************
***** Epoch 2 Test (windowed) *****
  loss: 0.0651 rmse: 7.776 r2: 0.073 corr: 0.294
********************
  Epoch 2 done in 35.3s
  Saved best model → model/FIM_restoration_0412_stations_monthly/2014/gat-rnn-v2-windowed_bs-128_lr-0.001_maxepoch-50_testyear-2014_win-3_nwin-10_seed-0/model-2

----- Epoch 3 (windowed) -----

###### Windowed train epoch 3 overall metrics
  loss: 0.1667 rmse: 20.960 r2: 0.022 corr: 0.153
***** Epoch 3 Val (windowed) *****
  loss: 0.0609 rmse: 9.159 r2: 0.092 corr: 0.313
********************
***** Epoch 3 Test (windowed) *****
  loss: 0.0631 rmse: 7.578 r2: 0.120 corr: 0.361
********************
  Epoch 3 done in 24.1s
  Saved best model → model/FIM_restoration_0412_stations_monthly/2014/gat-rnn-v2-windowed_bs-128_lr-0.001_maxepoch-50_testyear-2014_win-3_nwin-10_seed-0/model-3

----- Epoch 4 (windowed) -----

###### Windowed train epoch 4 overall metrics
  loss: 0.1624 rmse: 20.942 r2: 0.023 corr: 0.173
***** Epoch 4 Val (windowed) *****
  loss: 0.0586 rmse: 9.170 r2: 0.090 corr: 0.343
********************
***** Epoch 4 Test (windowed) *****
  loss: 0.0616 rmse: 7.611 r2: 0.112 corr: 0.386
********************
  Epoch 4 done in 25.9s

----- Epoch 5 (windowed) -----

###### Windowed train epoch 5 overall metrics
  loss: 0.1588 rmse: 21.162 r2: 0.003 corr: 0.171
***** Epoch 5 Val (windowed) *****
  loss: 0.0576 rmse: 9.650 r2: -0.008 corr: 0.324
********************
***** Epoch 5 Test (windowed) *****
  loss: 0.0612 rmse: 8.157 r2: -0.020 corr: 0.353
********************
  Epoch 5 done in 25.2s

----- Epoch 6 (windowed) -----

###### Windowed train epoch 6 overall metrics
  loss: 0.1551 rmse: 21.231 r2: -0.004 corr: 0.175
***** Epoch 6 Val (windowed) *****
  loss: 0.0565 rmse: 9.629 r2: -0.004 corr: 0.329
********************
***** Epoch 6 Test (windowed) *****
  loss: 0.0614 rmse: 7.980 r2: 0.024 corr: 0.377
********************
  Epoch 6 done in 26.1s

----- Epoch 7 (windowed) -----

###### Windowed train epoch 7 overall metrics
  loss: 0.1529 rmse: 21.412 r2: -0.021 corr: 0.164
***** Epoch 7 Val (windowed) *****
  loss: 0.0556 rmse: 9.455 r2: 0.032 corr: 0.303
********************
***** Epoch 7 Test (windowed) *****
  loss: 0.0602 rmse: 7.868 r2: 0.051 corr: 0.340
********************
  Epoch 7 done in 25.7s

----- Epoch 8 (windowed) -----

###### Windowed train epoch 8 overall metrics
  loss: 0.1502 rmse: 21.091 r2: 0.009 corr: 0.202
***** Epoch 8 Val (windowed) *****
  loss: 0.0543 rmse: 9.386 r2: 0.047 corr: 0.337
********************
***** Epoch 8 Test (windowed) *****
  loss: 0.0586 rmse: 7.716 r2: 0.088 corr: 0.388
********************
  Epoch 8 done in 25.6s

----- Epoch 9 (windowed) -----

###### Windowed train epoch 9 overall metrics
  loss: 0.1476 rmse: 22.116 r2: -0.089 corr: 0.167
***** Epoch 9 Val (windowed) *****
  loss: 0.0537 rmse: 9.635 r2: -0.005 corr: 0.318
********************
***** Epoch 9 Test (windowed) *****
  loss: 0.0578 rmse: 8.124 r2: -0.011 corr: 0.345
********************
  Epoch 9 done in 25.5s

----- Epoch 10 (windowed) -----

###### Windowed train epoch 10 overall metrics
  loss: 0.1458 rmse: 20.954 r2: 0.022 corr: 0.197
***** Epoch 10 Val (windowed) *****
  loss: 0.0529 rmse: 9.633 r2: -0.004 corr: 0.356
********************
***** Epoch 10 Test (windowed) *****
  loss: 0.0601 rmse: 8.141 r2: -0.015 corr: 0.399
********************
  Epoch 10 done in 25.6s

----- Epoch 11 (windowed) -----

###### Windowed train epoch 11 overall metrics
  loss: 0.1435 rmse: 21.289 r2: -0.009 corr: 0.212
***** Epoch 11 Val (windowed) *****
  loss: 0.0534 rmse: 9.710 r2: -0.020 corr: 0.366
********************
***** Epoch 11 Test (windowed) *****
  loss: 0.0634 rmse: 8.463 r2: -0.097 corr: 0.383
********************
  Epoch 11 done in 26.0s
  [EarlyStop] No val_rmse improvement for 8 epochs (patience=8). Stopping fold at epoch 11.
Fold done — best val RMSE=9.1590 test R²=0.1201 corr=0.3608

================================================================
Rolling-windowed  test_year=2015
  Val  : 2014
  Test : 2015
  win_size=3  n_windows=10
================================================================
Initially data (54319, 166)
After filtering (35487, 166)
get_X_Y
X shape (35487, 130)
Y shape (35487, 34)
Y (output) means tensor([[0.1446, 0.0115, 0.2573, 0.1496, 0.0167, 0.0630, 0.1633, 0.6705, 0.9133,
         0.0229, 0.0445, 0.0117, 0.0764, 0.1410, 1.0226, 0.9765, 0.3476, 0.3918,
         0.9161, 0.3699, 0.1856, 0.2225, 0.4413, 0.1830, 0.4028, 0.4568, 0.2865,
         0.6753, 0.5261, 0.1492, 0.2806, 0.1060, 0.1301, 0.1328]]) stds tensor([[0.4752, 0.1324, 0.6328, 0.5566, 0.1552, 0.3050, 0.5228, 1.4579, 1.6397,
         0.1922, 0.2882, 0.1460, 0.4122, 0.4493, 2.0963, 1.6418, 0.8550, 1.1702,
         1.6470, 0.8956, 0.5277, 0.6900, 1.1228, 0.6047, 0.9834, 1.0166, 0.7213,
         1.4294, 1.0573, 0.4425, 0.8377, 0.3417, 0.3944, 0.3761]])
Y count-scale means tensor([[4.8216e-01, 3.3097e-02, 1.0077e+00, 7.8546e-01, 4.7551e-02, 2.0872e-01,
         6.0559e-01, 1.4582e+01, 3.2330e+01, 7.1789e-02, 1.8560e-01, 4.0068e-02,
         5.1947e-01, 4.2223e-01, 2.4308e+02, 2.0236e+01, 2.6366e+00, 1.4393e+01,
         2.8591e+01, 2.8189e+00, 6.0083e-01, 1.6085e+00, 8.4691e+00, 1.7329e+00,
         3.4129e+00, 3.9146e+00, 1.3223e+00, 3.4593e+01, 6.4131e+00, 4.3361e-01,
         3.0314e+00, 2.2471e-01, 3.0558e-01, 2.7693e-01]]) stds tensor([[3.3257e+00, 6.2445e-01, 6.1222e+00, 6.1816e+00, 9.6805e-01, 3.9534e+00,
         3.9211e+00, 7.2579e+01, 2.2041e+02, 1.0461e+00, 2.6244e+00, 7.2528e-01,
         9.0659e+00, 2.6515e+00, 2.8611e+03, 8.8809e+01, 1.9329e+01, 1.7185e+02,
         2.3493e+02, 1.6929e+01, 3.1694e+00, 2.3141e+01, 8.6734e+01, 5.0572e+01,
         1.6597e+01, 2.2258e+01, 7.1459e+00, 9.4188e+02, 7.8867e+01, 4.8218e+00,
         2.5615e+01, 1.0072e+00, 1.4308e+00, 1.0981e+00]])
Loaded per-window (calendar) month weights from analysis/figures/month_weights_per_window.npz: cube.shape=(25, 12, 34)
/Users/liyingnceas/GitHub/GNN-RNN-main/gnn-lstm-v3/utils/data_utils.py:264: RuntimeWarning: Mean of empty slice
  np.nanmean(county_dict[county], axis=0).astype(np.float32)
Filled 89145 missing (node, year) entries from neighbors or year averages
[2D] Station nodes: 587, adj nnz: 2910
[build_year_XY_windowed] data_start=1998, min_pred_year=2009, test_year=2015, win_size=3, n_windows=10
  built windows for T=2009
  built windows for T=2014
[build_year_XY_windowed] built windowed XY for 7 prediction years (2009–2015)
  GAT_RNN_V2: edge_feat_dim=3, n_heads=4, n_hidden=64
  [Bayes] Species rarity weights (mean=1): min=0.70 max=1.70  (rarest=Centropomus undecimalis_SA)
  [CrossDonor] Ecological cross-donor map (9 recipients):
    Centropomus undecimalis_A  <-  ['Cynoscion nebulosus_R', 'Cynoscion nebulosus_A']
    Centropomus undecimalis_SA  <-  ['Cynoscion nebulosus_R', 'Centropomus undecimalis_A']
    Sciaenops ocellatus_R  <-  ['Cynoscion nebulosus_R', 'Cynoscion nebulosus_A']
    Sciaenops ocellatus_SA  <-  ['Cynoscion nebulosus_R', 'Cynoscion nebulosus_A']
    Cynoscion nebulosus_A  <-  ['Cynoscion nebulosus_R', 'Lagodon rhomboides_A']
    Mycteroperca microlepis_SA  <-  ['Lutjanus griseus_SA', 'Lutjanus griseus_R']
    Lutjanus griseus_R  <-  ['Archosargus probatocephalus_A', 'Lutjanus griseus_SA']
    Lutjanus griseus_SA  <-  ['Archosargus probatocephalus_A']
    Archosargus probatocephalus_R  <-  ['Archosargus probatocephalus_A', 'Lagodon rhomboides_A']
  [BayesTransferMapped] 9 recipient → donor mappings:
    recipient   3 <- donors [6, 5]
    recipient   4 <- donors [6, 3]
    recipient  12 <- donors [6, 5]
    recipient  13 <- donors [6, 5]
    recipient   5 <- donors [6, 7]
    recipient  11 <- donors [10, 9]
    recipient   9 <- donors [0, 10]
    recipient  10 <- donors [0]
    recipient   1 <- donors [0, 7]
  [BayesTransferMapped] transfer_prior_std=0.300  warmstart_alpha=0.50

----- Epoch 0 (windowed) -----

###### Windowed train epoch 0 overall metrics
  loss: 0.1855 rmse: 19.570 r2: 0.005 corr: 0.077
***** Epoch 0 Val (windowed) *****
  loss: 0.0700 rmse: 7.950 r2: 0.032 corr: 0.202
********************
***** Epoch 0 Test (windowed) *****
  loss: 0.0702 rmse: 15.899 r2: 0.014 corr: 0.122
********************
  Epoch 0 done in 29.8s
  Saved best model → model/FIM_restoration_0412_stations_monthly/2015/gat-rnn-v2-windowed_bs-128_lr-0.001_maxepoch-50_testyear-2015_win-3_nwin-10_seed-0/model-0

----- Epoch 1 (windowed) -----

###### Windowed train epoch 1 overall metrics
  loss: 0.1748 rmse: 19.424 r2: 0.020 corr: 0.143
***** Epoch 1 Val (windowed) *****
  loss: 0.0656 rmse: 7.902 r2: 0.044 corr: 0.291
********************
***** Epoch 1 Test (windowed) *****
  loss: 0.0653 rmse: 15.679 r2: 0.041 corr: 0.212
********************
  Epoch 1 done in 29.3s
  Saved best model → model/FIM_restoration_0412_stations_monthly/2015/gat-rnn-v2-windowed_bs-128_lr-0.001_maxepoch-50_testyear-2015_win-3_nwin-10_seed-0/model-1

----- Epoch 2 (windowed) -----

###### Windowed train epoch 2 overall metrics
  loss: 0.1682 rmse: 19.388 r2: 0.024 corr: 0.171
***** Epoch 2 Val (windowed) *****
  loss: 0.0631 rmse: 7.549 r2: 0.127 corr: 0.404
********************
***** Epoch 2 Test (windowed) *****
  loss: 0.0632 rmse: 15.104 r2: 0.110 corr: 0.340
********************
  Epoch 2 done in 28.7s
  Saved best model → model/FIM_restoration_0412_stations_monthly/2015/gat-rnn-v2-windowed_bs-128_lr-0.001_maxepoch-50_testyear-2015_win-3_nwin-10_seed-0/model-2

----- Epoch 3 (windowed) -----

###### Windowed train epoch 3 overall metrics
  loss: 0.1636 rmse: 19.387 r2: 0.024 corr: 0.196
***** Epoch 3 Val (windowed) *****
  loss: 0.0613 rmse: 7.528 r2: 0.132 corr: 0.393
********************
***** Epoch 3 Test (windowed) *****
  loss: 0.0608 rmse: 15.231 r2: 0.095 corr: 0.317
********************
  Epoch 3 done in 30.0s
  Saved best model → model/FIM_restoration_0412_stations_monthly/2015/gat-rnn-v2-windowed_bs-128_lr-0.001_maxepoch-50_testyear-2015_win-3_nwin-10_seed-0/model-3

----- Epoch 4 (windowed) -----

###### Windowed train epoch 4 overall metrics
  loss: 0.1595 rmse: 19.549 r2: 0.007 corr: 0.186
***** Epoch 4 Val (windowed) *****
  loss: 0.0615 rmse: 8.535 r2: -0.116 corr: 0.347
********************
***** Epoch 4 Test (windowed) *****
  loss: 0.0612 rmse: 15.621 r2: 0.048 corr: 0.269
********************
  Epoch 4 done in 29.5s

----- Epoch 5 (windowed) -----

###### Windowed train epoch 5 overall metrics
  loss: 0.1561 rmse: 19.422 r2: 0.020 corr: 0.209
***** Epoch 5 Val (windowed) *****
  loss: 0.0589 rmse: 7.941 r2: 0.034 corr: 0.378
********************
***** Epoch 5 Test (windowed) *****
  loss: 0.0601 rmse: 15.058 r2: 0.116 corr: 0.343
********************
  Epoch 5 done in 29.8s

----- Epoch 6 (windowed) -----

###### Windowed train epoch 6 overall metrics
  loss: 0.1526 rmse: 19.714 r2: -0.009 corr: 0.197
***** Epoch 6 Val (windowed) *****
  loss: 0.0569 rmse: 7.726 r2: 0.086 corr: 0.411
********************
***** Epoch 6 Test (windowed) *****
  loss: 0.0576 rmse: 14.928 r2: 0.131 corr: 0.368
********************
  Epoch 6 done in 30.3s

----- Epoch 7 (windowed) -----

###### Windowed train epoch 7 overall metrics
  loss: 0.1497 rmse: 19.778 r2: -0.016 corr: 0.212
***** Epoch 7 Val (windowed) *****
  loss: 0.0555 rmse: 7.870 r2: 0.051 corr: 0.407
********************
***** Epoch 7 Test (windowed) *****
  loss: 0.0574 rmse: 14.922 r2: 0.131 corr: 0.367
********************
  Epoch 7 done in 29.5s

----- Epoch 8 (windowed) -----

###### Windowed train epoch 8 overall metrics
  loss: 0.1471 rmse: 19.403 r2: 0.022 corr: 0.257
***** Epoch 8 Val (windowed) *****
  loss: 0.0552 rmse: 8.164 r2: -0.021 corr: 0.380
********************
***** Epoch 8 Test (windowed) *****
  loss: 0.0561 rmse: 15.114 r2: 0.109 corr: 0.337
********************
  Epoch 8 done in 29.4s

----- Epoch 9 (windowed) -----

###### Windowed train epoch 9 overall metrics
  loss: 0.1446 rmse: 20.228 r2: -0.063 corr: 0.208
***** Epoch 9 Val (windowed) *****
  loss: 0.0547 rmse: 8.201 r2: -0.030 corr: 0.411
********************
***** Epoch 9 Test (windowed) *****
  loss: 0.0568 rmse: 14.789 r2: 0.147 corr: 0.387
********************
  Epoch 9 done in 29.8s

----- Epoch 10 (windowed) -----

###### Windowed train epoch 10 overall metrics
  loss: 0.1427 rmse: 19.539 r2: 0.008 corr: 0.244
***** Epoch 10 Val (windowed) *****
  loss: 0.0532 rmse: 8.956 r2: -0.229 corr: 0.405
********************
***** Epoch 10 Test (windowed) *****
  loss: 0.0567 rmse: 14.698 r2: 0.157 corr: 0.409
********************
  Epoch 10 done in 29.5s

----- Epoch 11 (windowed) -----

###### Windowed train epoch 11 overall metrics
  loss: 0.1404 rmse: 20.002 r2: -0.039 corr: 0.228
***** Epoch 11 Val (windowed) *****
  loss: 0.0523 rmse: 7.636 r2: 0.107 corr: 0.420
********************
***** Epoch 11 Test (windowed) *****
  loss: 0.0544 rmse: 14.878 r2: 0.136 corr: 0.380
********************
  Epoch 11 done in 29.2s
  [EarlyStop] No val_rmse improvement for 8 epochs (patience=8). Stopping fold at epoch 11.
Fold done — best val RMSE=7.5282 test R²=0.0950 corr=0.3165

================================================================
Rolling-windowed  test_year=2016
  Val  : 2015
  Test : 2016
  win_size=3  n_windows=10
================================================================
Initially data (54319, 166)
After filtering (37796, 166)
get_X_Y
X shape (37796, 130)
Y shape (37796, 34)
Y (output) means tensor([[0.1462, 0.0125, 0.2567, 0.1512, 0.0174, 0.0629, 0.1632, 0.6640, 0.9154,
         0.0232, 0.0453, 0.0111, 0.0795, 0.1419, 1.0214, 0.9919, 0.3477, 0.3881,
         0.8983, 0.3736, 0.1846, 0.2185, 0.4312, 0.1803, 0.4072, 0.4617, 0.2843,
         0.6617, 0.5230, 0.1493, 0.2824, 0.1074, 0.1294, 0.1327]]) stds tensor([[0.4778, 0.1387, 0.6312, 0.5601, 0.1581, 0.3051, 0.5219, 1.4517, 1.6439,
         0.1927, 0.2901, 0.1418, 0.4227, 0.4495, 2.0968, 1.6538, 0.8553, 1.1631,
         1.6297, 0.9007, 0.5240, 0.6833, 1.1089, 0.6009, 0.9870, 1.0222, 0.7183,
         1.4133, 1.0533, 0.4423, 0.8451, 0.3440, 0.3932, 0.3762]])
Y count-scale means tensor([[4.8859e-01, 3.5833e-02, 9.9997e-01, 7.9858e-01, 4.8727e-02, 2.0843e-01,
         6.0113e-01, 1.4472e+01, 3.3015e+01, 7.1756e-02, 1.8603e-01, 3.7722e-02,
         5.4277e-01, 4.2388e-01, 2.3974e+02, 2.0613e+01, 2.6390e+00, 1.4084e+01,
         2.7483e+01, 2.8620e+00, 5.9036e-01, 1.5705e+00, 8.1430e+00, 1.7214e+00,
         3.4179e+00, 3.9326e+00, 1.3055e+00, 3.3383e+01, 6.3005e+00, 4.2967e-01,
         3.1852e+00, 2.2789e-01, 3.0358e-01, 2.7662e-01]]) stds tensor([[3.3335e+00, 6.3231e-01, 6.0218e+00, 6.3010e+00, 9.4810e-01, 3.8696e+00,
         3.8595e+00, 7.2372e+01, 2.4703e+02, 1.0285e+00, 2.5689e+00, 7.0265e-01,
         8.9316e+00, 2.6903e+00, 2.8009e+03, 8.8395e+01, 1.9210e+01, 1.6780e+02,
         2.2804e+02, 1.7053e+01, 3.1004e+00, 2.2580e+01, 8.4174e+01, 4.9503e+01,
         1.6421e+01, 2.1866e+01, 7.0309e+00, 9.1440e+02, 7.6852e+01, 4.6832e+00,
         2.7588e+01, 1.0161e+00, 1.4205e+00, 1.0908e+00]])
Loaded per-window (calendar) month weights from analysis/figures/month_weights_per_window.npz: cube.shape=(25, 12, 34)
/Users/liyingnceas/GitHub/GNN-RNN-main/gnn-lstm-v3/utils/data_utils.py:264: RuntimeWarning: Mean of empty slice
  np.nanmean(county_dict[county], axis=0).astype(np.float32)
Filled 95850 missing (node, year) entries from neighbors or year averages
[2D] Station nodes: 596, adj nnz: 2980
[build_year_XY_windowed] data_start=1998, min_pred_year=2009, test_year=2016, win_size=3, n_windows=10
  built windows for T=2009
  built windows for T=2014
[build_year_XY_windowed] built windowed XY for 8 prediction years (2009–2016)
  GAT_RNN_V2: edge_feat_dim=3, n_heads=4, n_hidden=64
  [Bayes] Species rarity weights (mean=1): min=0.70 max=1.69  (rarest=Archosargus probatocephalus_R)
  [CrossDonor] Ecological cross-donor map (9 recipients):
    Centropomus undecimalis_A  <-  ['Cynoscion nebulosus_R', 'Cynoscion nebulosus_A']
    Centropomus undecimalis_SA  <-  ['Cynoscion nebulosus_R', 'Centropomus undecimalis_A']
    Sciaenops ocellatus_R  <-  ['Cynoscion nebulosus_R', 'Cynoscion nebulosus_A']
    Sciaenops ocellatus_SA  <-  ['Cynoscion nebulosus_R', 'Cynoscion nebulosus_A']
    Cynoscion nebulosus_A  <-  ['Cynoscion nebulosus_R', 'Lagodon rhomboides_A']
    Mycteroperca microlepis_SA  <-  ['Lutjanus griseus_SA', 'Lutjanus griseus_R']
    Lutjanus griseus_R  <-  ['Archosargus probatocephalus_A', 'Lutjanus griseus_SA']
    Lutjanus griseus_SA  <-  ['Archosargus probatocephalus_A']
    Archosargus probatocephalus_R  <-  ['Archosargus probatocephalus_A', 'Lagodon rhomboides_A']
  [BayesTransferMapped] 9 recipient → donor mappings:
    recipient   3 <- donors [6, 5]
    recipient   4 <- donors [6, 3]
    recipient  12 <- donors [6, 5]
    recipient  13 <- donors [6, 5]
    recipient   5 <- donors [6, 7]
    recipient  11 <- donors [10, 9]
    recipient   9 <- donors [0, 10]
    recipient  10 <- donors [0]
    recipient   1 <- donors [0, 7]
  [BayesTransferMapped] transfer_prior_std=0.300  warmstart_alpha=0.50

----- Epoch 0 (windowed) -----

###### Windowed train epoch 0 overall metrics
  loss: 0.1840 rmse: 18.973 r2: 0.007 corr: 0.085
***** Epoch 0 Val (windowed) *****
  loss: 0.0702 rmse: 15.783 r2: 0.019 corr: 0.140
********************
***** Epoch 0 Test (windowed) *****
  loss: 0.0703 rmse: 15.569 r2: 0.022 corr: 0.150
********************
  Epoch 0 done in 33.9s
  Saved best model → model/FIM_restoration_0412_stations_monthly/2016/gat-rnn-v2-windowed_bs-128_lr-0.001_maxepoch-50_testyear-2016_win-3_nwin-10_seed-0/model-0

----- Epoch 1 (windowed) -----

###### Windowed train epoch 1 overall metrics
  loss: 0.1738 rmse: 18.852 r2: 0.020 corr: 0.143
***** Epoch 1 Val (windowed) *****
  loss: 0.0652 rmse: 15.586 r2: 0.043 corr: 0.213
********************
***** Epoch 1 Test (windowed) *****
  loss: 0.0659 rmse: 15.335 r2: 0.051 corr: 0.231
********************
  Epoch 1 done in 33.8s
  Saved best model → model/FIM_restoration_0412_stations_monthly/2016/gat-rnn-v2-windowed_bs-128_lr-0.001_maxepoch-50_testyear-2016_win-3_nwin-10_seed-0/model-1

----- Epoch 2 (windowed) -----

###### Windowed train epoch 2 overall metrics
  loss: 0.1675 rmse: 18.790 r2: 0.026 corr: 0.165
***** Epoch 2 Val (windowed) *****
  loss: 0.0627 rmse: 15.472 r2: 0.057 corr: 0.246
********************
***** Epoch 2 Test (windowed) *****
  loss: 0.0642 rmse: 15.188 r2: 0.069 corr: 0.267
********************
  Epoch 2 done in 33.6s
  Saved best model → model/FIM_restoration_0412_stations_monthly/2016/gat-rnn-v2-windowed_bs-128_lr-0.001_maxepoch-50_testyear-2016_win-3_nwin-10_seed-0/model-2

----- Epoch 3 (windowed) -----

###### Windowed train epoch 3 overall metrics
  loss: 0.1623 rmse: 18.807 r2: 0.024 corr: 0.177
***** Epoch 3 Val (windowed) *****
  loss: 0.0616 rmse: 15.450 r2: 0.060 corr: 0.255
********************
***** Epoch 3 Test (windowed) *****
  loss: 0.0627 rmse: 15.141 r2: 0.075 corr: 0.278
********************
  Epoch 3 done in 33.3s
  Saved best model → model/FIM_restoration_0412_stations_monthly/2016/gat-rnn-v2-windowed_bs-128_lr-0.001_maxepoch-50_testyear-2016_win-3_nwin-10_seed-0/model-3

----- Epoch 4 (windowed) -----

###### Windowed train epoch 4 overall metrics
  loss: 0.1593 rmse: 18.743 r2: 0.031 corr: 0.204
***** Epoch 4 Val (windowed) *****
  loss: 0.0603 rmse: 15.681 r2: 0.032 corr: 0.212
********************
***** Epoch 4 Test (windowed) *****
  loss: 0.0619 rmse: 15.353 r2: 0.048 corr: 0.237
********************
  Epoch 4 done in 33.4s

----- Epoch 5 (windowed) -----

###### Windowed train epoch 5 overall metrics
  loss: 0.1561 rmse: 18.888 r2: 0.016 corr: 0.199
***** Epoch 5 Val (windowed) *****
  loss: 0.0594 rmse: 15.295 r2: 0.079 corr: 0.285
********************
***** Epoch 5 Test (windowed) *****
  loss: 0.0637 rmse: 14.906 r2: 0.103 corr: 0.327
********************
  Epoch 5 done in 33.9s
  Saved best model → model/FIM_restoration_0412_stations_monthly/2016/gat-rnn-v2-windowed_bs-128_lr-0.001_maxepoch-50_testyear-2016_win-3_nwin-10_seed-0/model-5

----- Epoch 6 (windowed) -----

###### Windowed train epoch 6 overall metrics
  loss: 0.1521 rmse: 18.919 r2: 0.013 corr: 0.199
***** Epoch 6 Val (windowed) *****
  loss: 0.0575 rmse: 15.335 r2: 0.074 corr: 0.278
********************
***** Epoch 6 Test (windowed) *****
  loss: 0.0600 rmse: 14.834 r2: 0.112 corr: 0.341
********************
  Epoch 6 done in 33.8s

----- Epoch 7 (windowed) -----

###### Windowed train epoch 7 overall metrics
  loss: 0.1489 rmse: 18.671 r2: 0.038 corr: 0.239
***** Epoch 7 Val (windowed) *****
  loss: 0.0554 rmse: 15.274 r2: 0.081 corr: 0.294
********************
***** Epoch 7 Test (windowed) *****
  loss: 0.0589 rmse: 14.724 r2: 0.125 corr: 0.358
********************
  Epoch 7 done in 934.3s
  Saved best model → model/FIM_restoration_0412_stations_monthly/2016/gat-rnn-v2-windowed_bs-128_lr-0.001_maxepoch-50_testyear-2016_win-3_nwin-10_seed-0/model-7

----- Epoch 8 (windowed) -----

###### Windowed train epoch 8 overall metrics
  loss: 0.1455 rmse: 18.547 r2: 0.051 corr: 0.252
***** Epoch 8 Val (windowed) *****
  loss: 0.0541 rmse: 15.097 r2: 0.102 corr: 0.326
********************
***** Epoch 8 Test (windowed) *****
  loss: 0.0597 rmse: 14.531 r2: 0.148 corr: 0.392
********************
  Epoch 8 done in 49.1s
  Saved best model → model/FIM_restoration_0412_stations_monthly/2016/gat-rnn-v2-windowed_bs-128_lr-0.001_maxepoch-50_testyear-2016_win-3_nwin-10_seed-0/model-8

----- Epoch 9 (windowed) -----

###### Windowed train epoch 9 overall metrics
  loss: 0.1434 rmse: 18.569 r2: 0.049 corr: 0.255
***** Epoch 9 Val (windowed) *****
  loss: 0.0541 rmse: 15.217 r2: 0.088 corr: 0.303
********************
***** Epoch 9 Test (windowed) *****
  loss: 0.0594 rmse: 14.640 r2: 0.135 corr: 0.370
********************
  Epoch 9 done in 32.0s

----- Epoch 10 (windowed) -----

###### Windowed train epoch 10 overall metrics
  loss: 0.1419 rmse: 18.684 r2: 0.037 corr: 0.263
***** Epoch 10 Val (windowed) *****
  loss: 0.0533 rmse: 14.934 r2: 0.122 corr: 0.355
********************
***** Epoch 10 Test (windowed) *****
  loss: 0.0587 rmse: 14.299 r2: 0.175 corr: 0.422
********************
  Epoch 10 done in 31.2s
  Saved best model → model/FIM_restoration_0412_stations_monthly/2016/gat-rnn-v2-windowed_bs-128_lr-0.001_maxepoch-50_testyear-2016_win-3_nwin-10_seed-0/model-10

----- Epoch 11 (windowed) -----

###### Windowed train epoch 11 overall metrics
  loss: 0.1392 rmse: 18.780 r2: 0.027 corr: 0.257
***** Epoch 11 Val (windowed) *****
  loss: 0.0521 rmse: 15.066 r2: 0.106 corr: 0.333
********************
***** Epoch 11 Test (windowed) *****
  loss: 0.0567 rmse: 14.441 r2: 0.158 corr: 0.410
********************
  Epoch 11 done in 32.0s

----- Epoch 12 (windowed) -----

###### Windowed train epoch 12 overall metrics
  loss: 0.1370 rmse: 18.757 r2: 0.030 corr: 0.268
***** Epoch 12 Val (windowed) *****
  loss: 0.0509 rmse: 15.169 r2: 0.094 corr: 0.321
********************
***** Epoch 12 Test (windowed) *****
  loss: 0.0577 rmse: 14.636 r2: 0.135 corr: 0.371
********************
  Epoch 12 done in 215.4s

----- Epoch 13 (windowed) -----

###### Windowed train epoch 13 overall metrics
  loss: 0.1358 rmse: 18.321 r2: 0.074 corr: 0.305
***** Epoch 13 Val (windowed) *****
  loss: 0.0531 rmse: 15.366 r2: 0.070 corr: 0.297
********************
***** Epoch 13 Test (windowed) *****
  loss: 0.0544 rmse: 14.813 r2: 0.114 corr: 0.349
********************
  Epoch 13 done in 31.5s

----- Epoch 14 (windowed) -----

###### Windowed train epoch 14 overall metrics
  loss: 0.1354 rmse: 18.715 r2: 0.034 corr: 0.267
***** Epoch 14 Val (windowed) *****
  loss: 0.0569 rmse: 15.164 r2: 0.095 corr: 0.310
********************
***** Epoch 14 Test (windowed) *****
  loss: 0.0664 rmse: 14.746 r2: 0.122 corr: 0.352
********************
  Epoch 14 done in 31.6s

----- Epoch 15 (windowed) -----

###### Windowed train epoch 15 overall metrics
  loss: 0.1330 rmse: 18.561 r2: 0.050 corr: 0.282
***** Epoch 15 Val (windowed) *****
  loss: 0.0497 rmse: 15.094 r2: 0.103 corr: 0.331
********************
***** Epoch 15 Test (windowed) *****
  loss: 0.0574 rmse: 14.657 r2: 0.133 corr: 0.368
********************
  Epoch 15 done in 32.1s

----- Epoch 16 (windowed) -----

###### Windowed train epoch 16 overall metrics
  loss: 0.1315 rmse: 18.568 r2: 0.049 corr: 0.285
***** Epoch 16 Val (windowed) *****
  loss: 0.0499 rmse: 15.248 r2: 0.084 corr: 0.301
********************
***** Epoch 16 Test (windowed) *****
  loss: 0.0596 rmse: 14.839 r2: 0.111 corr: 0.337
********************
  Epoch 16 done in 31.9s

----- Epoch 17 (windowed) -----

###### Windowed train epoch 17 overall metrics
  loss: 0.1303 rmse: 18.598 r2: 0.046 corr: 0.283
***** Epoch 17 Val (windowed) *****
  loss: 0.0497 rmse: 15.184 r2: 0.092 corr: 0.317
********************
***** Epoch 17 Test (windowed) *****
  loss: 0.0544 rmse: 14.749 r2: 0.122 corr: 0.355
********************
  Epoch 17 done in 32.2s

----- Epoch 18 (windowed) -----
