Device cpu
  [all_species_targets] Promoted 92 community species to targets. Total targets: 106
FIM targets: 106 life-stage species (_A/_R/_SA/_J)
FIM forage (input only): []
FIM community species as input features: 0
FIM n_env_feats: 58
HybridEncoder individual_indices: 0 features
HybridEncoder group_slices: [(0, 6, 'env'), (6, 14, 'restoration'), (14, 21, 'habitat_structured'), (21, 28, 'habitat_open'), (28, 35, 'shoreline'), (35, 38, 'water_effort'), (38, 52, 'bycatch'), (52, 58, 'na_indicators')]
FIM dataset: 106 species, time_intervals=1
Time intervals 1

================================================================
Rolling-windowed  test_year=2010
  Val  : 2009
  Test : 2010
  win_size=3  n_windows=10
================================================================
Initially data (54319, 166)
After filtering (24937, 166)
get_X_Y
X shape (24937, 58)
Y shape (24937, 106)
Y (output) means tensor([[1.4472e-01, 1.2719e-02, 2.6703e-01, 1.6736e-01, 1.4174e-02, 6.2409e-02,
         1.6877e-01, 6.4030e-01, 8.4186e-01, 2.1815e-02, 4.3262e-02, 1.4125e-02,
         7.4265e-02, 1.4725e-01, 2.4229e+01, 2.1629e+01, 7.1227e+00, 7.0407e-01,
         7.2471e-01, 3.1507e+00, 1.3966e-01, 3.3923e+01, 5.8289e-02, 5.7019e-02,
         2.9812e-01, 2.8947e-01, 3.4558e-01, 3.5913e-01, 2.4681e+01, 6.2996e-01,
         7.6118e-01, 1.5639e-01, 9.6154e-05, 2.8767e+00, 3.1653e-01, 0.0000e+00,
         1.0871e+01, 8.3873e+00, 5.9136e-01, 4.5466e-01, 2.0750e+00, 3.9981e-01,
         1.7302e-01, 3.9922e+00, 1.2837e+00, 3.4761e+00, 1.5759e+00, 8.5503e+00,
         3.6006e+01, 3.6641e+01, 8.2992e-01, 1.5823e+01, 7.2652e-02, 1.2506e+00,
         1.3877e+01, 1.6934e-01, 4.7201e-02, 2.3495e-03, 6.1603e-01, 1.5289e-01,
         7.2115e-06, 4.3766e-02, 7.7663e-02, 4.3053e-02, 2.3990e-03, 0.0000e+00,
         1.1298e-01, 1.1298e-01, 1.1298e-01, 1.1298e-01, 5.5389e-01, 5.4120e-01,
         1.6571e-02, 4.8816e-02, 4.1201e-02, 8.8240e-02, 1.0253e+00, 2.2872e-01,
         5.6582e-02, 4.2374e-01, 1.6007e-02, 1.4726e-01, 3.3913e-02, 4.4739e-02,
         3.6941e-02, 5.5284e-02, 6.2169e-02, 8.1238e-02, 6.1780e-03, 5.0047e-02,
         3.0781e-03, 1.7078e-01, 4.6894e-03, 1.3185e-02, 4.0092e-01, 4.7350e-01,
         9.2965e-01, 8.1589e-02, 3.6593e-01, 6.9674e-02, 1.3110e-01, 2.8646e-03,
         9.1873e-02, 8.3781e-03, 8.6933e-02, 8.1685e-03]]) stds tensor([[4.7591e-01, 1.4252e-01, 6.4497e-01, 5.9566e-01, 1.4318e-01, 3.0484e-01,
         5.3254e-01, 1.4282e+00, 1.5683e+00, 1.8561e-01, 2.8516e-01, 1.6119e-01,
         4.0453e-01, 4.6112e-01, 5.4236e+00, 1.0935e+01, 2.0416e+00, 3.0235e-01,
         4.4662e-01, 1.7815e+00, 9.0303e-01, 8.5089e+02, 3.2533e-01, 3.1090e-01,
         1.5363e+00, 1.4781e+00, 1.8371e+00, 1.8739e+00, 3.5607e+01, 4.7207e-01,
         4.1493e-01, 3.5100e-01, 9.8051e-03, 1.3356e+01, 4.2061e+00, 1.0000e+00,
         2.3429e+01, 2.2222e+01, 6.0410e+00, 6.9572e-01, 1.6761e+00, 4.8988e-01,
         1.0818e+00, 4.6229e+00, 3.1545e+00, 4.5269e+00, 1.8489e+00, 2.1782e+01,
         4.0161e+01, 3.6197e+01, 3.7860e-01, 1.8583e+01, 1.6792e+00, 1.7212e+01,
         8.8180e+01, 2.0632e+00, 1.4293e+00, 9.2546e-02, 1.4820e+01, 4.7204e+00,
         1.0400e-03, 7.5700e-01, 1.9127e+00, 1.4797e+00, 1.4931e-01, 1.0000e+00,
         3.1661e-01, 3.1661e-01, 3.1661e-01, 3.1661e-01, 4.9710e-01, 4.9830e-01,
         1.5030e-01, 2.5800e-01, 3.6700e-01, 5.2042e-01, 2.1130e+00, 7.0631e-01,
         3.3643e-01, 1.1073e+00, 1.4720e-01, 7.3105e-01, 2.2775e-01, 3.0557e-01,
         2.2558e-01, 2.7289e-01, 3.7715e-01, 4.3791e-01, 1.3089e-01, 3.8495e-01,
         7.4348e-02, 5.8035e-01, 9.9560e-02, 1.4164e-01, 1.0032e+00, 1.0510e+00,
         1.6207e+00, 4.1987e-01, 8.9167e-01, 4.0128e-01, 6.6370e-01, 6.5470e-02,
         4.6141e-01, 1.3834e-01, 5.0277e-01, 1.3177e-01]])
Y count-scale means tensor([[4.7995e-01, 3.8462e-02, 1.0546e+00, 9.2712e-01, 3.8750e-02, 1.9678e-01,
         6.3365e-01, 1.4055e+01, 2.7378e+01, 6.5048e-02, 1.8567e-01, 4.8798e-02,
         5.0606e-01, 4.4933e-01, 2.5016e+12, 3.3545e+12, 5.1381e+08, 1.1331e+00,
         1.2455e+00, 7.6954e+01, 1.6684e+03, 1.5465e+11, 2.7926e-01, 2.0662e-01,
         5.0238e+02, 3.2514e+02, 3.6762e+03, 3.9851e+03, 3.5477e+12, 1.0740e+00,
         1.3000e+00, 2.6141e-01, 1.6522e-04, 4.3146e+11, 4.3344e+10, 0.0000e+00,
         1.6850e+12, 1.2727e+12, 9.0992e+10, 1.6426e+00, 2.5677e+01, 6.8706e-01,
         1.7384e+02, 7.4879e+03, 2.2638e+03, 6.6469e+03, 2.3970e+01, 9.1303e+11,
         3.9744e+12, 5.1063e+12, 1.5072e+00, 3.5509e+12, 3.1639e+09, 8.6500e+10,
         6.0565e+11, 1.4943e+10, 3.6013e+09, 1.0787e-01, 3.4998e+10, 9.3443e+09,
         7.7805e-06, 1.5417e+09, 7.2599e+09, 5.1378e+09, 1.0352e+01, 0.0000e+00,
         1.9413e-01, 1.9413e-01, 1.9413e-01, 1.9413e-01, 9.5189e-01, 9.3008e-01,
         4.0817e-02, 1.4798e-01, 5.1688e-01, 2.6134e+00, 2.7225e+02, 1.6736e+00,
         2.7692e-01, 8.3841e+00, 4.0481e-02, 1.0635e+01, 1.2649e-01, 3.3678e-01,
         9.5385e-02, 1.3471e-01, 3.7226e-01, 6.0486e-01, 5.1106e-02, 8.7995e-01,
         1.1298e-02, 1.6151e+00, 2.4423e-02, 3.9038e-02, 3.6877e+00, 4.3880e+00,
         2.0047e+01, 4.9111e-01, 3.0278e+00, 4.2231e-01, 2.6117e+00, 8.5577e-03,
         5.7942e-01, 4.2788e-02, 1.3742e+00, 5.4615e-02]]) stds tensor([[3.2201e+00, 6.9984e-01, 6.2948e+00, 7.0654e+00, 6.5841e-01, 2.0970e+00,
         4.1402e+00, 7.0738e+01, 1.8693e+02, 8.7345e-01, 2.7362e+00, 8.0355e-01,
         9.2696e+00, 2.7550e+00, 3.9728e+12, 4.6962e+12, 7.4095e+10, 9.2472e-01,
         7.6750e-01, 1.1534e+02, 7.2482e+04, 1.2762e+12, 4.0566e+00, 2.0844e+00,
         4.8907e+03, 3.5548e+03, 3.5265e+04, 3.7388e+04, 5.0311e+12, 8.1437e-01,
         7.1905e-01, 5.9742e-01, 1.6848e-02, 2.0993e+12, 6.7782e+11, 1.0000e+00,
         3.8871e+12, 3.4553e+12, 9.8165e+11, 6.9837e+00, 4.1087e+01, 8.4167e-01,
         1.8930e+03, 1.0311e+04, 6.6344e+03, 1.0018e+04, 4.7976e+01, 2.9849e+12,
         5.1608e+12, 5.3349e+12, 1.4418e+00, 5.0333e+12, 1.8173e+11, 9.5655e+11,
         2.4693e+12, 3.9883e+11, 1.9599e+11, 1.2604e+01, 6.1001e+11, 3.1432e+11,
         1.1221e-03, 1.2832e+11, 2.7722e+11, 2.3423e+11, 1.1503e+03, 1.0000e+00,
         5.4389e-01, 5.4389e-01, 5.4389e-01, 5.4389e-01, 8.5411e-01, 8.5621e-01,
         5.5773e-01, 2.5371e+00, 8.2392e+00, 6.7232e+01, 3.1861e+03, 1.6226e+01,
         4.0111e+00, 8.1280e+01, 7.2738e-01, 3.2809e+02, 2.6576e+00, 9.0358e+00,
         9.6775e-01, 9.0557e-01, 4.4037e+00, 8.3083e+00, 1.9874e+00, 2.2879e+01,
         4.9974e-01, 5.2445e+01, 9.5559e-01, 7.5414e-01, 1.7698e+01, 2.4202e+01,
         9.3559e+01, 5.9881e+00, 2.1775e+01, 4.3966e+00, 3.7265e+01, 3.8125e-01,
         6.3895e+00, 1.1275e+00, 2.6650e+01, 2.3631e+00]])
Loaded per-window (calendar) month weights from analysis/figures/month_weights_per_window.npz: cube.shape=(25, 12, 106)
/Users/liyingnceas/GitHub/GNN-RNN-main/gnn-lstm-v3/utils/data_utils.py:247: RuntimeWarning: Mean of empty slice
  np.nanmean(county_dict[county], axis=0).astype(np.float32)
Filled 62371 missing (node, year) entries from neighbors or year averages
[2D] Station nodes: 586, adj nnz: 2905
[build_year_XY_windowed] data_start=1998, min_pred_year=2009, test_year=2010, win_size=3, n_windows=10
  built windows for T=2009
[build_year_XY_windowed] built windowed XY for 2 prediction years (2009–2010)
  GAT_RNN_V2: edge_feat_dim=3, n_heads=4, n_hidden=64

----- Epoch 0 (windowed) -----
/Users/liyingnceas/GitHub/GNN-RNN-main/gnn-lstm-v3/train.py:128: RuntimeWarning: overflow encountered in square
  metrics['rmse'] = np.sqrt(np.mean((pred_np - Y_np) ** 2))
/Users/liyingnceas/anaconda3/envs/gnnrnn/lib/python3.10/site-packages/numpy/core/_methods.py:118: RuntimeWarning: overflow encountered in reduce
  ret = umr_sum(arr, axis, dtype, out, keepdims, where=where)
Traceback (most recent call last):
  File "/Users/liyingnceas/GitHub/GNN-RNN-main/gnn-lstm-v3/main.py", line 492, in <module>
    train_rolling_windowed(args)
  File "/Users/liyingnceas/GitHub/GNN-RNN-main/gnn-lstm-v3/train.py", line 1766, in train_rolling_windowed
    cur_step, train_metrics, train_results = train_epoch_windowed(
  File "/Users/liyingnceas/GitHub/GNN-RNN-main/gnn-lstm-v3/train.py", line 1483, in train_epoch_windowed
    metrics  = eval(all_pred, all_Y, args)
  File "/Users/liyingnceas/GitHub/GNN-RNN-main/gnn-lstm-v3/train.py", line 129, in eval
    metrics['r2']   = r2_score(Y_np, pred_np)
  File "/Users/liyingnceas/anaconda3/envs/gnnrnn/lib/python3.10/site-packages/sklearn/utils/_param_validation.py", line 218, in wrapper
    return func(*args, **kwargs)
  File "/Users/liyingnceas/anaconda3/envs/gnnrnn/lib/python3.10/site-packages/sklearn/metrics/_regression.py", line 1276, in r2_score
    _check_reg_targets_with_floating_dtype(
  File "/Users/liyingnceas/anaconda3/envs/gnnrnn/lib/python3.10/site-packages/sklearn/metrics/_regression.py", line 209, in _check_reg_targets_with_floating_dtype
    y_type, y_true, y_pred, sample_weight, multioutput = _check_reg_targets(
  File "/Users/liyingnceas/anaconda3/envs/gnnrnn/lib/python3.10/site-packages/sklearn/metrics/_regression.py", line 115, in _check_reg_targets
    y_true = check_array(y_true, ensure_2d=False, dtype=dtype)
  File "/Users/liyingnceas/anaconda3/envs/gnnrnn/lib/python3.10/site-packages/sklearn/utils/validation.py", line 1105, in check_array
    _assert_all_finite(
  File "/Users/liyingnceas/anaconda3/envs/gnnrnn/lib/python3.10/site-packages/sklearn/utils/validation.py", line 120, in _assert_all_finite
    _assert_all_finite_element_wise(
  File "/Users/liyingnceas/anaconda3/envs/gnnrnn/lib/python3.10/site-packages/sklearn/utils/validation.py", line 169, in _assert_all_finite_element_wise
    raise ValueError(msg_err)
ValueError: Input contains infinity or a value too large for dtype('float32').
