Device cpu
  [prevalence_target_min=0.05] Promoted 31 community species to targets. Total targets: 45. Demoted 61 rare species to input features.
FIM targets: 45 life-stage species (_A/_R/_SA/_J)
FIM forage (input only): []
FIM community species as input features: 61
FIM n_env_feats: 58
HybridEncoder individual_indices: 0 features
HybridEncoder group_slices: [(0, 61, 'other_species'), (61, 67, 'env'), (67, 75, 'restoration'), (75, 82, 'habitat_structured'), (82, 89, 'habitat_open'), (89, 96, 'shoreline'), (96, 99, 'water_effort'), (99, 113, 'bycatch'), (113, 119, 'na_indicators')]
FIM dataset: 45 species, time_intervals=1
Time intervals 1

================================================================
Rolling-windowed  test_year=2010
  Val  : 2009
  Test : 2010
  win_size=3  n_windows=10
================================================================
Initially data (54319, 166)
After filtering (24937, 166)
get_X_Y
X shape (24937, 119)
Y shape (24937, 45)
Y (output) means tensor([[0.1447, 0.0127, 0.2670, 0.1674, 0.0142, 0.0624, 0.1688, 0.6403, 0.8419,
         0.0218, 0.0433, 0.0141, 0.0743, 0.1473, 1.0253, 0.9296, 0.3659, 0.0697,
         0.0991, 0.1237, 0.1138, 0.4133, 0.9961, 0.4017, 0.1961, 0.1631, 0.2287,
         0.4237, 0.1473, 0.1708, 0.4009, 0.4735, 0.0816, 0.2016, 0.2990, 0.6411,
         0.0819, 0.5361, 0.1499, 0.1538, 0.2455, 0.0967, 0.1378, 0.1378, 0.1352]]) stds tensor([[0.4759, 0.1425, 0.6450, 0.5957, 0.1432, 0.3048, 0.5325, 1.4282, 1.5683,
         0.1856, 0.2852, 0.1612, 0.4045, 0.4611, 2.1130, 1.6207, 0.8917, 0.4013,
         0.4139, 0.5021, 0.4479, 1.2119, 1.7277, 0.9473, 0.5522, 0.6119, 0.7063,
         1.1073, 0.7310, 0.5803, 1.0032, 1.0510, 0.4199, 0.8173, 0.7432, 1.3859,
         0.3943, 1.0639, 0.5546, 0.4535, 0.7875, 0.3237, 0.4091, 0.4932, 0.3811]])
Y count-scale means tensor([[4.7995e-01, 3.8462e-02, 1.0546e+00, 9.2712e-01, 3.8750e-02, 1.9678e-01,
         6.3365e-01, 1.4055e+01, 2.7378e+01, 6.5048e-02, 1.8567e-01, 4.8798e-02,
         5.0606e-01, 4.4933e-01, 2.7225e+02, 2.0047e+01, 3.0278e+00, 4.2231e-01,
         3.7707e-01, 6.7000e-01, 4.7822e-01, 1.6869e+01, 3.3809e+01, 3.3352e+00,
         6.7707e-01, 1.3294e+00, 1.6736e+00, 8.3841e+00, 1.0635e+01, 1.6151e+00,
         3.6877e+00, 4.3880e+00, 4.9111e-01, 6.6096e+00, 1.4438e+00, 2.4749e+01,
         3.8995e-01, 6.4391e+00, 9.3832e-01, 4.7606e-01, 2.7440e+00, 1.9995e-01,
         3.3154e-01, 5.6971e-01, 2.8462e-01]]) stds tensor([[3.2201e+00, 6.9984e-01, 6.2948e+00, 7.0654e+00, 6.5841e-01, 2.0970e+00,
         4.1402e+00, 7.0738e+01, 1.8693e+02, 8.7345e-01, 2.7362e+00, 8.0355e-01,
         9.2696e+00, 2.7550e+00, 3.1861e+03, 9.3559e+01, 2.1775e+01, 4.3966e+00,
         3.1187e+00, 6.8199e+00, 4.2412e+00, 2.0322e+02, 2.6768e+02, 1.9449e+01,
         3.6295e+00, 1.8637e+01, 1.6226e+01, 8.1280e+01, 3.2809e+02, 5.2445e+01,
         1.7698e+01, 2.4202e+01, 5.9881e+00, 1.3068e+02, 7.7699e+00, 4.5895e+02,
         5.8421e+00, 7.6858e+01, 1.0233e+01, 5.7896e+00, 2.6420e+01, 9.0255e-01,
         1.5608e+00, 4.6014e+00, 1.1253e+00]])
Loaded per-window (calendar) month weights from analysis/figures/month_weights_per_window.npz: cube.shape=(25, 12, 45)
/Users/liyingnceas/GitHub/GNN-RNN-main/gnn-lstm-v3/utils/data_utils.py:264: RuntimeWarning: Mean of empty slice
  np.nanmean(county_dict[county], axis=0).astype(np.float32)
Filled 62371 missing (node, year) entries from neighbors or year averages
[2D] Station nodes: 586, adj nnz: 2905
[build_year_XY_windowed] data_start=1998, min_pred_year=2009, test_year=2010, win_size=3, n_windows=10
  built windows for T=2009
[build_year_XY_windowed] built windowed XY for 2 prediction years (2009–2010)
  GAT_RNN_V2: edge_feat_dim=3, n_heads=4, n_hidden=64

----- Epoch 0 (windowed) -----

###### Windowed train epoch 0 overall metrics
  loss: 0.2168 rmse: 24.145 r2: 0.002 corr: 0.057
***** Epoch 0 Val (windowed) *****
  loss: 0.0743 rmse: 24.120 r2: 0.004 corr: 0.079
********************
***** Epoch 0 Test (windowed) *****
  loss: 0.0746 rmse: 15.272 r2: 0.009 corr: 0.111
********************
  Epoch 0 done in 9.8s
  Saved best model → model/FIM_restoration_0412_stations_monthly/2010/gat-rnn-v2-windowed_bs-128_lr-0.001_maxepoch-50_testyear-2010_win-3_nwin-10_seed-0/model-0

----- Epoch 1 (windowed) -----

###### Windowed train epoch 1 overall metrics
  loss: 0.2142 rmse: 24.111 r2: 0.005 corr: 0.078
***** Epoch 1 Val (windowed) *****
  loss: 0.0737 rmse: 24.105 r2: 0.005 corr: 0.078
********************
***** Epoch 1 Test (windowed) *****
  loss: 0.0742 rmse: 15.251 r2: 0.012 corr: 0.112
********************
  Epoch 1 done in 9.6s
  Saved best model → model/FIM_restoration_0412_stations_monthly/2010/gat-rnn-v2-windowed_bs-128_lr-0.001_maxepoch-50_testyear-2010_win-3_nwin-10_seed-0/model-1

----- Epoch 2 (windowed) -----

###### Windowed train epoch 2 overall metrics
  loss: 0.2130 rmse: 24.108 r2: 0.005 corr: 0.073
***** Epoch 2 Val (windowed) *****
  loss: 0.0733 rmse: 24.118 r2: 0.004 corr: 0.066
********************
***** Epoch 2 Test (windowed) *****
  loss: 0.0736 rmse: 15.263 r2: 0.010 corr: 0.100
********************
  Epoch 2 done in 9.8s

----- Epoch 3 (windowed) -----

###### Windowed train epoch 3 overall metrics
  loss: 0.2124 rmse: 24.118 r2: 0.004 corr: 0.066
***** Epoch 3 Val (windowed) *****
  loss: 0.0730 rmse: 24.125 r2: 0.004 corr: 0.062
********************
***** Epoch 3 Test (windowed) *****
  loss: 0.0732 rmse: 15.271 r2: 0.009 corr: 0.095
********************
  Epoch 3 done in 9.6s

----- Epoch 4 (windowed) -----

###### Windowed train epoch 4 overall metrics
  loss: 0.2110 rmse: 24.123 r2: 0.004 corr: 0.063
***** Epoch 4 Val (windowed) *****
  loss: 0.0720 rmse: 24.109 r2: 0.005 corr: 0.073
********************
***** Epoch 4 Test (windowed) *****
  loss: 0.0722 rmse: 15.252 r2: 0.011 corr: 0.110
********************
  Epoch 4 done in 9.8s

----- Epoch 5 (windowed) -----

###### Windowed train epoch 5 overall metrics
  loss: 0.2091 rmse: 24.102 r2: 0.006 corr: 0.075
***** Epoch 5 Val (windowed) *****
  loss: 0.0710 rmse: 24.078 r2: 0.008 corr: 0.090
********************
***** Epoch 5 Test (windowed) *****
  loss: 0.0711 rmse: 15.218 r2: 0.016 corr: 0.128
********************
  Epoch 5 done in 9.6s
  Saved best model → model/FIM_restoration_0412_stations_monthly/2010/gat-rnn-v2-windowed_bs-128_lr-0.001_maxepoch-50_testyear-2010_win-3_nwin-10_seed-0/model-5

----- Epoch 6 (windowed) -----

###### Windowed train epoch 6 overall metrics
  loss: 0.2068 rmse: 24.096 r2: 0.006 corr: 0.078
***** Epoch 6 Val (windowed) *****
  loss: 0.0698 rmse: 24.051 r2: 0.010 corr: 0.103
********************
***** Epoch 6 Test (windowed) *****
  loss: 0.0700 rmse: 15.194 r2: 0.019 corr: 0.139
********************
  Epoch 6 done in 10.1s
  Saved best model → model/FIM_restoration_0412_stations_monthly/2010/gat-rnn-v2-windowed_bs-128_lr-0.001_maxepoch-50_testyear-2010_win-3_nwin-10_seed-0/model-6

----- Epoch 7 (windowed) -----

###### Windowed train epoch 7 overall metrics
  loss: 0.2050 rmse: 24.041 r2: 0.011 corr: 0.105
***** Epoch 7 Val (windowed) *****
  loss: 0.0687 rmse: 24.014 r2: 0.013 corr: 0.122
********************
***** Epoch 7 Test (windowed) *****
  loss: 0.0687 rmse: 15.154 r2: 0.024 corr: 0.160
********************
  Epoch 7 done in 9.7s
  Saved best model → model/FIM_restoration_0412_stations_monthly/2010/gat-rnn-v2-windowed_bs-128_lr-0.001_maxepoch-50_testyear-2010_win-3_nwin-10_seed-0/model-7

----- Epoch 8 (windowed) -----

###### Windowed train epoch 8 overall metrics
  loss: 0.2029 rmse: 23.993 r2: 0.015 corr: 0.125
***** Epoch 8 Val (windowed) *****
  loss: 0.0675 rmse: 23.985 r2: 0.015 corr: 0.131
********************
***** Epoch 8 Test (windowed) *****
  loss: 0.0677 rmse: 15.116 r2: 0.029 corr: 0.174
********************
  Epoch 8 done in 9.8s
  Saved best model → model/FIM_restoration_0412_stations_monthly/2010/gat-rnn-v2-windowed_bs-128_lr-0.001_maxepoch-50_testyear-2010_win-3_nwin-10_seed-0/model-8

----- Epoch 9 (windowed) -----

###### Windowed train epoch 9 overall metrics
  loss: 0.2011 rmse: 24.015 r2: 0.013 corr: 0.113
***** Epoch 9 Val (windowed) *****
  loss: 0.0666 rmse: 23.913 r2: 0.021 corr: 0.156
********************
***** Epoch 9 Test (windowed) *****
  loss: 0.0669 rmse: 15.041 r2: 0.038 corr: 0.202
********************
  Epoch 9 done in 9.8s
  Saved best model → model/FIM_restoration_0412_stations_monthly/2010/gat-rnn-v2-windowed_bs-128_lr-0.001_maxepoch-50_testyear-2010_win-3_nwin-10_seed-0/model-9

----- Epoch 10 (windowed) -----

###### Windowed train epoch 10 overall metrics
  loss: 0.1993 rmse: 23.893 r2: 0.023 corr: 0.153
***** Epoch 10 Val (windowed) *****
  loss: 0.0657 rmse: 23.871 r2: 0.025 corr: 0.166
********************
***** Epoch 10 Test (windowed) *****
  loss: 0.0661 rmse: 15.007 r2: 0.043 corr: 0.210
********************
  Epoch 10 done in 9.1s
  Saved best model → model/FIM_restoration_0412_stations_monthly/2010/gat-rnn-v2-windowed_bs-128_lr-0.001_maxepoch-50_testyear-2010_win-3_nwin-10_seed-0/model-10

----- Epoch 11 (windowed) -----

###### Windowed train epoch 11 overall metrics
  loss: 0.1976 rmse: 23.880 r2: 0.024 corr: 0.157
***** Epoch 11 Val (windowed) *****
  loss: 0.0652 rmse: 23.742 r2: 0.035 corr: 0.205
********************
***** Epoch 11 Test (windowed) *****
  loss: 0.0656 rmse: 14.892 r2: 0.058 corr: 0.247
********************
  Epoch 11 done in 9.1s
  Saved best model → model/FIM_restoration_0412_stations_monthly/2010/gat-rnn-v2-windowed_bs-128_lr-0.001_maxepoch-50_testyear-2010_win-3_nwin-10_seed-0/model-11

----- Epoch 12 (windowed) -----

###### Windowed train epoch 12 overall metrics
  loss: 0.1964 rmse: 23.794 r2: 0.031 corr: 0.176
***** Epoch 12 Val (windowed) *****
  loss: 0.0642 rmse: 23.767 r2: 0.033 corr: 0.194
********************
***** Epoch 12 Test (windowed) *****
  loss: 0.0646 rmse: 14.898 r2: 0.057 corr: 0.244
********************
  Epoch 12 done in 9.1s

----- Epoch 13 (windowed) -----

###### Windowed train epoch 13 overall metrics
  loss: 0.1950 rmse: 23.815 r2: 0.029 corr: 0.171
***** Epoch 13 Val (windowed) *****
  loss: 0.0639 rmse: 23.738 r2: 0.035 corr: 0.196
********************
***** Epoch 13 Test (windowed) *****
  loss: 0.0648 rmse: 14.884 r2: 0.059 corr: 0.246
********************
  Epoch 13 done in 9.9s
  Saved best model → model/FIM_restoration_0412_stations_monthly/2010/gat-rnn-v2-windowed_bs-128_lr-0.001_maxepoch-50_testyear-2010_win-3_nwin-10_seed-0/model-13

----- Epoch 14 (windowed) -----

###### Windowed train epoch 14 overall metrics
  loss: 0.1940 rmse: 23.769 r2: 0.033 corr: 0.182
***** Epoch 14 Val (windowed) *****
  loss: 0.0630 rmse: 23.561 r2: 0.050 corr: 0.242
********************
***** Epoch 14 Test (windowed) *****
  loss: 0.0630 rmse: 14.698 r2: 0.082 corr: 0.293
********************
  Epoch 14 done in 10.0s
  Saved best model → model/FIM_restoration_0412_stations_monthly/2010/gat-rnn-v2-windowed_bs-128_lr-0.001_maxepoch-50_testyear-2010_win-3_nwin-10_seed-0/model-14

----- Epoch 15 (windowed) -----

###### Windowed train epoch 15 overall metrics
  loss: 0.1922 rmse: 23.427 r2: 0.060 corr: 0.247
***** Epoch 15 Val (windowed) *****
  loss: 0.0620 rmse: 23.446 r2: 0.059 corr: 0.257
********************
***** Epoch 15 Test (windowed) *****
  loss: 0.0625 rmse: 14.657 r2: 0.087 corr: 0.299
********************
  Epoch 15 done in 9.3s
  Saved best model → model/FIM_restoration_0412_stations_monthly/2010/gat-rnn-v2-windowed_bs-128_lr-0.001_maxepoch-50_testyear-2010_win-3_nwin-10_seed-0/model-15

----- Epoch 16 (windowed) -----

###### Windowed train epoch 16 overall metrics
  loss: 0.1911 rmse: 23.674 r2: 0.041 corr: 0.202
***** Epoch 16 Val (windowed) *****
  loss: 0.0617 rmse: 23.307 r2: 0.070 corr: 0.266
********************
***** Epoch 16 Test (windowed) *****
  loss: 0.0623 rmse: 14.612 r2: 0.093 corr: 0.315
********************
  Epoch 16 done in 10.1s
  Saved best model → model/FIM_restoration_0412_stations_monthly/2010/gat-rnn-v2-windowed_bs-128_lr-0.001_maxepoch-50_testyear-2010_win-3_nwin-10_seed-0/model-16

----- Epoch 17 (windowed) -----

###### Windowed train epoch 17 overall metrics
  loss: 0.1901 rmse: 24.898 r2: -0.061 corr: 0.159
***** Epoch 17 Val (windowed) *****
  loss: 0.0610 rmse: 23.303 r2: 0.070 corr: 0.266
********************
***** Epoch 17 Test (windowed) *****
  loss: 0.0617 rmse: 14.641 r2: 0.089 corr: 0.307
********************
  Epoch 17 done in 10.3s
  Saved best model → model/FIM_restoration_0412_stations_monthly/2010/gat-rnn-v2-windowed_bs-128_lr-0.001_maxepoch-50_testyear-2010_win-3_nwin-10_seed-0/model-17

----- Epoch 18 (windowed) -----

###### Windowed train epoch 18 overall metrics
  loss: 0.1890 rmse: 24.962 r2: -0.067 corr: 0.166
***** Epoch 18 Val (windowed) *****
  loss: 0.0605 rmse: 23.412 r2: 0.062 corr: 0.259
********************
***** Epoch 18 Test (windowed) *****
  loss: 0.0610 rmse: 14.635 r2: 0.090 corr: 0.302
********************
  Epoch 18 done in 10.2s

----- Epoch 19 (windowed) -----

###### Windowed train epoch 19 overall metrics
  loss: 0.1876 rmse: 25.330 r2: -0.098 corr: 0.126
***** Epoch 19 Val (windowed) *****
  loss: 0.0599 rmse: 23.441 r2: 0.059 corr: 0.246
********************
***** Epoch 19 Test (windowed) *****
  loss: 0.0608 rmse: 14.772 r2: 0.073 corr: 0.286
********************
  Epoch 19 done in 10.6s

----- Epoch 20 (windowed) -----

###### Windowed train epoch 20 overall metrics
  loss: 0.1866 rmse: 23.854 r2: 0.026 corr: 0.206
***** Epoch 20 Val (windowed) *****
  loss: 0.0594 rmse: 23.436 r2: 0.060 corr: 0.248
********************
***** Epoch 20 Test (windowed) *****
  loss: 0.0605 rmse: 14.613 r2: 0.092 corr: 0.307
********************
  Epoch 20 done in 10.7s

----- Epoch 21 (windowed) -----

###### Windowed train epoch 21 overall metrics
  loss: 0.1855 rmse: 23.947 r2: 0.018 corr: 0.193
***** Epoch 21 Val (windowed) *****
  loss: 0.0589 rmse: 23.508 r2: 0.054 corr: 0.236
********************
***** Epoch 21 Test (windowed) *****
  loss: 0.0600 rmse: 14.772 r2: 0.073 corr: 0.275
********************
  Epoch 21 done in 10.0s

----- Epoch 22 (windowed) -----

###### Windowed train epoch 22 overall metrics
  loss: 0.1847 rmse: 24.374 r2: -0.017 corr: 0.187
***** Epoch 22 Val (windowed) *****
  loss: 0.0583 rmse: 23.495 r2: 0.055 corr: 0.238
********************
***** Epoch 22 Test (windowed) *****
  loss: 0.0593 rmse: 14.724 r2: 0.079 corr: 0.284
********************
  Epoch 22 done in 10.2s

----- Epoch 23 (windowed) -----

###### Windowed train epoch 23 overall metrics
  loss: 0.1834 rmse: 23.551 r2: 0.051 corr: 0.247
***** Epoch 23 Val (windowed) *****
  loss: 0.0577 rmse: 23.515 r2: 0.053 corr: 0.233
********************
***** Epoch 23 Test (windowed) *****
  loss: 0.0590 rmse: 14.656 r2: 0.087 corr: 0.299
********************
  Epoch 23 done in 9.4s

----- Epoch 24 (windowed) -----

###### Windowed train epoch 24 overall metrics
  loss: 0.1824 rmse: 23.871 r2: 0.025 corr: 0.181
***** Epoch 24 Val (windowed) *****
  loss: 0.0574 rmse: 23.513 r2: 0.054 corr: 0.234
********************
***** Epoch 24 Test (windowed) *****
  loss: 0.0587 rmse: 14.791 r2: 0.070 corr: 0.281
********************
  Epoch 24 done in 9.5s

----- Epoch 25 (windowed) -----

###### Windowed train epoch 25 overall metrics
  loss: 0.1812 rmse: 25.809 r2: -0.140 corr: 0.134
***** Epoch 25 Val (windowed) *****
  loss: 0.0569 rmse: 23.515 r2: 0.053 corr: 0.234
********************
***** Epoch 25 Test (windowed) *****
  loss: 0.0583 rmse: 14.724 r2: 0.079 corr: 0.285
********************
  Epoch 25 done in 10.2s

----- Epoch 26 (windowed) -----

###### Windowed train epoch 26 overall metrics
  loss: 0.1802 rmse: 24.604 r2: -0.036 corr: 0.139
***** Epoch 26 Val (windowed) *****
  loss: 0.0560 rmse: 23.505 r2: 0.054 corr: 0.236
********************
***** Epoch 26 Test (windowed) *****
  loss: 0.0576 rmse: 14.749 r2: 0.076 corr: 0.282
********************
  Epoch 26 done in 10.4s

----- Epoch 27 (windowed) -----

###### Windowed train epoch 27 overall metrics
  loss: 0.1791 rmse: 23.520 r2: 0.053 corr: 0.232
***** Epoch 27 Val (windowed) *****
  loss: 0.0556 rmse: 23.456 r2: 0.058 corr: 0.243
********************
***** Epoch 27 Test (windowed) *****
  loss: 0.0574 rmse: 14.740 r2: 0.077 corr: 0.290
********************
  Epoch 27 done in 10.5s

----- Epoch 28 (windowed) -----

###### Windowed train epoch 28 overall metrics
  loss: 0.1783 rmse: 23.902 r2: 0.022 corr: 0.179
***** Epoch 28 Val (windowed) *****
  loss: 0.0555 rmse: 23.374 r2: 0.065 corr: 0.255
********************
***** Epoch 28 Test (windowed) *****
  loss: 0.0574 rmse: 14.646 r2: 0.088 corr: 0.307
********************
  Epoch 28 done in 9.8s

----- Epoch 29 (windowed) -----

###### Windowed train epoch 29 overall metrics
  loss: 0.1780 rmse: 23.629 r2: 0.044 corr: 0.213
***** Epoch 29 Val (windowed) *****
  loss: 0.0548 rmse: 23.403 r2: 0.062 corr: 0.253
********************
***** Epoch 29 Test (windowed) *****
  loss: 0.0570 rmse: 14.664 r2: 0.086 corr: 0.312
********************
  Epoch 29 done in 9.6s

----- Epoch 30 (windowed) -----

###### Windowed train epoch 30 overall metrics
  loss: 0.1765 rmse: 24.224 r2: -0.005 corr: 0.144
***** Epoch 30 Val (windowed) *****
  loss: 0.0542 rmse: 23.322 r2: 0.069 corr: 0.266
********************
***** Epoch 30 Test (windowed) *****
  loss: 0.0569 rmse: 14.683 r2: 0.084 corr: 0.320
********************
  Epoch 30 done in 9.3s

----- Epoch 31 (windowed) -----

###### Windowed train epoch 31 overall metrics
  loss: 0.1759 rmse: 25.501 r2: -0.113 corr: 0.212
***** Epoch 31 Val (windowed) *****
  loss: 0.0544 rmse: 23.475 r2: 0.057 corr: 0.246
********************
***** Epoch 31 Test (windowed) *****
  loss: 0.0567 rmse: 14.673 r2: 0.085 corr: 0.296
********************
  Epoch 31 done in 9.4s

----- Epoch 32 (windowed) -----

###### Windowed train epoch 32 overall metrics
  loss: 0.1749 rmse: 23.822 r2: 0.029 corr: 0.201
***** Epoch 32 Val (windowed) *****
  loss: 0.0544 rmse: 23.515 r2: 0.053 corr: 0.258
********************
***** Epoch 32 Test (windowed) *****
  loss: 0.0572 rmse: 15.084 r2: 0.033 corr: 0.307
********************
  Epoch 32 done in 9.5s

----- Epoch 33 (windowed) -----

###### Windowed train epoch 33 overall metrics
  loss: 0.1747 rmse: 26.222 r2: -0.177 corr: 0.155
***** Epoch 33 Val (windowed) *****
  loss: 0.0533 rmse: 23.419 r2: 0.061 corr: 0.249
********************
***** Epoch 33 Test (windowed) *****
  loss: 0.0559 rmse: 14.615 r2: 0.092 corr: 0.310
********************
  Epoch 33 done in 9.8s

----- Epoch 34 (windowed) -----

###### Windowed train epoch 34 overall metrics
  loss: 0.1731 rmse: 23.633 r2: 0.044 corr: 0.238
***** Epoch 34 Val (windowed) *****
  loss: 0.0527 rmse: 23.374 r2: 0.065 corr: 0.257
********************
***** Epoch 34 Test (windowed) *****
  loss: 0.0555 rmse: 14.668 r2: 0.086 corr: 0.305
********************
  Epoch 34 done in 10.3s

----- Epoch 35 (windowed) -----

###### Windowed train epoch 35 overall metrics
  loss: 0.1725 rmse: 23.865 r2: 0.025 corr: 0.230
***** Epoch 35 Val (windowed) *****
  loss: 0.0525 rmse: 23.342 r2: 0.067 corr: 0.262
********************
***** Epoch 35 Test (windowed) *****
  loss: 0.0551 rmse: 14.701 r2: 0.082 corr: 0.298
********************
  Epoch 35 done in 10.0s

----- Epoch 36 (windowed) -----

###### Windowed train epoch 36 overall metrics
  loss: 0.1717 rmse: 23.635 r2: 0.044 corr: 0.212
***** Epoch 36 Val (windowed) *****
  loss: 0.0523 rmse: 23.429 r2: 0.060 corr: 0.249
********************
***** Epoch 36 Test (windowed) *****
  loss: 0.0554 rmse: 14.756 r2: 0.075 corr: 0.290
********************
  Epoch 36 done in 11.0s

----- Epoch 37 (windowed) -----

###### Windowed train epoch 37 overall metrics
  loss: 0.1710 rmse: 25.400 r2: -0.104 corr: 0.222
***** Epoch 37 Val (windowed) *****
  loss: 0.0518 rmse: 23.537 r2: 0.052 corr: 0.230
********************
***** Epoch 37 Test (windowed) *****
  loss: 0.0555 rmse: 14.769 r2: 0.073 corr: 0.284
********************
  Epoch 37 done in 10.4s

----- Epoch 38 (windowed) -----

###### Windowed train epoch 38 overall metrics
  loss: 0.1702 rmse: 23.665 r2: 0.041 corr: 0.232
***** Epoch 38 Val (windowed) *****
  loss: 0.0518 rmse: 23.511 r2: 0.054 corr: 0.233
********************
***** Epoch 38 Test (windowed) *****
  loss: 0.0547 rmse: 14.761 r2: 0.074 corr: 0.286
********************
  Epoch 38 done in 10.1s

----- Epoch 39 (windowed) -----

###### Windowed train epoch 39 overall metrics
  loss: 0.1695 rmse: 24.160 r2: 0.001 corr: 0.213
***** Epoch 39 Val (windowed) *****
  loss: 0.0509 rmse: 23.462 r2: 0.058 corr: 0.244
********************
***** Epoch 39 Test (windowed) *****
  loss: 0.0546 rmse: 14.810 r2: 0.068 corr: 0.292
********************
  Epoch 39 done in 10.4s

----- Epoch 40 (windowed) -----

###### Windowed train epoch 40 overall metrics
  loss: 0.1689 rmse: 26.164 r2: -0.172 corr: 0.186
***** Epoch 40 Val (windowed) *****
  loss: 0.0510 rmse: 23.516 r2: 0.053 corr: 0.238
********************
***** Epoch 40 Test (windowed) *****
  loss: 0.0553 rmse: 14.903 r2: 0.056 corr: 0.282
********************
  Epoch 40 done in 10.3s

----- Epoch 41 (windowed) -----

###### Windowed train epoch 41 overall metrics
  loss: 0.1685 rmse: 23.940 r2: 0.019 corr: 0.188
***** Epoch 41 Val (windowed) *****
  loss: 0.0510 rmse: 23.459 r2: 0.058 corr: 0.243
********************
***** Epoch 41 Test (windowed) *****
  loss: 0.0538 rmse: 14.835 r2: 0.065 corr: 0.283
********************
  Epoch 41 done in 10.5s

----- Epoch 42 (windowed) -----

###### Windowed train epoch 42 overall metrics
  loss: 0.1680 rmse: 23.851 r2: 0.026 corr: 0.183
***** Epoch 42 Val (windowed) *****
  loss: 0.0502 rmse: 23.495 r2: 0.055 corr: 0.246
********************
***** Epoch 42 Test (windowed) *****
  loss: 0.0549 rmse: 14.917 r2: 0.054 corr: 0.296
********************
  Epoch 42 done in 10.7s

----- Epoch 43 (windowed) -----

###### Windowed train epoch 43 overall metrics
  loss: 0.1671 rmse: 24.147 r2: 0.002 corr: 0.221
***** Epoch 43 Val (windowed) *****
  loss: 0.0506 rmse: 23.429 r2: 0.060 corr: 0.257
********************
***** Epoch 43 Test (windowed) *****
  loss: 0.0561 rmse: 14.917 r2: 0.054 corr: 0.295
********************
  Epoch 43 done in 10.5s

----- Epoch 44 (windowed) -----

###### Windowed train epoch 44 overall metrics
  loss: 0.1662 rmse: 26.256 r2: -0.180 corr: 0.226
***** Epoch 44 Val (windowed) *****
  loss: 0.0498 rmse: 23.473 r2: 0.057 corr: 0.242
********************
***** Epoch 44 Test (windowed) *****
  loss: 0.0549 rmse: 14.824 r2: 0.066 corr: 0.284
********************
  Epoch 44 done in 9.8s

----- Epoch 45 (windowed) -----

###### Windowed train epoch 45 overall metrics
  loss: 0.1657 rmse: 24.339 r2: -0.014 corr: 0.170
***** Epoch 45 Val (windowed) *****
  loss: 0.0495 rmse: 23.546 r2: 0.051 corr: 0.229
********************
***** Epoch 45 Test (windowed) *****
  loss: 0.0547 rmse: 14.913 r2: 0.055 corr: 0.267
********************
  Epoch 45 done in 9.8s

----- Epoch 46 (windowed) -----

###### Windowed train epoch 46 overall metrics
  loss: 0.1654 rmse: 24.621 r2: -0.038 corr: 0.167
***** Epoch 46 Val (windowed) *****
  loss: 0.0490 rmse: 23.518 r2: 0.053 corr: 0.234
********************
***** Epoch 46 Test (windowed) *****
  loss: 0.0537 rmse: 14.830 r2: 0.065 corr: 0.281
********************
  Epoch 46 done in 9.7s

----- Epoch 47 (windowed) -----

###### Windowed train epoch 47 overall metrics
  loss: 0.1650 rmse: 23.526 r2: 0.053 corr: 0.235
***** Epoch 47 Val (windowed) *****
  loss: 0.0491 rmse: 23.490 r2: 0.055 corr: 0.239
********************
***** Epoch 47 Test (windowed) *****
  loss: 0.0531 rmse: 14.853 r2: 0.062 corr: 0.288
********************
  Epoch 47 done in 9.4s

----- Epoch 48 (windowed) -----

###### Windowed train epoch 48 overall metrics
  loss: 0.1641 rmse: 27.529 r2: -0.297 corr: 0.135
***** Epoch 48 Val (windowed) *****
  loss: 0.0488 rmse: 23.415 r2: 0.061 corr: 0.250
********************
***** Epoch 48 Test (windowed) *****
  loss: 0.0532 rmse: 14.812 r2: 0.068 corr: 0.288
********************
  Epoch 48 done in 9.2s

----- Epoch 49 (windowed) -----

###### Windowed train epoch 49 overall metrics
  loss: 0.1632 rmse: 24.299 r2: -0.011 corr: 0.217
***** Epoch 49 Val (windowed) *****
  loss: 0.0483 rmse: 23.473 r2: 0.057 corr: 0.243
********************
***** Epoch 49 Test (windowed) *****
  loss: 0.0535 rmse: 14.909 r2: 0.055 corr: 0.284
********************
  Epoch 49 done in 9.6s
Fold done — best val RMSE=23.3031 test R²=0.0890 corr=0.3074

================================================================
Rolling-windowed  test_year=2011
  Val  : 2010
  Test : 2011
  win_size=3  n_windows=10
================================================================
Initially data (54319, 166)
After filtering (27035, 166)
get_X_Y
X shape (27035, 119)
Y shape (27035, 45)
Y (output) means tensor([[0.1433, 0.0123, 0.2580, 0.1637, 0.0142, 0.0620, 0.1670, 0.6468, 0.8690,
         0.0225, 0.0438, 0.0141, 0.0728, 0.1453, 1.0233, 0.9476, 0.3614, 0.0678,
         0.0969, 0.1199, 0.1116, 0.4128, 0.9893, 0.3953, 0.1965, 0.1619, 0.2300,
         0.4255, 0.1472, 0.1722, 0.4063, 0.4753, 0.0789, 0.2046, 0.2938, 0.6298,
         0.0815, 0.5302, 0.1489, 0.1537, 0.2539, 0.0989, 0.1329, 0.1388, 0.1357]]) stds tensor([[0.4733, 0.1385, 0.6345, 0.5865, 0.1426, 0.3028, 0.5300, 1.4344, 1.5972,
         0.1881, 0.2859, 0.1611, 0.4009, 0.4589, 2.1098, 1.6306, 0.8817, 0.3959,
         0.4078, 0.4903, 0.4395, 1.2075, 1.7242, 0.9377, 0.5496, 0.6107, 0.7061,
         1.1105, 0.7313, 0.5819, 1.0044, 1.0518, 0.4129, 0.8247, 0.7346, 1.3702,
         0.3929, 1.0575, 0.5502, 0.4522, 0.8024, 0.3294, 0.4019, 0.4936, 0.3823]])
Y count-scale means tensor([[4.7390e-01, 3.6249e-02, 1.0112e+00, 8.9239e-01, 3.8302e-02, 1.9247e-01,
         6.2641e-01, 1.4104e+01, 2.9596e+01, 6.6515e-02, 1.8295e-01, 4.9089e-02,
         4.9762e-01, 4.4552e-01, 2.6660e+02, 2.0438e+01, 2.9268e+00, 4.1071e-01,
         3.6372e-01, 6.2934e-01, 4.5539e-01, 1.6256e+01, 3.3960e+01, 3.2358e+00,
         6.6769e-01, 1.3167e+00, 1.6551e+00, 8.3635e+00, 1.0329e+01, 1.5776e+00,
         3.6536e+00, 4.3682e+00, 4.7587e-01, 6.9423e+00, 1.3987e+00, 2.3759e+01,
         3.8560e-01, 6.2606e+00, 9.1091e-01, 4.6910e-01, 2.8434e+00, 2.0811e-01,
         3.1891e-01, 5.6728e-01, 2.8707e-01]]) stds tensor([[3.1711e+00, 6.6853e-01, 6.0830e+00, 6.8677e+00, 6.4214e-01, 2.0271e+00,
         4.0717e+00, 7.0289e+01, 2.1602e+02, 8.7238e-01, 2.6325e+00, 8.1717e-01,
         9.0924e+00, 2.7965e+00, 3.0861e+03, 9.5310e+01, 2.1287e+01, 4.3133e+00,
         3.0221e+00, 6.5130e+00, 4.0636e+00, 1.9488e+02, 2.6721e+02, 1.8929e+01,
         3.5348e+00, 1.8044e+01, 1.5795e+01, 7.8964e+01, 3.1482e+02, 5.0309e+01,
         1.7370e+01, 2.3795e+01, 5.9225e+00, 1.3218e+02, 7.5360e+00, 4.4037e+02,
         5.7349e+00, 7.4028e+01, 9.8711e+00, 5.5553e+00, 2.6187e+01, 9.6126e-01,
         1.5259e+00, 4.4927e+00, 1.1650e+00]])
Loaded per-window (calendar) month weights from analysis/figures/month_weights_per_window.npz: cube.shape=(25, 12, 45)
/Users/liyingnceas/GitHub/GNN-RNN-main/gnn-lstm-v3/utils/data_utils.py:264: RuntimeWarning: Mean of empty slice
  np.nanmean(county_dict[county], axis=0).astype(np.float32)
Filled 67759 missing (node, year) entries from neighbors or year averages
[2D] Station nodes: 586, adj nnz: 2905
[build_year_XY_windowed] data_start=1998, min_pred_year=2009, test_year=2011, win_size=3, n_windows=10
  built windows for T=2009
[build_year_XY_windowed] built windowed XY for 3 prediction years (2009–2011)
  GAT_RNN_V2: edge_feat_dim=3, n_heads=4, n_hidden=64

----- Epoch 0 (windowed) -----

###### Windowed train epoch 0 overall metrics
  loss: 0.2157 rmse: 20.211 r2: 0.003 corr: 0.066
***** Epoch 0 Val (windowed) *****
  loss: 0.0738 rmse: 15.272 r2: 0.009 corr: 0.100
********************
***** Epoch 0 Test (windowed) *****
  loss: 0.0728 rmse: 26.374 r2: 0.004 corr: 0.065
********************
  Epoch 0 done in 14.3s
  Saved best model → model/FIM_restoration_0412_stations_monthly/2011/gat-rnn-v2-windowed_bs-128_lr-0.001_maxepoch-50_testyear-2011_win-3_nwin-10_seed-0/model-0

----- Epoch 1 (windowed) -----

###### Windowed train epoch 1 overall metrics
  loss: 0.2122 rmse: 20.190 r2: 0.005 corr: 0.074
***** Epoch 1 Val (windowed) *****
  loss: 0.0726 rmse: 15.252 r2: 0.012 corr: 0.112
********************
***** Epoch 1 Test (windowed) *****
  loss: 0.0717 rmse: 26.358 r2: 0.005 corr: 0.073
********************
  Epoch 1 done in 13.8s
  Saved best model → model/FIM_restoration_0412_stations_monthly/2011/gat-rnn-v2-windowed_bs-128_lr-0.001_maxepoch-50_testyear-2011_win-3_nwin-10_seed-0/model-1

----- Epoch 2 (windowed) -----

###### Windowed train epoch 2 overall metrics
  loss: 0.2095 rmse: 20.170 r2: 0.007 corr: 0.086
***** Epoch 2 Val (windowed) *****
  loss: 0.0707 rmse: 15.234 r2: 0.014 corr: 0.119
********************
***** Epoch 2 Test (windowed) *****
  loss: 0.0701 rmse: 26.348 r2: 0.006 corr: 0.076
********************
  Epoch 2 done in 14.1s
  Saved best model → model/FIM_restoration_0412_stations_monthly/2011/gat-rnn-v2-windowed_bs-128_lr-0.001_maxepoch-50_testyear-2011_win-3_nwin-10_seed-0/model-2

----- Epoch 3 (windowed) -----

###### Windowed train epoch 3 overall metrics
  loss: 0.2062 rmse: 20.161 r2: 0.008 corr: 0.090
***** Epoch 3 Val (windowed) *****
  loss: 0.0690 rmse: 15.204 r2: 0.018 corr: 0.135
********************
***** Epoch 3 Test (windowed) *****
  loss: 0.0687 rmse: 26.327 r2: 0.007 corr: 0.087
********************
  Epoch 3 done in 14.3s
  Saved best model → model/FIM_restoration_0412_stations_monthly/2011/gat-rnn-v2-windowed_bs-128_lr-0.001_maxepoch-50_testyear-2011_win-3_nwin-10_seed-0/model-3

----- Epoch 4 (windowed) -----

###### Windowed train epoch 4 overall metrics
  loss: 0.2034 rmse: 20.099 r2: 0.014 corr: 0.120
***** Epoch 4 Val (windowed) *****
  loss: 0.0675 rmse: 15.155 r2: 0.024 corr: 0.158
********************
***** Epoch 4 Test (windowed) *****
  loss: 0.0673 rmse: 26.290 r2: 0.010 corr: 0.104
********************
  Epoch 4 done in 14.9s
  Saved best model → model/FIM_restoration_0412_stations_monthly/2011/gat-rnn-v2-windowed_bs-128_lr-0.001_maxepoch-50_testyear-2011_win-3_nwin-10_seed-0/model-4

----- Epoch 5 (windowed) -----

###### Windowed train epoch 5 overall metrics
  loss: 0.2005 rmse: 20.088 r2: 0.015 corr: 0.124
***** Epoch 5 Val (windowed) *****
  loss: 0.0659 rmse: 15.088 r2: 0.033 corr: 0.185
********************
***** Epoch 5 Test (windowed) *****
  loss: 0.0660 rmse: 26.234 r2: 0.014 corr: 0.127
********************
  Epoch 5 done in 15.0s
  Saved best model → model/FIM_restoration_0412_stations_monthly/2011/gat-rnn-v2-windowed_bs-128_lr-0.001_maxepoch-50_testyear-2011_win-3_nwin-10_seed-0/model-5

----- Epoch 6 (windowed) -----

###### Windowed train epoch 6 overall metrics
  loss: 0.1980 rmse: 20.040 r2: 0.020 corr: 0.142
***** Epoch 6 Val (windowed) *****
  loss: 0.0649 rmse: 15.043 r2: 0.039 corr: 0.201
********************
***** Epoch 6 Test (windowed) *****
  loss: 0.0654 rmse: 26.206 r2: 0.016 corr: 0.137
********************
  Epoch 6 done in 14.7s
  Saved best model → model/FIM_restoration_0412_stations_monthly/2011/gat-rnn-v2-windowed_bs-128_lr-0.001_maxepoch-50_testyear-2011_win-3_nwin-10_seed-0/model-6

----- Epoch 7 (windowed) -----

###### Windowed train epoch 7 overall metrics
  loss: 0.1960 rmse: 19.966 r2: 0.027 corr: 0.166
***** Epoch 7 Val (windowed) *****
  loss: 0.0636 rmse: 14.947 r2: 0.051 corr: 0.229
********************
***** Epoch 7 Test (windowed) *****
  loss: 0.0636 rmse: 26.116 r2: 0.023 corr: 0.159
********************
  Epoch 7 done in 15.2s
  Saved best model → model/FIM_restoration_0412_stations_monthly/2011/gat-rnn-v2-windowed_bs-128_lr-0.001_maxepoch-50_testyear-2011_win-3_nwin-10_seed-0/model-7

----- Epoch 8 (windowed) -----

###### Windowed train epoch 8 overall metrics
  loss: 0.1938 rmse: 19.963 r2: 0.027 corr: 0.167
***** Epoch 8 Val (windowed) *****
  loss: 0.0628 rmse: 14.839 r2: 0.065 corr: 0.258
********************
***** Epoch 8 Test (windowed) *****
  loss: 0.0630 rmse: 26.033 r2: 0.029 corr: 0.181
********************
  Epoch 8 done in 15.2s
  Saved best model → model/FIM_restoration_0412_stations_monthly/2011/gat-rnn-v2-windowed_bs-128_lr-0.001_maxepoch-50_testyear-2011_win-3_nwin-10_seed-0/model-8

----- Epoch 9 (windowed) -----

###### Windowed train epoch 9 overall metrics
  loss: 0.1914 rmse: 19.830 r2: 0.040 corr: 0.203
***** Epoch 9 Val (windowed) *****
  loss: 0.0617 rmse: 14.807 r2: 0.069 corr: 0.266
********************
***** Epoch 9 Test (windowed) *****
  loss: 0.0622 rmse: 25.981 r2: 0.033 corr: 0.185
********************
  Epoch 9 done in 15.3s
  Saved best model → model/FIM_restoration_0412_stations_monthly/2011/gat-rnn-v2-windowed_bs-128_lr-0.001_maxepoch-50_testyear-2011_win-3_nwin-10_seed-0/model-9

----- Epoch 10 (windowed) -----

###### Windowed train epoch 10 overall metrics
  loss: 0.1898 rmse: 19.876 r2: 0.036 corr: 0.208
***** Epoch 10 Val (windowed) *****
  loss: 0.0606 rmse: 14.752 r2: 0.076 corr: 0.278
********************
***** Epoch 10 Test (windowed) *****
  loss: 0.0613 rmse: 25.930 r2: 0.037 corr: 0.195
********************
  Epoch 10 done in 14.9s
  Saved best model → model/FIM_restoration_0412_stations_monthly/2011/gat-rnn-v2-windowed_bs-128_lr-0.001_maxepoch-50_testyear-2011_win-3_nwin-10_seed-0/model-10

----- Epoch 11 (windowed) -----

###### Windowed train epoch 11 overall metrics
  loss: 0.1875 rmse: 20.004 r2: 0.024 corr: 0.209
***** Epoch 11 Val (windowed) *****
  loss: 0.0596 rmse: 14.720 r2: 0.080 corr: 0.286
********************
***** Epoch 11 Test (windowed) *****
  loss: 0.0613 rmse: 25.876 r2: 0.041 corr: 0.206
********************
  Epoch 11 done in 14.7s
  Saved best model → model/FIM_restoration_0412_stations_monthly/2011/gat-rnn-v2-windowed_bs-128_lr-0.001_maxepoch-50_testyear-2011_win-3_nwin-10_seed-0/model-11

----- Epoch 12 (windowed) -----

###### Windowed train epoch 12 overall metrics
  loss: 0.1858 rmse: 19.686 r2: 0.054 corr: 0.235
***** Epoch 12 Val (windowed) *****
  loss: 0.0588 rmse: 14.764 r2: 0.074 corr: 0.282
********************
***** Epoch 12 Test (windowed) *****
  loss: 0.0614 rmse: 25.875 r2: 0.041 corr: 0.204
********************
  Epoch 12 done in 15.1s

----- Epoch 13 (windowed) -----

###### Windowed train epoch 13 overall metrics
  loss: 0.1837 rmse: 19.693 r2: 0.054 corr: 0.234
***** Epoch 13 Val (windowed) *****
  loss: 0.0578 rmse: 14.690 r2: 0.083 corr: 0.291
********************
***** Epoch 13 Test (windowed) *****
  loss: 0.0604 rmse: 25.870 r2: 0.041 corr: 0.207
********************
  Epoch 13 done in 14.8s
  Saved best model → model/FIM_restoration_0412_stations_monthly/2011/gat-rnn-v2-windowed_bs-128_lr-0.001_maxepoch-50_testyear-2011_win-3_nwin-10_seed-0/model-13

----- Epoch 14 (windowed) -----

###### Windowed train epoch 14 overall metrics
  loss: 0.1819 rmse: 19.721 r2: 0.051 corr: 0.235
***** Epoch 14 Val (windowed) *****
  loss: 0.0567 rmse: 14.586 r2: 0.096 corr: 0.315
********************
***** Epoch 14 Test (windowed) *****
