=== Run: run_h ===
  Note: CSV values are already in count scale (back-transformed at training time)
Discovered 12 target species
  loaded year 2010: 7,032 rows
  loaded year 2011: 7,032 rows
  loaded year 2012: 7,044 rows
  loaded year 2013: 7,044 rows
  loaded year 2014: 7,044 rows
  loaded year 2015: 7,044 rows
  loaded year 2016: 7,152 rows
  loaded year 2017: 7,152 rows
  loaded year 2018: 7,152 rows
  loaded year 2019: 7,152 rows
  loaded year 2020: 7,152 rows
  loaded year 2021: 7,152 rows
  loaded year 2022: 7,152 rows
  loaded year 2023: 7,152 rows
  loaded year 2024: 7,152 rows
  overlaying RAW observed counts from /Users/liyingnceas/GitHub/GNN-RNN-main/gnn-lstm-v4/../data/FIM_restoration_0412G_stations_monthly.npz
  raw observed counts overlaid for 12 species

Total rows pooled: 106,608 across 15 folds

  Building winsorized copy (95th pct of nonzero, pred+obs)
Saved: /Users/liyingnceas/GitHub/GNN-RNN-main/gnn-lstm-v4/analysis/figures/run_h/trends/trend_annual_raw.png + .pdf
Saved: /Users/liyingnceas/GitHub/GNN-RNN-main/gnn-lstm-v4/analysis/figures/run_h/trends/trend_seasonal_raw.png + .pdf
Saved: /Users/liyingnceas/GitHub/GNN-RNN-main/gnn-lstm-v4/analysis/figures/run_h/trends/trend_annual_winsor95.png + .pdf
Saved: /Users/liyingnceas/GitHub/GNN-RNN-main/gnn-lstm-v4/analysis/figures/run_h/trends/trend_seasonal_winsor95.png + .pdf

Saved: /Users/liyingnceas/GitHub/GNN-RNN-main/gnn-lstm-v4/analysis/figures/run_h/trends/trend_metrics.csv
